Script started on 2020-01-30 15:33:12-05:00 [TERM="xterm-256color" TTY="/dev/pts/0" COLUMNS="80" LINES="24"]
bash: /home/umrigar/cs240/bin/student.rc: Permission denied
aceylan1@g7-05:~/i240a/submit/lab1$ git [K[K[K[Kcp -r ~/cs240/labs/lab1/exercises/*
cp: missing destination file operand after '/home/aceylan1/cs240/labs/lab1/exercises/*'
Try 'cp --help' for more information.
aceylan1@g7-05:~/i240a/submit/lab1$ gi[K[Kgit pull
Username for 'https://github.com': aceylan19
Password for 'https://aceylan19@github.com': 
There is no tracking information for the current branch.
Please specify which branch you want to merge with.
See git-pull(1) for details.

    git pull <remote> <branch>

If you wish to set tracking information for this branch you can do so with:

    git branch --set-upstream-to=origin/<branch> lab1

aceylan1@g7-05:~/i240a/submit/lab1$ cd ~/cs``[K[K240
cs240/  cs240.  
aceylan1@g7-05:~/i240a/submit/lab1$ cd ~/cs240
cs240/  cs240.  
aceylan1@g7-05:~/i240a/submit/lab1$ cd ~/cs240
cs240/  cs240.  
aceylan1@g7-05:~/i240a/submit/lab1$ cd ~/cs240/
aceylan1@g7-05:~/cs240$ git pull
fatal: not a git repository (or any parent up to mount point /import)
Stopping at filesystem boundary (GIT_DISCOVERY_ACROSS_FILESYSTEM not set).
aceylan1@g7-05:~/cs240$ git clone ssh://user@remote.cs.binghamton.edu/~umrigar/git-repos/cs240.git
Cloning into 'cs240'...
Warning: Permanently added the ECDSA host key for IP address '128.226.114.204' to the list of known hosts.
user@remote.cs.binghamton.edu's password: 
Permission denied, please try again.
user@remote.cs.binghamton.edu's password: 
Permission denied, please try again.
user@remote.cs.binghamton.edu's password: 
user@remote.cs.binghamton.edu: Permission denied (publickey,gssapi-keyex,gssapi-with-mic,password).
fatal: Could not read from remote repository.

Please make sure you have the correct access rights
and the repository exists.
aceylan1@g7-05:~/cs240$ git clone 
fatal: You must specify a repository to clone.

usage: git clone [<options>] [--] <repo> [<dir>]

    -v, --verbose         be more verbose
    -q, --quiet           be more quiet
    --progress            force progress reporting
    -n, --no-checkout     don't create a checkout
    --bare                create a bare repository
    --mirror              create a mirror repository (implies bare)
    -l, --local           to clone from a local repository
    --no-hardlinks        don't use local hardlinks, always copy
    -s, --shared          setup as shared repository
    --recurse-submodules[=<pathspec>]
                          initialize submodules in the clone
    -j, --jobs <n>        number of submodules cloned in parallel
    --template <template-directory>
                          directory from which templates will be used
    --reference <repo>    reference repository
    --reference-if-able <repo>
                          reference repository
    --dissociate          use --reference only while cloning
    -o, --origin <name>   use <name> instead of 'origin' to track upstream
    -b, --branch <branch>
                          checkout <branch> instead of the remote's HEAD
    -u, --upload-pack <path>
                          path to git-upload-pack on the remote
    --depth <depth>       create a shallow clone of that depth
    --shallow-since <time>
                          create a shallow clone since a specific time
    --shallow-exclude <revision>
                          deepen history of shallow clone, excluding rev
    --single-branch       clone only one branch, HEAD or --branch
    --no-tags             don't clone any tags, and make later fetches not to follow them
    --shallow-submodules  any cloned submodules will be shallow
    --separate-git-dir <gitdir>
                          separate git dir from working tree
    -c, --config <key=value>
                          set config inside the new repository
    -4, --ipv4            use IPv4 addresses only
    -6, --ipv6            use IPv6 addresses only
    --filter <args>       object filtering

aceylan1@g7-05:~/cs240$ git clone ssh://user@remote.cs.binghamton.edu/~umrigar/git-repos/cs240.git
Cloning into 'cs240'...
user@remote.cs.binghamton.edu's password: 
Permission denied, please try again.
user@remote.cs.binghamton.edu's password: 
Permission denied, please try again.
user@remote.cs.binghamton.edu's password: 
user@remote.cs.binghamton.edu: Permission denied (publickey,gssapi-keyex,gssapi-with-mic,password).
fatal: Could not read from remote repository.

Please make sure you have the correct access rights
and the repository exists.
aceylan1@g7-05:~/cs240$ git clp[Kone ssh://aceylan1@remote.cs.binghamton.edu/~umrigar/git-repos/cs240.git
Cloning into 'cs240'...
Warning: Permanently added the ECDSA host key for IP address '128.226.114.203' to the list of known hosts.
/home/aceylan1/.bashrc: line 1: /home/umrigar/cs240/bin/student.rc: Permission denied
remote: Enumerating objects: 352, done.[K
remote: Counting objects:   0% (1/352)   [Kremote: Counting objects:   1% (4/352)   [Kremote: Counting objects:   2% (8/352)   [Kremote: Counting objects:   3% (11/352)   [Kremote: Counting objects:   4% (15/352)   [Kremote: Counting objects:   5% (18/352)   [Kremote: Counting objects:   6% (22/352)   [Kremote: Counting objects:   7% (25/352)   [Kremote: Counting objects:   8% (29/352)   [Kremote: Counting objects:   9% (32/352)   [Kremote: Counting objects:  10% (36/352)   [Kremote: Counting objects:  11% (39/352)   [Kremote: Counting objects:  12% (43/352)   [Kremote: Counting objects:  13% (46/352)   [Kremote: Counting objects:  14% (50/352)   [Kremote: Counting objects:  15% (53/352)   [Kremote: Counting objects:  16% (57/352)   [Kremote: Counting objects:  17% (60/352)   [Kremote: Counting objects:  18% (64/352)   [Kremote: Counting objects:  19% (67/352)   [Kremote: Counting objects:  20% (71/352)   [Kremote: Counting objects:  21% (74/352)   [Kremote: Counting objects:  22% (78/352)   [Kremote: Counting objects:  23% (81/352)   [Kremote: Counting objects:  24% (85/352)   [Kremote: Counting objects:  25% (88/352)   [Kremote: Counting objects:  26% (92/352)   [Kremote: Counting objects:  27% (96/352)   [Kremote: Counting objects:  28% (99/352)   [Kremote: Counting objects:  29% (103/352)   [Kremote: Counting objects:  30% (106/352)   [Kremote: Counting objects:  31% (110/352)   [Kremote: Counting objects:  32% (113/352)   [Kremote: Counting objects:  33% (117/352)   [Kremote: Counting objects:  34% (120/352)   [Kremote: Counting objects:  35% (124/352)   [Kremote: Counting objects:  36% (127/352)   [Kremote: Counting objects:  37% (131/352)   [Kremote: Counting objects:  38% (134/352)   [Kremote: Counting objects:  39% (138/352)   [Kremote: Counting objects:  40% (141/352)   [Kremote: Counting objects:  41% (145/352)   [Kremote: Counting objects:  42% (148/352)   [Kremote: Counting objects:  43% (152/352)   [Kremote: Counting objects:  44% (155/352)   [Kremote: Counting objects:  45% (159/352)   [Kremote: Counting objects:  46% (162/352)   [Kremote: Counting objects:  47% (166/352)   [Kremote: Counting objects:  48% (169/352)   [Kremote: Counting objects:  49% (173/352)   [Kremote: Counting objects:  50% (176/352)   [Kremote: Counting objects:  51% (180/352)   [Kremote: Counting objects:  52% (184/352)   [Kremote: Counting objects:  53% (187/352)   [Kremote: Counting objects:  54% (191/352)   [Kremote: Counting objects:  55% (194/352)   [Kremote: Counting objects:  56% (198/352)   [Kremote: Counting objects:  57% (201/352)   [Kremote: Counting objects:  58% (205/352)   [Kremote: Counting objects:  59% (208/352)   [Kremote: Counting objects:  60% (212/352)   [Kremote: Counting objects:  61% (215/352)   [Kremote: Counting objects:  62% (219/352)   [Kremote: Counting objects:  63% (222/352)   [Kremote: Counting objects:  64% (226/352)   [Kremote: Counting objects:  65% (229/352)   [Kremote: Counting objects:  66% (233/352)   [Kremote: Counting objects:  67% (236/352)   [Kremote: Counting objects:  68% (240/352)   [Kremote: Counting objects:  69% (243/352)   [Kremote: Counting objects:  70% (247/352)   [Kremote: Counting objects:  71% (250/352)   [Kremote: Counting objects:  72% (254/352)   [Kremote: Counting objects:  73% (257/352)   [Kremote: Counting objects:  74% (261/352)   [Kremote: Counting objects:  75% (264/352)   [Kremote: Counting objects:  76% (268/352)   [Kremote: Counting objects:  77% (272/352)   [Kremote: Counting objects:  78% (275/352)   [Kremote: Counting objects:  79% (279/352)   [Kremote: Counting objects:  80% (282/352)   [Kremote: Counting objects:  81% (286/352)   [Kremote: Counting objects:  82% (289/352)   [Kremote: Counting objects:  83% (293/352)   [Kremote: Counting objects:  84% (296/352)   [Kremote: Counting objects:  85% (300/352)   [Kremote: Counting objects:  86% (303/352)   [Kremote: Counting objects:  87% (307/352)   [Kremote: Counting objects:  88% (310/352)   [Kremote: Counting objects:  89% (314/352)   [Kremote: Counting objects:  90% (317/352)   [Kremote: Counting objects:  91% (321/352)   [Kremote: Counting objects:  92% (324/352)   [Kremote: Counting objects:  93% (328/352)   [Kremote: Counting objects:  94% (331/352)   [Kremote: Counting objects:  95% (335/352)   [Kremote: Counting objects:  96% (338/352)   [Kremote: Counting objects:  97% (342/352)   [Kremote: Counting objects:  98% (345/352)   [Kremote: Counting objects:  99% (349/352)   [Kremote: Counting objects: 100% (352/352)   [Kremote: Counting objects: 100% (352/352), done.[K
remote: Compressing objects:   0% (1/336)   [Kremote: Compressing objects:   1% (4/336)   [Kremote: Compressing objects:   2% (7/336)   [Kremote: Compressing objects:   3% (11/336)   [Kremote: Compressing objects:   4% (14/336)   [Kremote: Compressing objects:   5% (17/336)   [Kremote: Compressing objects:   6% (21/336)   [Kremote: Compressing objects:   7% (24/336)   [Kremote: Compressing objects:   8% (27/336)   [Kremote: Compressing objects:   9% (31/336)   [Kremote: Compressing objects:  10% (34/336)   [Kremote: Compressing objects:  11% (37/336)   [Kremote: Compressing objects:  12% (41/336)   [Kremote: Compressing objects:  13% (44/336)   [Kremote: Compressing objects:  14% (48/336)   [Kremote: Compressing objects:  15% (51/336)   [Kremote: Compressing objects:  16% (54/336)   [Kremote: Compressing objects:  17% (58/336)   [Kremote: Compressing objects:  18% (61/336)   [Kremote: Compressing objects:  19% (64/336)   [Kremote: Compressing objects:  20% (68/336)   [Kremote: Compressing objects:  21% (71/336)   [Kremote: Compressing objects:  22% (74/336)   [Kremote: Compressing objects:  23% (78/336)   [Kremote: Compressing objects:  24% (81/336)   [Kremote: Compressing objects:  25% (84/336)   [Kremote: Compressing objects:  26% (88/336)   [Kremote: Compressing objects:  27% (91/336)   [Kremote: Compressing objects:  28% (95/336)   [Kremote: Compressing objects:  29% (98/336)   [Kremote: Compressing objects:  30% (101/336)   [Kremote: Compressing objects:  31% (105/336)   [Kremote: Compressing objects:  32% (108/336)   [Kremote: Compressing objects:  33% (111/336)   [Kremote: Compressing objects:  34% (115/336)   [Kremote: Compressing objects:  35% (118/336)   [Kremote: Compressing objects:  36% (121/336)   [Kremote: Compressing objects:  37% (125/336)   [Kremote: Compressing objects:  38% (128/336)   [Kremote: Compressing objects:  39% (132/336)   [Kremote: Compressing objects:  40% (135/336)   [Kremote: Compressing objects:  41% (138/336)   [Kremote: Compressing objects:  42% (142/336)   [Kremote: Compressing objects:  43% (145/336)   [Kremote: Compressing objects:  44% (148/336)   [Kremote: Compressing objects:  45% (152/336)   [Kremote: Compressing objects:  46% (155/336)   [Kremote: Compressing objects:  47% (158/336)   [Kremote: Compressing objects:  48% (162/336)   [Kremote: Compressing objects:  49% (165/336)   [Kremote: Compressing objects:  50% (168/336)   [Kremote: Compressing objects:  51% (172/336)   [Kremote: Compressing objects:  52% (175/336)   [Kremote: Compressing objects:  53% (179/336)   [Kremote: Compressing objects:  54% (182/336)   [Kremote: Compressing objects:  55% (185/336)   [Kremote: Compressing objects:  56% (189/336)   [Kremote: Compressing objects:  57% (192/336)   [Kremote: Compressing objects:  58% (195/336)   [Kremote: Compressing objects:  59% (199/336)   [Kremote: Compressing objects:  60% (202/336)   [Kremote: Compressing objects:  61% (205/336)   [Kremote: Compressing objects:  62% (209/336)   [Kremote: Compressing objects:  63% (212/336)   [Kremote: Compressing objects:  64% (216/336)   [Kremote: Compressing objects:  65% (219/336)   [Kremote: Compressing objects:  66% (222/336)   [Kremote: Compressing objects:  67% (226/336)   [Kremote: Compressing objects:  68% (229/336)   [Kremote: Compressing objects:  69% (232/336)   [Kremote: Compressing objects:  70% (236/336)   [Kremote: Compressing objects:  71% (239/336)   [Kremote: Compressing objects:  72% (242/336)   [Kremote: Compressing objects:  73% (246/336)   [Kremote: Compressing objects:  74% (249/336)   [Kremote: Compressing objects:  75% (252/336)   [Kremote: Compressing objects:  76% (256/336)   [Kremote: Compressing objects:  77% (259/336)   [Kremote: Compressing objects:  78% (263/336)   [Kremote: Compressing objects:  79% (266/336)   [Kremote: Compressing objects:  80% (269/336)   [Kremote: Compressing objects:  81% (273/336)   [Kremote: Compressing objects:  82% (276/336)   [Kremote: Compressing objects:  83% (279/336)   [Kremote: Compressing objects:  84% (283/336)   [Kremote: Compressing objects:  85% (286/336)   [Kremote: Compressing objects:  86% (289/336)   [Kremote: Compressing objects:  87% (293/336)   [Kremote: Compressing objects:  88% (296/336)   [Kremote: Compressing objects:  89% (300/336)   [Kremote: Compressing objects:  90% (303/336)   [Kremote: Compressing objects:  91% (306/336)   [Kremote: Compressing objects:  92% (310/336)   [Kremote: Compressing objects:  93% (313/336)   [Kremote: Compressing objects:  94% (316/336)   [Kremote: Compressing objects:  95% (320/336)   [Kremote: Compressing objects:  96% (323/336)   [Kremote: Compressing objects:  97% (326/336)   [Kremote: Compressing objects:  98% (330/336)   [Kremote: Compressing objects:  99% (333/336)   [Kremote: Compressing objects: 100% (336/336)   [Kremote: Compressing objects: 100% (336/336), done.[K
Receiving objects:   0% (1/352)   Receiving objects:   1% (4/352)   Receiving objects:   2% (8/352)   Receiving objects:   3% (11/352)   Receiving objects:   4% (15/352)   Receiving objects:   5% (18/352)   Receiving objects:   6% (22/352)   Receiving objects:   7% (25/352)   Receiving objects:   8% (29/352)   Receiving objects:   9% (32/352)   Receiving objects:  10% (36/352)   Receiving objects:  11% (39/352)   Receiving objects:  12% (43/352)   Receiving objects:  13% (46/352)   Receiving objects:  14% (50/352)   Receiving objects:  15% (53/352)   Receiving objects:  16% (57/352)   Receiving objects:  17% (60/352)   Receiving objects:  18% (64/352)   Receiving objects:  19% (67/352)   Receiving objects:  20% (71/352)   Receiving objects:  21% (74/352)   Receiving objects:  22% (78/352)   Receiving objects:  23% (81/352)   Receiving objects:  24% (85/352)   Receiving objects:  25% (88/352)   Receiving objects:  26% (92/352)   Receiving objects:  27% (96/352)   Receiving objects:  28% (99/352)   Receiving objects:  29% (103/352)   Receiving objects:  30% (106/352)   Receiving objects:  31% (110/352)   Receiving objects:  32% (113/352)   Receiving objects:  33% (117/352)   Receiving objects:  34% (120/352)   Receiving objects:  35% (124/352)   Receiving objects:  36% (127/352)   Receiving objects:  37% (131/352)   Receiving objects:  38% (134/352)   Receiving objects:  39% (138/352)   Receiving objects:  40% (141/352)   Receiving objects:  41% (145/352)   Receiving objects:  42% (148/352)   Receiving objects:  43% (152/352)   Receiving objects:  44% (155/352)   Receiving objects:  45% (159/352)   Receiving objects:  46% (162/352)   Receiving objects:  47% (166/352)   Receiving objects:  48% (169/352)   Receiving objects:  49% (173/352)   Receiving objects:  50% (176/352)   Receiving objects:  51% (180/352)   Receiving objects:  52% (184/352)   Receiving objects:  53% (187/352)   Receiving objects:  54% (191/352)   Receiving objects:  55% (194/352)   Receiving objects:  56% (198/352)   Receiving objects:  57% (201/352)   Receiving objects:  58% (205/352)   Receiving objects:  59% (208/352)   Receiving objects:  60% (212/352)   Receiving objects:  61% (215/352)   Receiving objects:  62% (219/352)   Receiving objects:  63% (222/352)   Receiving objects:  64% (226/352)   Receiving objects:  65% (229/352)   Receiving objects:  66% (233/352)   Receiving objects:  67% (236/352)   Receiving objects:  68% (240/352)   Receiving objects:  69% (243/352)   Receiving objects:  70% (247/352)   Receiving objects:  71% (250/352)   Receiving objects:  72% (254/352)   Receiving objects:  73% (257/352)   Receiving objects:  74% (261/352)   Receiving objects:  75% (264/352)   Receiving objects:  76% (268/352)   Receiving objects:  77% (272/352)   Receiving objects:  78% (275/352)   Receiving objects:  79% (279/352)   Receiving objects:  80% (282/352)   Receiving objects:  81% (286/352)   Receiving objects:  82% (289/352)   Receiving objects:  83% (293/352)   Receiving objects:  84% (296/352)   Receiving objects:  85% (300/352)   Receiving objects:  86% (303/352)   remote: Total 352 (delta 159), reused 0 (delta 0)[K
Receiving objects:  87% (307/352)   Receiving objects:  88% (310/352)   Receiving objects:  89% (314/352)   Receiving objects:  90% (317/352)   Receiving objects:  91% (321/352)   Receiving objects:  92% (324/352)   Receiving objects:  93% (328/352)   Receiving objects:  94% (331/352)   Receiving objects:  95% (335/352)   Receiving objects:  96% (338/352)   Receiving objects:  97% (342/352)   Receiving objects:  98% (345/352)   Receiving objects:  99% (349/352)   Receiving objects: 100% (352/352)   Receiving objects: 100% (352/352), 3.50 MiB | 7.15 MiB/s, done.
Resolving deltas:   0% (0/159)   Resolving deltas:   3% (5/159)   Resolving deltas:   4% (7/159)   Resolving deltas:   5% (9/159)   Resolving deltas:   6% (10/159)   Resolving deltas:   7% (12/159)   Resolving deltas:  15% (25/159)   Resolving deltas:  18% (29/159)   Resolving deltas:  21% (34/159)   Resolving deltas:  23% (37/159)   Resolving deltas:  26% (42/159)   Resolving deltas:  27% (44/159)   Resolving deltas:  30% (49/159)   Resolving deltas:  32% (51/159)   Resolving deltas:  33% (53/159)   Resolving deltas:  34% (55/159)   Resolving deltas:  35% (56/159)   Resolving deltas:  36% (58/159)   Resolving deltas:  37% (59/159)   Resolving deltas:  38% (62/159)   Resolving deltas:  39% (63/159)   Resolving deltas:  40% (65/159)   Resolving deltas:  41% (66/159)   Resolving deltas:  42% (68/159)   Resolving deltas:  43% (69/159)   Resolving deltas:  44% (70/159)   Resolving deltas:  45% (72/159)   Resolving deltas:  47% (75/159)   Resolving deltas:  54% (87/159)   Resolving deltas:  55% (89/159)   Resolving deltas:  57% (92/159)   Resolving deltas:  58% (93/159)   Resolving deltas:  60% (96/159)   Resolving deltas:  61% (97/159)   Resolving deltas:  62% (99/159)   Resolving deltas:  66% (105/159)   Resolving deltas:  72% (115/159)   Resolving deltas:  73% (117/159)   Resolving deltas:  75% (120/159)   Resolving deltas:  77% (123/159)   Resolving deltas:  78% (125/159)   Resolving deltas:  88% (141/159)   Resolving deltas:  89% (142/159)   Resolving deltas:  91% (146/159)   Resolving deltas:  92% (147/159)   Resolving deltas:  93% (148/159)   Resolving deltas:  94% (150/159)   Resolving deltas:  96% (153/159)   Resolving deltas: 100% (159/159)   Resolving deltas: 100% (159/159), done.
aceylan1@g7-05:~/cs240$ cd ~/i240a/lab[K[K[Ksubmit/lab1
aceylan1@g7-05:~/i240a/submit/lab1$ cp [K[K[Kcp -r ~/cs240/labs/lab1/exercises/*
cp: missing destination file operand after '/home/aceylan1/cs240/labs/lab1/exercises/*'
Try 'cp --help' for more information.
aceylan1@g7-05:~/i240a/submit/lab1$ cp -r ~/cs240/labs/lab1/.gitignore/*
cp: missing destination file operand after '/home/aceylan1/cs240/labs/lab1/.gitignore/*'
Try 'cp --help' for more information.
aceylan1@g7-05:~/i240a/submit/lab1$ cp -r ~/cs240/labs/lab1/exercises/* ./
cp: cannot stat '/home/aceylan1/cs240/labs/lab1/exercises/*': No such file or directory
aceylan1@g7-05:~/i240a/submit/lab1$ /home/aceylan1/cs240/labsc/home/aceylan1/cs240/labsd/home/aceylan1/cs240/labs /home/aceylan1/cs240/labs
bash: cd: /home/aceylan1/cs240/labs: No such file or directory
aceylan1@g7-05:~/i240a/submit/lab1$ cd ~
aceylan1@g7-05:~$ ls
"15'th september.circ"	 Arduino    'Full Adder.circ'	  projects
 22nd_lab_1.circ	 cs120	    '#.gitignore#'	  Public
 22nd_lab_2.circ	 cs220	     i240a		  Templates
 22nd_lab_3.circ	 cs240	     Karnaugh_1.circ	  tmp
 22nd_lab_4.circ	 cs240.      lab		  Videos
 22nd_lab_5.circ	 Desktop    'Mani Curcuit.circ'
 22nd_lab_6.circ	 Documents   Music
 22nd_lab_7.circ	 Downloads   Pictures
aceylan1@g7-05:~$ cd cs240
aceylan1@g7-05:~/cs240$ ls
cs240  i240a
aceylan1@g7-05:~/cs240$ cd cs240
aceylan1@g7-05:~/cs240/cs240$ ls
announce.html  docs	      hws	  labs	    README.md
announce.umt   exams-quizzes  index.html  misc	    slides
assets	       exercises      index.umt   projects  umt.make
aceylan1@g7-05:~/cs240/cs240$ cd labs
aceylan1@g7-05:~/cs240/cs240/labs$ ls
index.html  index.umt  lab0  lab1  submission
aceylan1@g7-05:~/cs240/cs240/labs$ lscd labsls[K[K[Kcd ~/i240a/submit/lab1
aceylan1@g7-05:~/i240a/submit/lab1$ cd ~/i240a/submit/lab1ls[Kcd labsls[Kcd cs240ls[Kcd cs240ls[Kcd ~/home/aceylan1/cs240/labsp -r ~/cs240/labs/lab1/exercises/* ./
cp: cannot stat '/home/aceylan1/cs240/labs/lab1/exercises/*': No such file or directory
aceylan1@g7-05:~/i240a/submit/lab1$ cp -r ~/cs240/labs/lab1/exercises/* ./[C[16Pd ~/i240a/submit/lab1[K[K[K[K[K[K[K[K[K[K[K[K[K[K[K[K[Kcs240/labs
bash: cd: /home/aceylan1/cs240/labs: No such file or directory
aceylan1@g7-05:~/i240a/submit/lab1$ ls
lab1.LOG
aceylan1@g7-05:~/i240a/submit/lab1$ lscd ~/cs240/labsp -r ~/cs240/labs/lab1/exercises/* ./
cp: cannot stat '/home/aceylan1/cs240/labs/lab1/exercises/*': No such file or directory
aceylan1@g7-05:~/i240a/submit/lab1$ cp -r ~/cs240/labs/lab1/exercises/* ./[C[C[C[C[C[C[C[C[C[C[C[C[C[C[C[C[C[C[C[C[C[C[C[C[C[C[C[C[C[C[C[C[C[C[C[Cls[Kcd ~/cs240/labs
bash: cd: /home/aceylan1/cs240/labs: No such file or directory
aceylan1@g7-05:~/i240a/submit/lab1$ cd ~/cs240/labs[K[K[K[K[K
aceylan1@g7-05:~/cs240$ ls
cs240  i240a
aceylan1@g7-05:~/cs240$ cd cs240
aceylan1@g7-05:~/cs240/cs240$ c[Kls
announce.html  docs	      hws	  labs	    README.md
announce.umt   exams-quizzes  index.html  misc	    slides
assets	       exercises      index.umt   projects  umt.make
aceylan1@g7-05:~/cs240/cs240$ cd labs
aceylan1@g7-05:~/cs240/cs240/labs$ ls
index.html  index.umt  lab0  lab1  submission
aceylan1@g7-05:~/cs240/cs240/labs$ cd ~
aceylan1@g7-05:~$ cd ~[Kcd ~[2Plscd labsls[Kcd cs240ls[Kcd ~/cs240/labsp -r ~/cs240/labs/lab1/exercises/* ./[C[C[C[C[C[C[C[C[C[C[C[C[C[C[C[C[C[Cls[Kcd ~/cs240/labsls[Kcd ~/cs240/labsls[Kcp -r ~/cs240/labs/lab1/exercises/* ./[C[C[C[C[C[C[C[C[C[C[C[C[C[C[C[C[C[C[C[23Pd ~/cs240/labsp -r ~/cs240/labs/lab1/exercises/* ./[C[C[C[C[C[C[C[C[C[C[C[C[C[C[C[C[C[Cls[Kcd ~/cs240/labsp -r ~/cs240/labs/lab1/exercises/* ./[C[C[C[C[C[C[C[C[C[C[C[C[C[C[C[C[C[C[C[16Pd ~/i240a/submit/lab1
aceylan1@g7-05:~/i240a/submit/lab1$ cd ~/i240a/submit/lab1[K[2Plscd labsls[Kcd cs240ls[Kcd ~/cs240/labsp -r ~/cs240/labs/lab1/exercises/* ./[C[C[1@/[1@c[1@s[1@2[1@40/labs/lab1/exercises/* ./ [A[C[C[C[C[C[C[C[C[C[C[C[C[C[C[C[C[C[C[C[C[C[C[C[C[C[C[C[C[C[C[C[C[C[C[C[C[C[C[C[C[C[C[C[C[C[C[C[C[C[C[C[C[C[C
aceylan1@g7-05:~/i240a/submit/lab1$ ls
0-hello       2-separate-compilation  4-dependencies	   lab1.LOG
1-monolithic  3-makefile	      5-auto-dependencies
aceylan1@g7-05:~/i240a/submit/lab1$ cd [K[K[K/0-hello
bash: /0-hello: No such file or directory
aceylan1@g7-05:~/i240a/submit/lab1$  cp -r ~/cs240/cs240/labs/lab1/,[K.gitignore/*  ./
cp: cannot stat '/home/aceylan1/cs240/cs240/labs/lab1/.gitignore/*': Not a directory
aceylan1@g7-05:~/i240a/submit/lab1$ ls
0-hello       2-separate-compilation  4-dependencies	   lab1.LOG
1-monolithic  3-makefile	      5-auto-dependencies
aceylan1@g7-05:~/i240a/submit/lab1$ cd 0-hello
aceylan1@g7-05:~/i240a/submit/lab1/0-hello$ ls -l
total 4
-rw-r--r-- 1 aceylan1 aceylan1 79 Jan 30 15:58 hello.cc
aceylan1@g7-05:~/i240a/submit/lab1/0-hello$ make hello.
make: *** No rule to make target 'hello.'.  Stop.
aceylan1@g7-05:~/i240a/submit/lab1/0-hello$ make 
make: *** No targets specified and no makefile found.  Stop.
aceylan1@g7-05:~/i240a/submit/lab1/0-hello$ make hello
g++     hello.cc   -o hello
aceylan1@g7-05:~/i240a/submit/lab1/0-hello$ ls -l
total 24
-rwxr-xr-x 1 aceylan1 aceylan1 17248 Jan 30 16:02 hello
-rw-r--r-- 1 aceylan1 aceylan1    79 Jan 30 15:58 hello.cc
aceylan1@g7-05:~/i240a/submit/lab1/0-hello$ file hello
hello: ELF 64-bit LSB pie executable, x86-64, version 1 (SYSV), dynamically linked, interpreter /lib64/ld-linux-x86-64.so.2, for GNU/Linux 3.2.0, BuildID[sha1]=99af5e976454700966eadf73920a1f533966fdc8, not stripped
aceylan1@g7-05:~/i240a/submit/lab1/0-hello$ file helloo[K[K[K[K[K[K[K[K[K[K[K./hello
hello world
aceylan1@g7-05:~/i240a/submit/lab1/0-hello$ make -p \[K| less
make: *** No targets specified and no makefile found.  Stop.
[?1049h[22;0;0t[?1h=# GNU Make 4.2.1
# Built for x86_64-pc-linux-gnu
# Copyright (C) 1988-2016 Free Software Foundation, Inc.
# License GPLv3+: GNU GPL version 3 or later <http://gnu.org/licenses/gpl.html>
# This is free software: you are free to change and redistribute it.
# There is NO WARRANTY, to the extent permitted by law.

# Make data base, printed on Thu Jan 30 16:05:08 2020

# Variables

# automatic
<D = $(patsubst %/,%,$(dir $<))
# automatic
?F = $(notdir $?)
# environment
DESKTOP_SESSION = lightdm-xsession
# default
.SHELLFLAGS := -c
# environment
XDG_SESSION_CLASS = user
# environment
XDG_SESSION_TYPE = x11
:[K[Kset mark: ...skipping...
# GNU Make 4.2.1
# Built for x86_64-pc-linux-gnu
# Copyright (C) 1988-2016 Free Software Foundation, Inc.
# License GPLv3+: GNU GPL version 3 or later <http://gnu.org/licenses/gpl.html>
# This is free software: you are free to change and redistribute it.
# There is NO WARRANTY, to the extent permitted by law.

# Make data base, printed on Thu Jan 30 16:05:08 2020

# Variables

# automatic
<D = $(patsubst %/,%,$(dir $<))
# automatic
?F = $(notdir $?)
# environment
DESKTOP_SESSION = lightdm-xsession
# default
.SHELLFLAGS := -c
# environment
XDG_SESSION_CLASS = user
# environment
XDG_SESSION_TYPE = x11
:[K[K[K:[K[K# default
:[K[KCWEAVE = cweave
# automatic
?D = $(patsubst %/,%,$(dir $?))
# automatic
@D = $(patsubst %/,%,$(dir $@))
# environment
XAUTHORITY = /home/aceylan1/.Xauthority
# environment
GDMSESSION = lightdm-xsession
# default
MAKE_VERSION := 4.2.1
# makefile
CURDIR := /import/linux/home1/aceylan1/i240a/submit/lab1/0-hello
# makefile
SHELL = /bin/sh
# default
RM = rm -f
# default
CO = co
# environment
VTE_VERSION = 5402
# environment
_ = /usr/bin/make
:[K[K# default
PREPROCESS.F = $(FC) $(FFLAGS) $(CPPFLAGS) $(TARGET_ARCH) -F
# default
LINK.m = $(OBJC) $(OBJCFLAGS) $(CPPFLAGS) $(LDFLAGS) $(TARGET_ARCH)
# environment
XDG_CONFIG_DIRS = /etc/xdg
# default
OUTPUT_OPTION = -o $@
# default
COMPILE.cpp = $(COMPILE.cc)
# makefile
MAKEFILE_LIST := 
# automatic
@F = $(notdir $@)
# 'override' directive
GNUMAKEFLAGS := 
# default
LINK.p = $(PC) $(PFLAGS) $(CPPFLAGS) $(LDFLAGS) $(TARGET_ARCH)
# environment
MAKELEVEL := 0
# environment
XDG_DATA_DIRS = /usr/share/xfce4:/usr/local/share/:/usr/share/:/usr/share
# environment
:[K[K[HM_ = /usr/bin/make
[HM# environment
[HMVTE_VERSION = 5402
[HM# environment
[HMCO = co
[HM# default
[HMRM = rm -f
[HM# default
[HMSHELL = /bin/sh
[HM# makefile
[HMCURDIR := /import/linux/home1/aceylan1/i240a/submit/lab1/0-hello
[HM# makefile
[HMMAKE_VERSION := 4.2.1
[HM# default
[HMGDMSESSION = lightdm-xsession
[HM# environment
[HMXAUTHORITY = /home/aceylan1/.Xauthority
[HM# environment
[HM@D = $(patsubst %/,%,$(dir $@))
[HM# automatic
[HM?D = $(patsubst %/,%,$(dir $?))
[HM# automatic
[HMCWEAVE = cweave
[24;1H[K:[K[K[HM# default
[HMXDG_SESSION_TYPE = x11
[HM# environment
[HMXDG_SESSION_CLASS = user
[HM# environment
[HM.SHELLFLAGS := -c
[HM# default
[HMDESKTOP_SESSION = lightdm-xsession
[HM# environment
[HM?F = $(notdir $?)
[HM# automatic
[HM<D = $(patsubst %/,%,$(dir $<))
[HM# automatic
[HM
[HM# Variables
[HM
[HM# Make data base, printed on Thu Jan 30 16:05:08 2020
[HM
[HM# There is NO WARRANTY, to the extent permitted by law.
[HM# This is free software: you are free to change and redistribute it.
[HM# License GPLv3+: GNU GPL version 3 or later <http://gnu.org/licenses/gpl.html>
[HM# Copyright (C) 1988-2016 Free Software Foundation, Inc.
[HM# Built for x86_64-pc-linux-gnu
[24;1H[K:[K[KCWEAVE = cweave
# automatic
?D = $(patsubst %/,%,$(dir $?))
# automatic
@D = $(patsubst %/,%,$(dir $@))
# environment
XAUTHORITY = /home/aceylan1/.Xauthority
# environment
GDMSESSION = lightdm-xsession
# default
MAKE_VERSION := 4.2.1
# makefile
CURDIR := /import/linux/home1/aceylan1/i240a/submit/lab1/0-hello
# makefile
SHELL = /bin/sh
# default
RM = rm -f
# default
CO = co
# environment
VTE_VERSION = 5402
# environment
_ = /usr/bin/make
:[K[K# default
PREPROCESS.F = $(FC) $(FFLAGS) $(CPPFLAGS) $(TARGET_ARCH) -F
# default
LINK.m = $(OBJC) $(OBJCFLAGS) $(CPPFLAGS) $(LDFLAGS) $(TARGET_ARCH)
# environment
XDG_CONFIG_DIRS = /etc/xdg
# default
OUTPUT_OPTION = -o $@
# default
COMPILE.cpp = $(COMPILE.cc)
# makefile
MAKEFILE_LIST := 
# automatic
@F = $(notdir $@)
# 'override' directive
GNUMAKEFLAGS := 
# default
LINK.p = $(PC) $(PFLAGS) $(CPPFLAGS) $(LDFLAGS) $(TARGET_ARCH)
# environment
MAKELEVEL := 0
# environment
XDG_DATA_DIRS = /usr/share/xfce4:/usr/local/share/:/usr/share/:/usr/share
# environment
:[K[K[HM_ = /usr/bin/make
[HM# environment
[HMVTE_VERSION = 5402
[HM# environment
[HMCO = co
[HM# default
[HMRM = rm -f
[HM# default
[HMSHELL = /bin/sh
[HM# makefile
[HMCURDIR := /import/linux/home1/aceylan1/i240a/submit/lab1/0-hello
[HM# makefile
[HMMAKE_VERSION := 4.2.1
[HM# default
[HMGDMSESSION = lightdm-xsession
[HM# environment
[HMXAUTHORITY = /home/aceylan1/.Xauthority
[HM# environment
[HM@D = $(patsubst %/,%,$(dir $@))
[HM# automatic
[HM?D = $(patsubst %/,%,$(dir $?))
[HM# automatic
[HMCWEAVE = cweave
[24;1H[K:[K[K[HM# default
[HMXDG_SESSION_TYPE = x11
[HM# environment
[HMXDG_SESSION_CLASS = user
[HM# environment
[HM.SHELLFLAGS := -c
[HM# default
[HMDESKTOP_SESSION = lightdm-xsession
[HM# environment
[HM?F = $(notdir $?)
[HM# automatic
[HM<D = $(patsubst %/,%,$(dir $<))
[HM# automatic
[HM
[HM# Variables
[HM
[HM# Make data base, printed on Thu Jan 30 16:05:08 2020
[HM
[HM# There is NO WARRANTY, to the extent permitted by law.
[HM# This is free software: you are free to change and redistribute it.
[HM# License GPLv3+: GNU GPL version 3 or later <http://gnu.org/licenses/gpl.html>
[HM# Copyright (C) 1988-2016 Free Software Foundation, Inc.
[HM# Built for x86_64-pc-linux-gnu
[24;1H[K:[K[KCWEAVE = cweave
# automatic
?D = $(patsubst %/,%,$(dir $?))
# automatic
@D = $(patsubst %/,%,$(dir $@))
# environment
XAUTHORITY = /home/aceylan1/.Xauthority
# environment
GDMSESSION = lightdm-xsession
# default
MAKE_VERSION := 4.2.1
# makefile
CURDIR := /import/linux/home1/aceylan1/i240a/submit/lab1/0-hello
# makefile
SHELL = /bin/sh
# default
RM = rm -f
# default
CO = co
# environment
VTE_VERSION = 5402
# environment
_ = /usr/bin/make
:[K[K# default
PREPROCESS.F = $(FC) $(FFLAGS) $(CPPFLAGS) $(TARGET_ARCH) -F
# default
LINK.m = $(OBJC) $(OBJCFLAGS) $(CPPFLAGS) $(LDFLAGS) $(TARGET_ARCH)
# environment
XDG_CONFIG_DIRS = /etc/xdg
# default
OUTPUT_OPTION = -o $@
# default
COMPILE.cpp = $(COMPILE.cc)
# makefile
MAKEFILE_LIST := 
# automatic
@F = $(notdir $@)
# 'override' directive
GNUMAKEFLAGS := 
# default
LINK.p = $(PC) $(PFLAGS) $(CPPFLAGS) $(LDFLAGS) $(TARGET_ARCH)
# environment
MAKELEVEL := 0
# environment
XDG_DATA_DIRS = /usr/share/xfce4:/usr/local/share/:/usr/share/:/usr/share
# environment
:[K[K[HM_ = /usr/bin/make
[HM# environment
[HMVTE_VERSION = 5402
[HM# environment
[HMCO = co
[HM# default
[HMRM = rm -f
[HM# default
[HMSHELL = /bin/sh
[HM# makefile
[HMCURDIR := /import/linux/home1/aceylan1/i240a/submit/lab1/0-hello
[HM# makefile
[HMMAKE_VERSION := 4.2.1
[HM# default
[HMGDMSESSION = lightdm-xsession
[HM# environment
[HMXAUTHORITY = /home/aceylan1/.Xauthority
[HM# environment
[HM@D = $(patsubst %/,%,$(dir $@))
[HM# automatic
[HM?D = $(patsubst %/,%,$(dir $?))
[HM# automatic
[HMCWEAVE = cweave
[24;1H[K:[K[K[HM# default
[HMXDG_SESSION_TYPE = x11
[HM# environment
[HMXDG_SESSION_CLASS = user
[HM# environment
[HM.SHELLFLAGS := -c
[HM# default
[HMDESKTOP_SESSION = lightdm-xsession
[HM# environment
[HM?F = $(notdir $?)
[HM# automatic
[HM<D = $(patsubst %/,%,$(dir $<))
[HM# automatic
[HM
[HM# Variables
[HM
[HM# Make data base, printed on Thu Jan 30 16:05:08 2020
[HM
[HM# There is NO WARRANTY, to the extent permitted by law.
[HM# This is free software: you are free to change and redistribute it.
[HM# License GPLv3+: GNU GPL version 3 or later <http://gnu.org/licenses/gpl.html>
[HM# Copyright (C) 1988-2016 Free Software Foundation, Inc.
[HM# Built for x86_64-pc-linux-gnu
[24;1H[K:[K[K[HM# GNU Make 4.2.1
[24;1H[K:[K[K# default
CWEAVE = cweave
# automatic
?D = $(patsubst %/,%,$(dir $?))
# automatic
@D = $(patsubst %/,%,$(dir $@))
# environment
XAUTHORITY = /home/aceylan1/.Xauthority
# environment
GDMSESSION = lightdm-xsession
# default
MAKE_VERSION := 4.2.1
# makefile
CURDIR := /import/linux/home1/aceylan1/i240a/submit/lab1/0-hello
# makefile
SHELL = /bin/sh
# default
RM = rm -f
# default
CO = co
# environment
VTE_VERSION = 5402
# environment
:[K[K[HMXDG_SESSION_TYPE = x11
[HM# environment
[HMXDG_SESSION_CLASS = user
[HM# environment
[HM.SHELLFLAGS := -c
[HM# default
[HMDESKTOP_SESSION = lightdm-xsession
[HM# environment
[HM?F = $(notdir $?)
[HM# automatic
[HM<D = $(patsubst %/,%,$(dir $<))
[HM# automatic
[HM
[HM# Variables
[HM
[HM# Make data base, printed on Thu Jan 30 16:05:08 2020
[HM
[HM# There is NO WARRANTY, to the extent permitted by law.
[HM# This is free software: you are free to change and redistribute it.
[HM# License GPLv3+: GNU GPL version 3 or later <http://gnu.org/licenses/gpl.html>
[HM# Copyright (C) 1988-2016 Free Software Foundation, Inc.
[HM# Built for x86_64-pc-linux-gnu
[HM# GNU Make 4.2.1
[24;1H[K:[K[K [KESCESC[KOO[KAA[K[K:[K[K [KESCESC[KOO[KAA[K[K:[K[K [KESCESC[KOO[KBB[K# default
:[K[K [KESCESC[KOO[KAA[K[HM# GNU Make 4.2.1
[24;1H[K:[K[K [KESCESC[KOO[KAA[K[K:[K[K[?1l>[?1049l[23;0;0t
[1]+  Stopped                 make -p | less
aceylan1@g7-05:~/i240a/submit/lab1/0-hello$ make [K -p |egrep[K[K[K[K[K[K[K[K[K[K[K[K[K[Kmake fns-compare
make: *** No rule to make target 'fns-compare'.  Stop.
aceylan1@g7-05:~/i240a/submit/lab1/0-hello$ ls
hello  hello.cc
aceylan1@g7-05:~/i240a/submit/lab1/0-hello$ cd lab1
bash: cd: lab1: No such file or directory
aceylan1@g7-05:~/i240a/submit/lab1/0-hello$ ./lab1
bash: ./lab1: No such file or directory
aceylan1@g7-05:~/i240a/submit/lab1/0-hello$ ls [K[K[K./lab1cd lab1ls[Kmake fns-compare[2P-p | less[7P./hellofile hello[5Pls -lmake hello[Khello.[6Pls -lcd 0-hellols[K cp -r ~/cs240/cs240/labs/lab1/.gitignore/* ./[A[C[C[C[C[C[C[C[C[C[C[C[C[C[C[C[C[C[C[C[C[C[C[C[C[C[C[C[C[C[C[C[C[C[C/0-hello[K
[K[A[C[C[C[C[C[C[C[C[C[C[C[C[C[C[C[C[C[C[C[C[C[C[C[C[C[C[C[C[C[C[C[C[C[C[C[C[C[C[C[C[C[C[C[C[C[C[C[C[C[C[C[Cls[Kcp -r ~/cs240/cs240/labs/lab1/exercises/* ./[A[C[C[C[C[C[C[C[C[C[C[C[C[C[C[C[C[C[C[C[C[C[C[C[C[C[C[C[C[C[C[C[C[C[C[C[C[C[14Pd ~/i240a/submit/lab1
[K[A[C[C[C[C[C[C[C[C[C[C[C[C[C[C[C[C[C[C[C[C[C[C[C[C[C[C[C[C[C[C[C[C[C[C[C[C[C[C[C[C[C[C[C[C[C[C[C[C[C[C[C[C[C[C[C[C[C[C[C[C[C[C[C[C[C[C[K
aceylan1@g7-05:~$ cd [K[K[Kcd cs240
aceylan1@g7-05:~/cs240$ cd ~
aceylan1@g7-05:~$ i240a[K[K[K[K[Kcd i240a
aceylan1@g7-05:~/i240a$ ls
i240a  README.md  submit
aceylan1@g7-05:~/i240a$ cd submit 
aceylan1@g7-05:~/i240a/submit$ ls 
lab0  lab1
aceylan1@g7-05:~/i240a/submit$ cd lab1
aceylan1@g7-05:~/i240a/submit/lab1$ cp -r ~/cs240/2[Kcs240/labs/lab1/exercises/* ./ [A[C[C[C[C[C[C[C[C[C[C[C[C[C[C[C[C[C[C[C[C[C[C[C[C[C[C[C[C[C[C[C[C[C[C[C[C[C[C[C[C[C[C[C[C[C[C[C[C[C[C[C[C[C[C[C[C[C[C[C[C[C[C[C[C[C[C[C[C[C[C[C[C[C[C[C[C[C[C[C[K/
aceylan1@g7-05:~/i240a/submit/lab1$ ls
0-hello       2-separate-compilation  4-dependencies	   lab1.LOG
1-monolithic  3-makefile	      5-auto-dependencies
aceylan1@g7-05:~/i240a/submit/lab1$ /1-monoly[Kthic[K[K[K[Kithic
bash: /1-monolithic: No such file or directory
aceylan1@g7-05:~/i240a/submit/lab1$ mak [Ke monolithic
make: *** No rule to make target 'monolithic'.  Stop.
aceylan1@g7-05:~/i240a/submit/lab1$ ./monolithic
bash: ./monolithic: No such file or directory
aceylan1@g7-05:~/i240a/submit/lab1$ ls -l
total 44
drwxr-xr-x 2 aceylan1 aceylan1    66 Jan 30 16:02 0-hello
drwxr-xr-x 2 aceylan1 aceylan1    35 Jan 30 15:58 1-monolithic
drwxr-xr-x 2 aceylan1 aceylan1    80 Jan 30 15:58 2-separate-compilation
drwxr-xr-x 2 aceylan1 aceylan1  4096 Jan 30 15:58 3-makefile
drwxr-xr-x 2 aceylan1 aceylan1  4096 Jan 30 15:58 4-dependencies
drwxr-xr-x 2 aceylan1 aceylan1  4096 Jan 30 15:58 5-auto-dependencies
-rw-r--r-- 1 aceylan1 aceylan1 32768 Jan 30 16:06 lab1.LOG
aceylan1@g7-05:~/i240a/submit/lab1$ cd ~/i240?/submit/lab1/[K[K[K[K[K[K[K[K[K[K[K[K[K[Ka/submit/lab[Kb1/1-monolithci[K[K[Khic
aceylan1@g7-05:~/i240a/submit/lab1/1-monolithic$ make fns-compare
g++     fns-compare.cc   -o fns-compare
aceylan1@g7-05:~/i240a/submit/lab1/1-monolithic$ ./fns-compare
1 100000
10 1e+06
100 1e+07
1000 1e+08
10000 1e+09
aceylan1@g7-05:~/i240a/submit/lab1/1-monolithic$ vim fns-compare.cc
[?1000h[?2004h[?1049h[22;0;0t[?1h=[?2004h[1;24r[?12h[?12l[22;2t[22;1t[27m[23m[29m[m[H[2J[?25l[24;1H"fns-compare.cc" 25L, 323C[2;1H▽[6n[2;1H  [1;1H[>c]10;?]11;?[1;1H[35m#include [m[31m<iostream>[m

[32mstatic[m [32mdouble[m
linear([32mdouble[m n)
{
  [32mconst[m [32mdouble[m C = [31m1e5[m;
  [38;5;130mreturn[m C*n;
}

[32mstatic[m [32mdouble[m
quadratic([32mdouble[m n)
{
  [32mconst[m [32mdouble[m C = [31m1e3[m;
  [38;5;130mreturn[m C*n*n;
}


[32mint[m
main() {
  [32mFILE[m *[32mconst[m out = [31mstdout[m;
  [38;5;130mfor[m ([32mauto[m n : { [31m1.0[m, [31m10.0[m, [31m100.0[m, [31m1000.0[m, [31m10000.0[m }) {
    fprintf(out, [31m"[m[35m%g[m[31m [m[35m%g\n[m[31m"[m, n, linear(n));
  }[24;63H1,1[11CTop]2;fns-compare.cc (~/i240a/submit/lab1/1-monolithic) - VIM]1;fns-compare.cc[1;1H[?25hP+q436f\P+q6b75\P+q6b64\P+q6b72\P+q6b6c\P+q2332\P+q2334\P+q2569\P+q2a37\P+q6b31\[?1000l[?1006h[?1002h[?1006l[?1002l[?1006h[?1002h[27m[23m[29m[m[H[2J[?25l[1;1H[38;5;81m#include [m[95m<iostream>[m

[38;5;121mstatic[m [38;5;121mdouble[m
linear([38;5;121mdouble[m n)
{
  [38;5;121mconst[m [38;5;121mdouble[m C = [95m1e5[m;
  [93mreturn[m C*n;
}

[38;5;121mstatic[m [38;5;121mdouble[m
quadratic([38;5;121mdouble[m n)
{
  [38;5;121mconst[m [38;5;121mdouble[m C = [95m1e3[m;
  [93mreturn[m C*n*n;
}


[38;5;121mint[m
main() {
  [38;5;121mFILE[m *[38;5;121mconst[m out = [95mstdout[m;
  [93mfor[m ([38;5;121mauto[m n : { [95m1.0[m, [95m10.0[m, [95m100.0[m, [95m1000.0[m, [95m10000.0[m }) {
    fprintf(out, [95m"[m[38;5;224m%g[m[95m [m[38;5;224m%g\n[m[95m"[m, n, linear(n));
  }[24;63H1,1[11CTop"fns-compare.cc" 25L, 323C[1;1H[?25h[?25l[1;23r[1;1H[2M[1;24r[22;1H}[24;1H[K[24;63H20,27[9CBot[18;27H[?25h[?25l[24;53Hi[18;27H[24;53H [18;27H[24;1H[1m-- INSERT --[m[24;63H[K[24;63H20,27[9CBot[18;27H[?25h[?25l[17;8H[46m{[22;1H}[m[24;63H19,9 [17;9H[?25h[?25l{[22;1H}[24;63H20,27[18;27H[?25h[?25l[24;64H1[19;27H[?25h[?25l[24;64H2[20;27H[?25h[?25l[24;64H1[19;27H[?25h[?25l[24;64H2[20;27H[?25h[?25l[24;67H6[20;26H[?25h[?25l[24;67H5[20;25H[?25h[?25l[24;67H4[20;24H[?25h[?25l[24;67H3[20;23H[?25h[?25l[24;67H2[20;22H[?25h[?25l[24;67H1[20;21H[?25h[?25l[1C[95m [m[38;5;224m%g\n[m[95m"[m, n, linear(n));[24;67H2]2;fns-compare.cc + (~/i240a/submit/lab1/1-monolithic) - VIM]1;fns-compare.cc[20;22H[?25h[?25l[24;67H1[20;21H[?25h[?25l[24;67H2[20;22H[?25h[?25l[95m% [m[38;5;224m%g\n[m[95m"[m, n, linear(n));[24;67H3[20;23H[?25h[?25l[38;5;224m%g[m[95m [m[38;5;224m%g\n[m[95m"[m, n, linear(n));[24;67H4[20;24H[?25h[?25l[24;67H5[20;25H[?25h[?25l[24;67H6[20;26H[?25h[?25l[24;67H7[20;27H[?25h[?25l[24;67H8[20;28H[?25h[?25l[24;67H9[20;29H[?25h[?25l[24;66H30[20;30H[?25h[?25l[24;67H1[20;31H[?25h[?25l[24;67H2[20;32H[?25h[?25l[24;67H3[20;33H[?25h[?25l[24;67H4[20;34H[?25h[?25l[24;67H5[20;35H[?25h[?25l[24;67H6[20;36H[?25h[?25l[24;67H7[20;37H[?25h[?25l[24;67H8[20;38H[?25h[?25l[24;67H9[20;39H[?25h[?25l[24;66H40[20;40H[?25h[?25lr[46m([mn[46m)[m[24;67H1[20;41H[?25h[?25l[24;67H2[20;42H[?25h[?25l[24;67H3[20;43H[?25h[?25l[20;12H[46m([m[28C(n)[46m)[m[24;67H4[20;44H[?25h[?25l[46m,[m);,[46m)[m[24;67H5[20;45H[?25h[?25l[46m [m); [46m)[m[24;67H6[20;46H[?25h[?25l[46mq[m);q[46m)[m[24;67H7[20;47H[?25h[?25l[46mu[m);u[46m)[m[24;67H8[20;48H[?25h[?25l[46ma[m);a[46m)[m[24;67H9[20;49H[?25h[?25l[46md[m);d[46m)[m[24;66H50[20;50H[?25h[?25l[46mr[m);r[46m)[m[24;67H1[20;51H[?25h[?25l[46ma[m);a[46m)[m[24;67H2[20;52H[?25h[?25l[46mt[m);t[46m)[m[24;67H3[20;53H[?25h[?25l[46mi[m);i[46m)[m[24;67H4[20;54H[?25h[?25l[46mc[m);c[46m)[m[24;67H5[20;55H[?25h[?25l[46m([m);[20;12H([43C[46m)[m[24;67H6[20;56H[?25h[?25l[46mn[m);n[46m)[m[24;67H7[20;57H[?25h[?25l[1C);[20;12H[46m([m[42C(n)[46m)[m[24;67H8[20;58H[?25h[24;1H[K[20;57H[?25l[24;53H^[[20;57H[24;53H  [20;58H[20;12H([42C[46m([mn[46m)[m)[24;63H22,57[9CBot[20;57H[?25h[?25l[24;53H:[20;57H[24;53H[K[24;1H:[?2004h[?25hx[?25l[?25h[?25l[?1006l[?1002l[?2004l"fns-compare.cc" 25L, 340C written]2;Terminal - ]1;Terminal - [23;2t[23;1t[22;2t[22;1t[23;2t[23;1t
[?2004l[?1l>[?25h[?1049l[23;0;0taceylan1@g7-05:~/i240a/submit/lab1/1-monolithic$ cd `[K~
aceylan1@g7-05:~$ cd i240
bash: cd: i240: No such file or directory
aceylan1@g7-05:~$ cd cs240
aceylan1@g7-05:~/cs240$ cd i240a
aceylan1@g7-05:~/cs240/i240a$ ls
README.md
aceylan1@g7-05:~/cs240/i240a$ cd submit 
bash: cd: submit: No such file or directory
aceylan1@g7-05:~/cs240/i240a$ cd ~
aceylan1@g7-05:~$ cd cs 250[K[K[K[K240
aceylan1@g7-05:~/cs240$ ls 
cs240  i240a
aceylan1@g7-05:~/cs240$ cd cs240
aceylan1@g7-05:~/cs240/cs240$ ls
announce.html  docs	      hws	  labs	    README.md
announce.umt   exams-quizzes  index.html  misc	    slides
assets	       exercises      index.umt   projects  umt.make
aceylan1@g7-05:~/cs240/cs240$ cd~[K [K~
bash: cd~: command not found
aceylan1@g7-05:~/cs240/cs240$ cd ~
aceylan1@g7-05:~$ cd cs240
aceylan1@g7-05:~/cs240$ ls
cs240  i240a
aceylan1@g7-05:~/cs240$ cd i240a
aceylan1@g7-05:~/cs240/i240a$ ls
README.md
aceylan1@g7-05:~/cs240/i240a$ cd ~
aceylan1@g7-05:~$ cd cd249[K0
bash: cd: cd240: No such file or directory
aceylan1@g7-05:~$ cd cs240
aceylan1@g7-05:~/cs240$ cd cs250[K[K40
aceylan1@g7-05:~/cs240/cs240$ ls
announce.html  docs	      hws	  labs	    README.md
announce.umt   exams-quizzes  index.html  misc	    slides
assets	       exercises      index.umt   projects  umt.make
aceylan1@g7-05:~/cs240/cs240$ cd labs
aceylan1@g7-05:~/cs240/cs240/labs$ cd ~
aceylan1@g7-05:~$ cd [K[K[K./i240a
bash: ./i240a: Is a directory
aceylan1@g7-05:~$ cd i240a
aceylan1@g7-05:~/i240a$ cd submit
aceylan1@g7-05:~/i240a/submit$ cd lab1
aceylan1@g7-05:~/i240a/submit/lab1$ ls
0-hello       2-separate-compilation  4-dependencies	   lab1.LOG
1-monolithic  3-makefile	      5-auto-dependencies
aceylan1@g7-05:~/i240a/submit/lab1$ /2-seperate
bash: /2-seperate: No such file or directory
aceylan1@g7-05:~/i240a/submit/lab1$ cd 2-seperate
bash: cd: 2-seperate: No such file or directory
aceylan1@g7-05:~/i240a/submit/lab1$ cd ~/i240a/submit/lab1/2-seperate
bash: cd: /home/aceylan1/i240a/submit/lab1/2-seperate: No such file or directory
aceylan1@g7-05:~/i240a/submit/lab1$ ls
0-hello       2-separate-compilation  4-dependencies	   lab1.LOG
1-monolithic  3-makefile	      5-auto-dependencies
aceylan1@g7-05:~/i240a/submit/lab1$ cd ~/i240a/submit/lab1/2-seperate-compilatio n
bash: cd: /home/aceylan1/i240a/submit/lab1/2-seperate-compilation: No such file or directory
aceylan1@g7-05:~/i240a/submit/lab1$ cd `[Kd ~/i240a/sbmit[K[K[K[Kubmit/lab1/2[K2-separate-compilation
bash: cd: too many arguments
aceylan1@g7-05:~/i240a/submit/lab1$ ./2-seperate-compilation
bash: ./2-seperate-compilation: No such file or directory
aceylan1@g7-05:~/i240a/submit/lab1$ cd ~[K~/i240a/submit/lab1/2-seperate-compilatio [A[C[C[C[C[C[C[C[C[C[C[C[C[C[C[C[C[C[C[C[C[C[C[C[C[C[C[C[C[C[C[C[C[C[C[C[C[C[C[C[C[C[C[C[C[C[C[C[C[C[C[C[C[C[C[C[C[C[C[C[C[C[C[C[C[C[C[C[C[C[C[C[C[C[C[C[C[C[C[C[K
[K[A[C[C[C[C[C[C[C[C[C[C[C[C[C[C[C[C[C[C[C[C[C[C[C[C[C[C[C[C[C[C[C[C[C[C[C[C[C[C[C[C[C[C[C[C[C[C[C[C[C[C[C[C[C[C[C[C[C[C[C[C[C[C[C[C[C[C[C[C[C[C[C[C[C[C[C[C[C[C[C[Kio n
bash: cd: /home/aceylan1/i240a/submit/lab1/2-seperate-compilation: No such file or directory
aceylan1@g7-05:~/i240a/submit/lab1$ cp -r ~/cs240/cs240/labs/lab1/exercises/* ./ [A[C[C[C[C[C[C[C[C[C[C[C[C[C[C[C[C[C[C[C[C[C[C[C[C[C[C[C[C[C[C[C[C[C[C[C[C[C[C[C[C[C[C[C[C[C[C[C[C[C[C[C[C[C[C[C[C[C[C[C[C[C[C[C[C[C[C[C[C[C[C[C[C[C[C[C[C[C[C[C[K/
aceylan1@g7-05:~/i240a/submit/lab1$ cp -r ~/cs240/cs240/labs/lab2[K1/ .[K[K .[K[K .gitignore/*  ./
cp: cannot stat '.gitignore/*': No such file or directory
aceylan1@g7-05:~/i240a/submit/lab1$ ls -l
total 60
drwxr-xr-x 2 aceylan1 aceylan1    66 Jan 30 16:02 0-hello
drwxr-xr-x 2 aceylan1 aceylan1    57 Jan 30 16:22 1-monolithic
drwxr-xr-x 2 aceylan1 aceylan1    80 Jan 30 15:58 2-separate-compilation
drwxr-xr-x 2 aceylan1 aceylan1  4096 Jan 30 15:58 3-makefile
drwxr-xr-x 2 aceylan1 aceylan1  4096 Jan 30 15:58 4-dependencies
drwxr-xr-x 2 aceylan1 aceylan1  4096 Jan 30 15:58 5-auto-dependencies
drwxr-xr-x 4 aceylan1 aceylan1   124 Jan 30 16:41 lab1
-rw-r--r-- 1 aceylan1 aceylan1 49152 Jan 30 16:40 lab1.LOG
aceylan1@g7-05:~/i240a/submit/lab1$ cd `[K~/i240a/submit/lab1/2-seperate-compilatio n
bash: cd: /home/aceylan1/i240a/submit/lab1/2-seperate-compilation: No such file or directory
aceylan1@g7-05:~/i240a/submit/lab1$ ../[K[K[Kcd ../lab[K[K[K2[K[K[K[K[K[K[Kvim [K[K[K[Kcd ../2-seperate-compilation/
bash: cd: ../2-seperate-compilation/: No such file or directory
aceylan1@g7-05:~/i240a/submit/lab1$ cd ../2-seperate-compilation
bash: cd: ../2-seperate-compilation: No such file or directory
aceylan1@g7-05:~/i240a/submit/lab1$  cp -r ~/cs240/cs240/labs/lab1/exercises/* . /
aceylan1@g7-05:~/i240a/submit/lab1$ cp -r ~/cs240/cs240/labs/lab1/.gitignore/* . /
cp: cannot stat '/home/aceylan1/cs240/cs240/labs/lab1/.gitignore/*': Not a directory
aceylan1@g7-05:~/i240a/submit/lab1$ cd 2-seperate-compilation
bash: cd: 2-seperate-compilation: No such file or directory
aceylan1@g7-05:~/i240a/submit/lab1$ cd
aceylan1@g7-05:~$ cd i240a
aceylan1@g7-05:~/i240a$ lsd[K
i240a  README.md  submit
aceylan1@g7-05:~/i240a$ cd submit
aceylan1@g7-05:~/i240a/submit$ ls
lab0  lab1
aceylan1@g7-05:~/i240a/submit$ cd lab1
aceylan1@g7-05:~/i240a/submit/lab1$ ls
0-hello       2-separate-compilation  4-dependencies	   lab1
1-monolithic  3-makefile	      5-auto-dependencies  lab1.LOG
aceylan1@g7-05:~/i240a/submit/lab1$ cd 2 -[K[K- [Ksee[Kperqa[C[C[K[K[K[K[K[K[K[K[Kseo[Kpar[K[K [K[K[Kcd 2-separate-compilation/
aceylan1@g7-05:~/i240a/submit/lab1/2-separate-compilation$ cs[Kde[K`[K ~
aceylan1@g7-05:~$ cd[K[Kls
"15'th september.circ"	 Arduino    'Full Adder.circ'	  projects
 22nd_lab_1.circ	 cs120	    '#.gitignore#'	  Public
 22nd_lab_2.circ	 cs220	     i240a		  Templates
 22nd_lab_3.circ	 cs240	     Karnaugh_1.circ	  tmp
 22nd_lab_4.circ	 cs240.      lab		  Videos
 22nd_lab_5.circ	 Desktop    'Mani Curcuit.circ'
 22nd_lab_6.circ	 Documents   Music
 22nd_lab_7.circ	 Downloads   Pictures
aceylan1@g7-05:~$ cd '[Ki240a/
aceylan1@g7-05:~/i240a$ ls
i240a  README.md  submit
aceylan1@g7-05:~/i240a$ s[Kcd submit/
aceylan1@g7-05:~/i240a/submit$ ls
lab0  lab1
aceylan1@g7-05:~/i240a/submit$ cd lab1
aceylan1@g7-05:~/i240a/submit/lab1$ ls
0-hello       2-separate-compilation  4-dependencies	   lab1
1-monolithic  3-makefile	      5-auto-dependencies  lab1.LOG
aceylan1@g7-05:~/i240a/submit/lab1$ cs 2[K[K[Kd 2-separate-compilation/
aceylan1@g7-05:~/i240a/submit/lab1/2-separate-compilation$ [Kaceylan1@g7-05:~/i240a/submit/lab1/2-separate-compilation$ [Kaceylan1@g7-05:~/i240a/submit/lab1/2-separate-compilation$ [Kaceylan1@g7-05:~/i240a/submit/lab1/2-separate-compilation$ [Kaceylan1@g7-05:~/i240a/submit/lab1/2-separate-compilation$ cd
aceylan1@g7-05:~$ cd i240a
aceylan1@g7-05:~/i240a$ cd submit
aceylan1@g7-05:~/i240a/submit$ cd lac[Kb1
aceylan1@g7-05:~/i240a/submit/lab1$ cd 1``[K[K-monolithic/
aceylan1@g7-05:~/i240a/submit/lab1/1-monolithic$ ls
fns-compare  fns-compare.cc
aceylan1@g7-05:~/i240a/submit/lab1/1-monolithic$ ./ fm[Kns[K[K[K[Kfns-compare
1 100000
10 1e+06
100 1e+07
1000 1e+08
10000 1e+09
aceylan1@g7-05:~/i240a/submit/lab1/1-monolithic$ g== -[K[K[K[K++ -g-W[K W[K[K[K -Wall - [Kstd=c++17 fns-com pare.cc [K -o fns-compare
[01m[Kfns-compare.cc:11:1:[m[K [01;35m[Kwarning: [m[K‘[01m[Kdouble quadratic(double)[m[K’ defined but not used [[01;35m[K-Wunused-function[m[K]
 [01;35m[Kquadratic[m[K(double n)
 [01;35m[K^~~~~~~~~[m[K
aceylan1@g7-05:~/i240a/submit/lab1/1-monolithic$ vi fns[K[K[K[Km fns-compare.cc
[?1000h[?2004h[?1049h[22;0;0t[?1h=[?2004h[1;24r[?12h[?12l[22;2t[22;1t[27m[23m[29m[m[H[2J[?25l[24;1H"fns-compare.cc" 25L, 323C[2;1H▽[6n[2;1H  [1;1H[>c]10;?]11;?[1;1H[32mstatic[m [32mdouble[m
linear([32mdouble[m n)
{
  [32mconst[m [32mdouble[m C = [31m1e5[m;
  [38;5;130mreturn[m C*n;
}

[32mstatic[m [32mdouble[m
quadratic([32mdouble[m n)
{
  [32mconst[m [32mdouble[m C = [31m1e3[m;
  [38;5;130mreturn[m C*n*n;
}


[32mint[m
main() {
  [32mFILE[m *[32mconst[m out = [31mstdout[m;
  [38;5;130mfor[m ([32mauto[m n : { [31m1.0[m, [31m10.0[m, [31m100.0[m, [31m1000.0[m, [31m10000.0[m }) {
    fprintf(out, [31m"[m[35m%g[m[31m [m[35m%g\n[m[31m"[m, n, linear(n));
  }
}[24;63H22,42[9CBot]2;fns-compare.cc (~/i240a/submit/lab1/1-monolithic) - VIM]1;fns-compare.cc[20;42H[?25hP+q436f\P+q6b75\P+q6b64\P+q6b72\P+q6b6c\P+q2332\P+q2334\P+q2569\P+q2a37\P+q6b31\[?1000l[?1006h[?1002h[?1006l[?1002l[?1006h[?1002h[27m[23m[29m[m[H[2J[?25l[1;1H[38;5;121mstatic[m [38;5;121mdouble[m
linear([38;5;121mdouble[m n)
{
  [38;5;121mconst[m [38;5;121mdouble[m C = [95m1e5[m;
  [93mreturn[m C*n;
}

[38;5;121mstatic[m [38;5;121mdouble[m
quadratic([38;5;121mdouble[m n)
{
  [38;5;121mconst[m [38;5;121mdouble[m C = [95m1e3[m;
  [93mreturn[m C*n*n;
}


[38;5;121mint[m
main() {
  [38;5;121mFILE[m *[38;5;121mconst[m out = [95mstdout[m;
  [93mfor[m ([38;5;121mauto[m n : { [95m1.0[m, [95m10.0[m, [95m100.0[m, [95m1000.0[m, [95m10000.0[m }) {
    fprintf(out, [95m"[m[38;5;224m%g[m[95m [m[38;5;224m%g\n[m[95m"[m, n, linear(n));
  }
}[24;63H22,42[9CBot"fns-compare.cc" 25L, 323C[20;42H[?25h[?25l[20;12H[46m([28C)[m[24;67H1[20;41H[?25h[?25l[20;12H([28C)[24;66H2[20;21H[?25h[?25l[24;53H%[20;21H[24;53H [20;40H[46m([mn[46m)[m[24;66H40[20;40H[?25h[?25l(n)[24;66H21[20;21H[?25h[?25l[24;53H$[20;21H[24;53H [20;42H[24;66H42[20;42H[?25h[?25l[24;53H~@k[20;42H[24;53H   [20;41H[20;12H[46m([28C)[m[24;67H1[20;41H[?25h[?25l[24;53H~@k[20;41H[24;53H   [20;40H[20;12H([25C[46m([mn[46m)[m)[24;67H0[20;40H[?25h[?25l[24;53H~@k[20;40H[24;53H   [20;39H(n)[24;66H39[20;39H[?25h[?25l[24;53H~@k[20;39H[24;53H   [20;38H[46m([mn[46m)[m[24;67H8[20;38H[?25h[?25l[24;53H~@k[20;38H[24;53H   [20;37Hr(n)[24;67H7[20;37H[?25h[?25l[24;53H~@k[20;37H[24;53H   [20;36H[24;67H6[20;36H[?25h[?25l[24;53H~@k[20;36H[24;53H   [20;35H[24;67H5[20;35H[?25h[?25l[24;53H~@k[20;35H[24;53H   [20;34H[24;67H4[20;34H[?25h[?25l[24;53H~@k[20;34H[24;53H   [20;33H[24;67H3[20;33H[?25h[?25l[24;53H~@k[20;33H[24;53H   [20;32H[24;67H2[20;32H[?25h[?25l[24;53H~@k[20;32H[24;53H   [20;31H[24;67H1[20;31H[?25h[?25l[24;53H~@k[20;31H[24;53H   [20;30H[24;67H0[20;30H[?25h[?25l[24;53H~@k[20;30H[24;53H   [20;29H[24;66H29[20;29H[?25h[?25l[24;53H~@k[20;29H[24;53H   [20;28H[24;67H8[20;28H[?25h[?25l[24;53H~@k[20;28H[24;53H   [20;27H[24;67H7[20;27H[?25h[?25l[24;53H~@k[20;27H[24;53H   [20;26H[24;67H6[20;26H[?25h[?25l[24;53H~@k[20;26H[24;53H   [20;25H[24;67H5[20;25H[?25h[?25l[24;53H~@k[20;25H[24;53H   [20;24H[24;67H4[20;24H[?25h[?25l[24;53H~@k[20;24H[24;53H   [20;23H[24;67H3[20;23H[?25h[?25l[24;53H~@k[20;23H[24;53H   [20;22H[24;67H2[20;22H[?25h[?25l[24;53H~@k[20;22H[24;53H   [20;21H[24;67H1[20;21H[?25h[?25l[24;53H%[20;21H[24;53H [20;40H[46m([mn[46m)[m[24;66H40[20;40H[?25h[?25l[24;53H~@k[20;40H[24;53H   [20;39H(n)[24;66H39[20;39H[?25h[?25l[24;53H~@k[20;39H[24;53H   [20;38H[46m([mn[46m)[m[24;67H8[20;38H[?25h[?25l[24;53H~@k[20;38H[24;53H   [20;37Hr(n)[24;67H7[20;37H[?25h[?25l[24;53H~@k[20;37H[24;53H   [20;36H[24;67H6[20;36H[?25h[?25l[24;53H~@k[20;36H[24;53H   [20;35H[24;67H5[20;35H[?25h[?25l[24;53H~@k[20;35H[24;53H   [20;34H[24;67H4[20;34H[?25h[?25l[17;8H[46m{[22;1H}[m[24;64H4,1 [22;1H[?25h[?25l[17;8H{[22;1H}[24;64H2,42[20;42H[?25h[?25l[19;56H[46m{

[m  [46m}[m[24;64H3,3 [21;3H[?25h[?25l[19;56H{

  }[24;64H2,35[20;35H[?25h[?25l[24;66H22[20;22H[?25h[?25l[24;67H1[20;21H[?25h[?25l[24;53Hh[20;21H[24;53H [20;20H[24;67H0[20;20H[?25h[?25l[24;66H19[20;19H[?25h[?25l[24;53Hg[20;19H[?25h[?25l[24;53H [20;19H[24;1H[1m-- SELECT --[m[24;13H[K[24;63H22,19[9CBot[20;19H[?25h[?25l[24;4H[1mINSERT[m[24;63H[K[24;63H22,19[9CBot[20;19H[95mtg[m[24;66H20]2;fns-compare.cc + (~/i240a/submit/lab1/1-monolithic) - VIM]1;fns-compare.cc[20;20H[?25h[?25l[1C[95mg [m[38;5;224m%g\n[m[95m"[m, n, linear(n));[24;67H1[20;21H[?25h[?25l[1C[95mg [m[38;5;224m%g\n[m[95m"[m, n, linear(n));[24;67H2[20;22H[?25h[?25l[95mjg [m[38;5;224m%g\n[m[95m"[m, n, linear(n));[24;67H3[20;23H[?25h[?25l[95mjhg [m[38;5;224m%g\n[m[95m"[m, n, linear(n));[24;67H5[20;25H[?25h[?25l[95mg [m[38;5;224m%g\n[m[95m"[m, n, linear(n));[20;47H[K[24;67H4[20;24H[?25h[?25l[95mg [m[38;5;224m%g\n[m[95m"[m, n, linear(n));[20;46H[K[24;67H3[20;23H[?25h[?25l[95mg [m[38;5;224m%g\n[m[95m"[m, n, linear(n));[20;45H[K[24;67H2[20;22H[?25h[?25l[95m [m[38;5;224m%g\n[m[95m"[m, n, linear(n));[20;44H[K[24;67H1[20;21H[?25h[?25l[95m [m[38;5;224m%g\n[m[95m"[m, n, linear(n));[20;43H[K[24;67H0[20;20H[?25h[?25l[95mg [m[38;5;224m%g\n[m[95m"[m, n, linear(n));[20;42H[K[24;66H19[20;19H[?25h[?25l[38;5;224m%g[m[95m [m[38;5;224m%g\n[m[95m"[m, n, linear(n));[24;66H20[20;20H[?25h[?25l[24;67H1[20;21H[?25h[?25l[95m% [m[38;5;224m%g\n[m[95m"[m, n, linear(n));[24;67H2[20;22H[?25h[?25l[38;5;224m%g[m[95m [m[38;5;224m%g\n[m[95m"[m, n, linear(n));[24;67H3[20;23H[?25h[?25l[24;67H2[20;22H[?25h[?25l[24;67H1[20;21H[?25h[?25l[95m [m[38;5;224m%g[m[95m [m[38;5;224m%g\n[m[95m"[m, n, linear(n));[24;67H2[20;22H[?25h[?25l[24;67H3[20;23H[?25h[?25l[24;67H4[20;24H[?25h[?25l[24;67H5[20;25H[?25h[?25l[24;67H6[20;26H[?25h[?25l[24;67H7[20;27H[?25h[?25l[24;67H8[20;28H[?25h[?25l[24;67H9[20;29H[?25h[?25l[24;66H30[20;30H[?25h[?25l[24;67H1[20;31H[?25h[?25l[24;67H2[20;32H[?25h[?25l[24;67H3[20;33H[?25h[?25l[24;67H4[20;34H[?25h[?25l[24;67H5[20;35H[?25h[?25l[24;67H6[20;36H[?25h[?25l[24;67H7[20;37H[?25h[?25l[24;67H8[20;38H[?25h[?25l[24;67H9[20;39H[?25h[?25l[24;66H40[20;40H[?25h[?25lr[46m([mn[46m)[m[24;67H1[20;41H[?25h[?25l[24;67H2[20;42H[?25h[?25l[24;67H3[20;43H[?25h[?25l[20;12H[46m([m[28C(n)[46m)[m[24;67H4[20;44H[?25h[?25l[20;12H([28C[46m([mn[46m)[m)[24;67H3[20;43H[?25h[?25l[46m [m)); [46m)[m[24;67H4[20;44H[?25h[?25l)[1C;[20;46H[K[20;43H[46m)[m)[24;67H3[20;43H[?25h[?25l[20;12H[46m([m[28C(n)[46m)[m[24;67H4[20;44H[?25h[?25l[46m [m); [46m)[m[24;67H5[20;45H[?25h[?25l[20;12H([28C[46m([mn[46m)[m )[24;67H4[20;44H[?25h[?25l' );[20;41H(n)[24;67H5[20;45H[?25h[?25l );[20;47H[K[20;41H[46m([mn[46m)[m[24;67H4[20;44H[?25h[?25l' );[20;41H(n)[24;67H5[20;45H[?25h[?25l );[20;47H[K[20;41H[46m([mn[46m)[m[24;67H4[20;44H[?25h[?25l[95m" );
  }
}[m[20;41H(n)[24;67H5[20;45H[?25h[?25l );[20;47H[K[21;1H  }
}[20;41H[46m([mn[46m)[m[24;67H4[20;44H[?25h[?25l/ );[20;41H(n)[24;67H5[20;45H[?25h[?25l );[20;47H[K[20;41H[46m([mn[46m)[m[24;67H4[20;44H[?25h[?25l, );[20;41H(n)[24;67H5[20;45H[?25h[?25l  );[24;67H6[20;46H[?25h[?25lq );[24;67H7[20;47H[?25h[?25lu );[24;67H8[20;48H[?25h[?25la );[24;67H9[20;49H[?25h[?25ld );[24;66H50[20;50H[?25h[?25lr );[24;67H1[20;51H[?25h[?25la );[24;67H2[20;52H[?25h[?25lt );[24;67H3[20;53H[?25h[?25li );[24;67H4[20;54H[?25h[?25lc );[24;67H5[20;55H[?25h[?25l( );[46m([m [46m)[m[24;67H6[20;56H[?25h[?25ln[46m [m);(n [24;67H7[20;57H[?25h[?25l) );[46m([mn[46m)[m[24;67H8[20;58H[?25h[?25l[20;12H[46m([m[42C(n) [46m)[m[24;67H9[20;59H[?25h[?25l[24;66H60[20;60H[?25h[?25l[24;66H59[20;59H[?25h[?25l[20;12H([42C[46m([mn[46m)[m )[24;67H8[20;58H[?25h[?25l[46m [m);[20;60H[K[20;55H(n [24;67H7[20;57H[?25h[?25l) );[46m([mn[46m)[m[24;67H8[20;58H[?25h[?25l(n)[24;66H61[20;61H[?25h[24;1H[K[20;60H[?25l[24;53H^[[20;60H[24;53H  [20;61H[24;63H22,60[9CBot[20;60H[?25h[?25l[24;53H~@k[20;60H[24;53H   [21;3H[19;56H[46m{

[m  [46m}[m[24;64H3,3 [21;3H[?25h[?25l[24;53H~@k[21;3H[24;53H   [22;1H[17;8H[46m{[m[19;56H{

  }
[46m}[m[24;64H4,1[22;1H[?25h[?25l[24;53H:[22;1H[24;53H[K[24;1H:[?2004h[?25hx[?25l[?25h[?25l[?1006l[?1002l[?2004l"fns-compare.cc" 25L, 341C written]2;Terminal - ]1;Terminal - [23;2t[23;1t[22;2t[22;1t[23;2t[23;1t
[?2004l[?1l>[?25h[?1049l[23;0;0taceylan1@g7-05:~/i240a/submit/lab1/1-monolithic$ vim fns-compare.ccg++ -g -Wall -std=c++17 fns-compare.cc -o fns-compare
aceylan1@g7-05:~/i240a/submit/lab1/1-monolithic$ g++ -g -Wall -std=c++17 fns-compare.cc -o fns-compare[A[C[C[C[C[C[C[C[C[C[C[C[C[C[C[C[C[C[C[C[C[C[C[C[C[C[C[C[13Pvim fns-compare.cc
[K[A[C[C[C[C[C[C[C[C[C[C[C[C[C[C[C[C[C[C[C[C[C[C[C[C[C[C[C[C[C[C[C[C[C[C[C[C[C[C[C[C[C[C[C[C[C[C[C[C[C[C[C[C[C[C[C[C[C[C[C[C[C[C[C[C[C[C[Cg++ -g -Wall -std=c++17 fns-compare.cc -o fns-compare[A[C[C[C[C[C[C[C[C[C[C[C[C[C[C[C[C[C[C[C[C[C[C[C[C[C[C[C[18P./fns-compare
[K[A[C[C[C[C[C[C[C[C[C[C[C[C[C[C[C[C[C[C[C[C[C[C[C[C[C[C[C[C[C[C[C[C[C[C[C[C[C[C[C[C[C[C[C[C[C[C[C[C[C[C[C[C[C[C[C[C[C[C[C[C[C[C
1 100000 1000
10 1e+06 100000
100 1e+07 1e+07
1000 1e+08 1e+09
10000 1e+09 1e+11
aceylan1@g7-05:~/i240a/submit/lab1/1-monolithic$ x[Kcd
aceylan1@g7-05:~$ cd '[Ki
Display all 101 possibilities? (y or n)
aceylan1@g7-05:~$ i
bash: i: command not found
aceylan1@g7-05:~$ n
bash: n: command not found
aceylan1@g7-05:~$ cd '[Ki240a/
aceylan1@g7-05:~/i240a$ cd submit/
aceylan1@g7-05:~/i240a/submit$ cd kabv[K[K[K[Klab1
aceylan1@g7-05:~/i240a/submit/lab1$ cd 2-separate-compilation/
aceylan1@g7-05:~/i240a/submit/lab1/2-separate-compilation$ ls
fns-compare.cc	fns-compare.hh	linear.cc
aceylan1@g7-05:~/i240a/submit/lab1/2-separate-compilation$ vim fns-compare.cc
[?1000h[?2004h[?1049h[22;0;0t[?1h=[?2004h[1;24r[?12h[?12l[22;2t[22;1t[27m[23m[29m[m[H[2J[?25l[24;1H"fns-compare.cc" 30L, 706C[2;1H▽[6n[2;1H  [1;1H[>c]10;?]11;?[1;1H[35m#include [m[31m<iostream>[m
[35m#include [m[31m<vector>[m

[35m#include [m[31m"fns-compare.hh"[m

std::vector<FnInfo>& fnInfoStore() {
  [32mstatic[m std::vector<FnInfo> fnInfos;
  [38;5;130mreturn[m fnInfos;
}

[32mbool[m
register_fn(FnInfo fnInfo) {
  fnInfoStore().push_back(fnInfo);
  [38;5;130mreturn[m [31mtrue[m;
}

[32mint[m
main() {
  [32mFILE[m *[32mconst[m out = [31mstdout[m;
  [32menum[m { WIDTH = [31m10[m };
  std::vector<FnInfo>& fnInfos = fnInfoStore();
  fprintf(out, [31m"[m[35m%*s[m[31m"[m, WIDTH, [31m"n"[m);
  [38;5;130mfor[m ([32mauto[m &fnInfo : fnInfos) { fprintf(out, [31m"[m[35m%*s[m[31m"[m, WIDTH, fnInfo.descr); }[24;63H1,1[11CTop]2;fns-compare.cc (~/i240a/submit/lab1/2-separate-compilation) - VIM]1;fns-compare.cc[1;1H[?25hP+q436f\P+q6b75\P+q6b64\P+q6b72\P+q6b6c\P+q2332\P+q2334\P+q2569\P+q2a37\P+q6b31\[?1000l[?1006h[?1002h[?1006l[?1002l[?1006h[?1002h[27m[23m[29m[m[H[2J[?25l[1;1H[38;5;81m#include [m[95m<iostream>[m
[38;5;81m#include [m[95m<vector>[m

[38;5;81m#include [m[95m"fns-compare.hh"[m

std::vector<FnInfo>& fnInfoStore() {
  [38;5;121mstatic[m std::vector<FnInfo> fnInfos;
  [93mreturn[m fnInfos;
}

[38;5;121mbool[m
register_fn(FnInfo fnInfo) {
  fnInfoStore().push_back(fnInfo);
  [93mreturn[m [95mtrue[m;
}

[38;5;121mint[m
main() {
  [38;5;121mFILE[m *[38;5;121mconst[m out = [95mstdout[m;
  [38;5;121menum[m { WIDTH = [95m10[m };
  std::vector<FnInfo>& fnInfos = fnInfoStore();
  fprintf(out, [95m"[m[38;5;224m%*s[m[95m"[m, WIDTH, [95m"n"[m);
  [93mfor[m ([38;5;121mauto[m &fnInfo : fnInfos) { fprintf(out, [95m"[m[38;5;224m%*s[m[95m"[m, WIDTH, fnInfo.descr); }[24;63H1,1[11CTop"fns-compare.cc" 30L, 706C[1;1H[?25h[?25l[24;53H^[[1;1H[24;53H  [1;1H[24;53H^[[1;1H[24;53H  [1;1H[?25h[?25l[24;53H:[1;1H[24;1H[K[24;1H:[?2004h[?25hx[?25l[?25h[?25l[?1006l[?1002l[?2004l]2;Terminal - ]1;Terminal - [23;2t[23;1t[22;2t[22;1t[23;2t[23;1t[24;1H[K[24;1H[?2004l[?1l>[?25h[?1049l[23;0;0taceylan1@g7-05:~/i240a/submit/lab1/2-separate-compilation$ vim fns-compare.hh
[?1000h[?2004h[?1049h[22;0;0t[?1h=[?2004h[1;24r[?12h[?12l[22;2t[22;1t[27m[23m[29m[m[H[2J[?25l[24;1H"fns-compare.hh" 14L, 237C[2;1H▽[6n[2;1H  [1;1H[>c]10;?]11;?[1;1H[35m#ifndef FNS_COMPARE_H_
#define FNS_COMPARE_H_[m

[32mtypedef[m [32mdouble[m FN([32mdouble[m);

[32mstruct[m FnInfo {
  FnInfo([32mconst[m [32mchar[m *descr, FN *fn) : descr(descr), fn(fn) { }
  [32mconst[m [32mchar[m *descr;
  FN *fn;
};

[32mbool[m register_fn([32mconst[m FnInfo fnInfo);

[35m#endif[m
[94m~                                                                               [16;1H~                                                                               [17;1H~                                                                               [18;1H~                                                                               [19;1H~                                                                               [20;1H~                                                                               [21;1H~                                                                               [22;1H~                                                                               [23;1H~                                                                               [m[24;63H1,1[11CAll]2;fns-compare.hh (~/i240a/submit/lab1/2-separate-compilation) - VIM]1;fns-compare.hh[1;1H[?25hP+q436f\P+q6b75\P+q6b64\P+q6b72\P+q6b6c\P+q2332\P+q2334\P+q2569\P+q2a37\P+q6b31\[?1000l[?1006h[?1002h[?1006l[?1002l[?1006h[?1002h[27m[23m[29m[m[H[2J[?25l[1;1H[38;5;81m#ifndef FNS_COMPARE_H_
#define FNS_COMPARE_H_[m

[38;5;121mtypedef[m [38;5;121mdouble[m FN([38;5;121mdouble[m);

[38;5;121mstruct[m FnInfo {
  FnInfo([38;5;121mconst[m [38;5;121mchar[m *descr, FN *fn) : descr(descr), fn(fn) { }
  [38;5;121mconst[m [38;5;121mchar[m *descr;
  FN *fn;
};

[38;5;121mbool[m register_fn([38;5;121mconst[m FnInfo fnInfo);

[38;5;81m#endif[m
[94m~                                                                               [16;1H~                                                                               [17;1H~                                                                               [18;1H~                                                                               [19;1H~                                                                               [20;1H~                                                                               [21;1H~                                                                               [22;1H~                                                                               [23;1H~                                                                               [m[24;63H1,1[11CAll"fns-compare.hh" 14L, 237C[1;1H[?25h[?25l[24;64H4,6[14;6H[?25h[?25l[24;53H^[[14;6H[24;53H  [14;6H[24;53H^[[14;6H[24;53H  [14;6H[?25h[?25l[24;53H:[14;6H[24;1H[K[24;1H:[?2004h[?25h:[?25l[?25hx[?25l[?25h[?25l[?1006l[?1002l[?2004l]2;Terminal - ]1;Terminal - [23;2t[23;1t[22;2t[22;1t[23;2t[23;1t[24;1H[K[24;1H[?2004l[?1l>[?25h[?1049l[23;0;0taceylan1@g7-05:~/i240a/submit/lab1/2-separate-compilation$ g++ -g -Wall -std=c++17 -c fns-compare.cc
aceylan1@g7-05:~/i240a/submit/lab1/2-separate-compilation$ g++ -g -Wall -std=c++17 -c linear.cc
aceylan1@g7-05:~/i240a/submit/lab1/2-separate-compilation$ g++ fns-compare.o linear.o -o fns-compare
aceylan1@g7-05:~/i240a/submit/lab1/2-separate-compilation$ ./fns-compare
         n    linear
         1     10000
        10    100000
       100     1e+06
      1000     1e+07
     10000     1e+08
    100000     1e+09
aceylan1@g7-05:~/i240a/submit/lab1/2-separate-compilation$ vim quadrativ[Kc.cc
[?1000h[?2004h[?1049h[22;0;0t[?1h=[?2004h[1;24r[?12h[?12l[22;2t[22;1t[27m[23m[29m[m[H[2J[?25l[24;1H"quadratic.cc" [New File][2;1H▽[6n[2;1H  [1;1H[>c]10;?]11;?[2;1H[94m~                                                                               [3;1H~                                                                               [4;1H~                                                                               [5;1H~                                                                               [6;1H~                                                                               [7;1H~                                                                               [8;1H~                                                                               [9;1H~                                                                               [10;1H~                                                                               [11;1H~                                                                               [12;1H~                                                                               [13;1H~                                                                               [14;1H~                                                                               [15;1H~                                                                               [16;1H~                                                                               [17;1H~                                                                               [18;1H~                                                                               [19;1H~                                                                               [20;1H~                                                                               [21;1H~                                                                               [22;1H~                                                                               [23;1H~                                                                               [m[24;63H0,0-1[9CAll]2;quadratic.cc (~/i240a/submit/lab1/2-separate-compilation) - VIM]1;quadratic.cc[1;1H[?25hP+q436f\P+q6b75\P+q6b64\P+q6b72\P+q6b6c\P+q2332\P+q2334\P+q2569\P+q2a37\P+q6b31\[?1000l[?1006h[?1002h[?1006l[?1002l[?1006h[?1002h[27m[23m[29m[m[H[2J[?25l[2;1H[94m~                                                                               [3;1H~                                                                               [4;1H~                                                                               [5;1H~                                                                               [6;1H~                                                                               [7;1H~                                                                               [8;1H~                                                                               [9;1H~                                                                               [10;1H~                                                                               [11;1H~                                                                               [12;1H~                                                                               [13;1H~                                                                               [14;1H~                                                                               [15;1H~                                                                               [16;1H~                                                                               [17;1H~                                                                               [18;1H~                                                                               [19;1H~                                                                               [20;1H~                                                                               [21;1H~                                                                               [22;1H~                                                                               [23;1H~                                                                               [m[24;63H0,0-1[9CAll"quadratic.cc" [New File][1;1H[?25h[?25l[24;53Hi[1;1H[24;53H [1;1H[24;1H[1m-- INSERT --[m[24;13H[K[24;63H0,1[11CAll[1;1H[?25h[?25li[24;63H1,2]2;quadratic.cc + (~/i240a/submit/lab1/2-separate-compilation) - VIM]1;quadratic.cc[1;2H[?25h[?25ln[24;65H3[1;3H[?25h[?25lc[24;65H4[1;4H[?25h[?25ll[24;65H5[1;5H[?25h[?25lu[24;65H6[1;6H[?25h[?25ld[24;65H7[1;7H[?25h[?25le[24;65H8[1;8H[?25h[?25l<[24;65H9[1;9H[?25h[?25l[1;8H[K[24;65H8[1;8H[?25h[?25l[24;65H9[1;9H[?25h[?25l<[24;65H10[1;10H[?25h[?25lf[24;66H1[1;11H[?25h[?25ln[24;66H2[1;12H[?25h[?25ls[24;66H3[1;13H[?25h[?25l-[24;66H4[1;14H[?25h[?25lc[24;66H5[1;15H[?25h[?25lo[24;66H6[1;16H[?25h[?25lm[24;66H7[1;17H[?25h[?25lp[24;66H8[1;18H[?25h[?25la[24;66H9[1;19H[?25h[?25lr[24;65H20[1;20H[?25h[?25le[24;66H1[1;21H[?25h[?25l.[24;66H2[1;22H[?25h[?25lc[24;66H3[1;23H[?25h[?25lc[24;66H4[1;24H[?25h[?25l>[24;66H5[1;25H[?25h[?25l[1;24H[K[24;66H4[1;24H[?25h[?25l[1;23H[K[24;66H3[1;23H[?25h[?25l[1;22H[K[24;66H2[1;22H[?25h[?25l[1;21H[K[24;66H1[1;21H[?25h[?25l[1;20H[K[24;66H0[1;20H[?25h[?25l[1;19H[K[24;65H19[1;19H[?25h[?25l[1;18H[K[24;66H8[1;18H[?25h[?25l[1;17H[K[24;66H7[1;17H[?25h[?25l[1;16H[K[24;66H6[1;16H[?25h[?25l[1;15H[K[24;66H5[1;15H[?25h[?25l[1;14H[K[24;66H4[1;14H[?25h[?25l[1;13H[K[24;66H3[1;13H[?25h[?25l[1;12H[K[24;66H2[1;12H[?25h[?25l[1;11H[K[24;66H1[1;11H[?25h[?25l[1;10H[K[24;66H0[1;10H[?25h[?25l[1;9H[K[24;65H9 [1;9H[?25h[?25l'[24;65H10[1;10H[?25h[?25l[1;9H[K[24;65H9 [1;9H[?25h[?25l[95m"[m[24;65H10[1;10H[?25h[?25l[95mf[m[24;66H1[1;11H[?25h[?25l[95mn[m[24;66H2[1;12H[?25h[?25l[95ms[m[24;66H3[1;13H[?25h[?25l[95m-[m[24;66H4[1;14H[?25h[?25l[95mc[m[24;66H5[1;15H[?25h[?25l[95mo[m[24;66H6[1;16H[?25h[?25l[95mm[m[24;66H7[1;17H[?25h[?25l[95mp[m[24;66H8[1;18H[?25h[?25l[95ma[m[24;66H9[1;19H[?25h[?25l[95mr[m[24;65H20[1;20H[?25h[?25l[95me[m[24;66H1[1;21H[?25h[?25l[95m.[m[24;66H2[1;22H[?25h[?25l[95mh[m[24;66H3[1;23H[?25h[?25l[95mh[m[24;66H4[1;24H[?25h[?25l[95m"[m[24;66H5[1;25H[?25h[?25l[2;1H[K[24;63H2,1 [2;1H[?25h[?25l[3;1H[K[24;63H3[3;1H[?25h[?25ls[24;65H2[3;2H[?25h[?25lt[24;65H3[3;3H[?25h[?25la[24;65H4[3;4H[?25h[?25lt[24;65H5[3;5H[?25h[?25li[24;65H6[3;6H[?25h[?25l[38;5;121mstatic[m[24;65H7[3;7H[?25h[?25l[24;65H8[3;8H[?25h[?25ld[24;65H9[3;9H[?25h[?25l[93mdo[m[24;65H10[3;10H[?25h[?25ldou[24;66H1[3;11H[?25h[?25lb[24;66H2[3;12H[?25h[?25ll[24;66H3[3;13H[?25h[?25l[38;5;121mdouble[m[24;66H4[3;14H[?25h[?25l[24;66H5[3;15H[?25h[?25l[24;66H4[3;14H[?25h[?25l[4;1H[K[24;63H4,1 [4;1H[?25h[?25lg[24;65H2[4;2H[?25h[?25lu[24;65H3[4;3H[?25h[?25la[24;65H4[4;4H[?25h[?25ld[24;65H5[4;5H[?25h[?25lr[24;65H6[4;6H[?25h[?25la[24;65H7[4;7H[?25h[?25lt[24;65H8[4;8H[?25h[?25li[24;65H9[4;9H[?25h[?25lc[24;65H10[4;10H[?25h[?25l[24;66H1[4;11H[?25h[?25l[24;66H0[4;10H[?25h[?25l([24;66H1[4;11H[?25h[?25ld[24;66H2[4;12H[?25h[?25l[93mdo[m[24;66H3[4;13H[?25h[?25ldou[24;66H4[4;14H[?25h[?25lb[24;66H5[4;15H[?25h[?25ll[24;66H6[4;16H[?25h[?25l[38;5;121mdouble[m[24;66H7[4;17H[?25h[?25l[24;66H8[4;18H[?25h[?25ln[24;66H9[4;19H[?25h[?25l)[4;10H[46m([8C)[m[24;65H20[4;20H[?25h[?25l
        [5;9H[K[4;10H([8C)[24;63H5,2-9[5;9H[?25h[?25l[24;65H1  [5;1H[?25h[?25l{[24;65H2[5;2H[?25h[?25l
        [6;9H[K[24;63H6,2-9[6;9H[?25h[?25l[24;65H1  [6;1H[?25h[?25l[24;65H2-9[6;9H[?25h[?25lc[24;65H3-10[6;10H[?25h[?25lo[24;65H4-11[6;11H[?25h[?25ln[24;65H5-12[6;12H[?25h[?25ls[24;65H6-13[6;13H[?25h[?25l[38;5;121mconst[m[24;65H7-14[6;14H[?25h[?25l[24;65H8-15[6;15H[?25h[?25ld[24;65H9-16[6;16H[?25h[?25l[93mdo[m[24;65H10-17[6;17H[?25h[?25ldou[24;66H1-18[6;18H[?25h[?25lb[24;66H2-19[6;19H[?25h[?25ll[24;66H3-20[6;20H[?25h[?25l[38;5;121mdouble[m[24;66H4-21[6;21H[?25h[?25l[24;66H5-22[6;22H[?25h[?25l[24;66H4-21[6;21H[?25h[?25l[24;66H5-22[6;22H[?25h[?25lC[24;66H6-23[6;23H[?25h[?25l[24;66H7-24[6;24H[?25h[?25l=[24;66H8-25[6;25H[?25h[?25ll[24;66H9-26[6;26H[?25h[?25le[24;65H20-27[6;27H[?25h[?25l3[24;66H1-28[6;28H[?25h[?25l:[24;66H2-29[6;29H[?25h[?25l[6;28H[K[24;66H1-28[6;28H[?25h[?25l;[24;66H2-29[6;29H[?25h[?25l
        [7;9H[K[24;63H7,2-9  [7;9H[?25h[?25lr[24;65H3-10[7;10H[?25h[?25le[24;65H4-11[7;11H[?25h[?25lt[24;65H5-12[7;12H[?25h[?25lr[24;65H6-13[7;13H[?25h[?25lu[24;65H7-14[7;14H[?25h[?25l[7;13H[K[24;65H6-13[7;13H[?25h[?25l[7;12H[K[24;65H5-12[7;12H[?25h[?25lu[24;65H6-13[7;13H[?25h[?25lr[24;65H7-14[7;14H[?25h[?25l[93mreturn[m[24;65H8-15[7;15H[?25h[?25l[24;65H9-16[7;16H[?25h[?25lC[24;65H10-17[7;17H[?25h[?25l*[24;66H1-18[7;18H[?25h[?25lN[24;66H2-19[7;19H[?25h[?25l*[24;66H3-20[7;20H[?25h[?25l[7;19H[K[24;66H2-19[7;19H[?25h[?25l[7;18H[K[24;66H1-18[7;18H[?25h[?25ln[24;66H2-19[7;19H[?25h[?25l*[24;66H3-20[7;20H[?25h[?25ln[24;66H4-21[7;21H[?25h[?25l;[24;66H5-22[7;22H[?25h[?25ll[24;66H6-23[7;23H[?25h[?25l[7;22H[K[24;66H5-22[7;22H[?25h[?25l
        [8;9H[K[24;63H8,2-9  [8;9H[?25h[?25l[24;65H1  [8;1H[?25h[?25l}[5;1H[46m{


}[m[24;65H2[8;2H[?25h[?25l[9;1H[K[5;1H{


}[24;63H9,1[9;1H[?25h[?25l[10;1H[K[24;63H10,1[10;1H[?25h[?25ls[24;66H2[10;2H[?25h[?25lt[24;66H3[10;3H[?25h[?25la[24;66H4[10;4H[?25h[?25lt[24;66H5[10;5H[?25h[?25li[24;66H6[10;6H[?25h[?25l[38;5;121mstatic[m[24;66H7[10;7H[?25h[?25l[24;66H8[10;8H[?25h[?25lc[24;66H9[10;9H[?25h[?25lo[24;66H10[10;10H[?25h[?25ln[24;67H1[10;11H[?25h[?25ls[24;67H2[10;12H[?25h[?25l[38;5;121mconst[m[24;67H3[10;13H[?25h[?25l[24;67H4[10;14H[?25h[?25lb[24;67H5[10;15H[?25h[?25lo[24;67H6[10;16H[?25h[?25lo[24;67H7[10;17H[?25h[?25l[38;5;121mbool[m[24;67H8[10;18H[?25h[?25l[24;67H9[10;19H[?25h[?25li[24;66H20[10;20H[?25h[?25ls[24;67H1[10;21H[?25h[?25lR[24;67H2[10;22H[?25h[?25le[24;67H3[10;23H[?25h[?25lg[24;67H4[10;24H[?25h[?25li[24;67H5[10;25H[?25h[?25ls[24;67H6[10;26H[?25h[?25lt[24;67H7[10;27H[?25h[?25le[24;67H8[10;28H[?25h[?25lr[24;67H9[10;29H[?25h[?25le[24;66H30[10;30H[?25h[?25ld[24;67H1[10;31H[?25h[?25l[24;67H2[10;32H[?25h[?25l=[24;67H3[10;33H[?25h[?25l[11;1H[K[24;64H1,1 [11;1H[?25h[?25l[24;66H2-9[11;9H[?25h[?25lr[24;66H3-10[11;10H[?25h[?25le[24;66H4-11[11;11H[?25h[?25lg[24;66H5-12[11;12H[?25h[?25li[24;66H6-13[11;13H[?25h[?25ls[24;66H7-14[11;14H[?25h[?25lt[24;66H8-15[11;15H[?25h[?25le[24;66H9-16[11;16H[?25h[?25l[11;9H[38;5;121mregister[m[24;66H10-17[11;17H[?25h[?25l[11;9Hregister_[24;67H1-18[11;18H[?25h[?25lf[24;67H2-19[11;19H[?25h[?25ln[24;67H3-20[11;20H[?25h[?25l([24;67H4-21[11;21H[?25h[?25lF[24;67H5-22[11;22H[?25h[?25ln[24;67H6-23[11;23H[?25h[?25lI[24;67H7-24[11;24H[?25h[?25lN[24;67H8-25[11;25H[?25h[?25l[11;24H[K[24;67H7-24[11;24H[?25h[?25ln[24;67H8-25[11;25H[?25h[?25lf[24;67H9-26[11;26H[?25h[?25li[24;66H20-27[11;27H[?25h[?25l[11;26H[K[24;66H19-26[11;26H[?25h[?25lo[24;66H20-27[11;27H[?25h[?25l([24;67H1-28[11;28H[?25h[?25l[95m"[m[24;67H2-29[11;29H[?25h[?25l[95mq[m[24;67H3-30[11;30H[?25h[?25l[95mu[m[24;67H4-31[11;31H[?25h[?25l[95ma[m[24;67H5-32[11;32H[?25h[?25l[95md[m[24;67H6-33[11;33H[?25h[?25l[95mr[m[24;67H7-34[11;34H[?25h[?25l[95ma[m[24;67H8-35[11;35H[?25h[?25l[95mt[m[24;67H9-36[11;36H[?25h[?25l[95mi[m[24;66H30-37[11;37H[?25h[?25l[11;36H[K[24;66H29-36[11;36H[?25h[?25l[95mi[m[24;66H30-37[11;37H[?25h[?25l[95mc[m[24;67H1-38[11;38H[?25h[?25l[95m"[m[24;67H2-39[11;39H[?25h[?25l'[24;67H3-40[11;40H[?25h[?25l[24;67H4-41[11;41H[?25h[?25l[24;67H3-40[11;40H[?25h[?25l[11;39H[K[24;67H2-39[11;39H[?25h[?25l[95m"[m[24;67H3-40[11;40H[?25h[?25l[11;39H[K[24;67H2-39[11;39H[?25h[?25l,[24;67H3-40[11;40H[?25h[?25l[24;67H4-41[11;41H[?25h[?25lg[24;67H5-42[11;42H[?25h[?25lu[24;67H6-43[11;43H[?25h[?25la[24;67H7-44[11;44H[?25h[?25ld[24;67H8-45[11;45H[?25h[?25lr[24;67H9-46[11;46H[?25h[?25la[24;66H40-47[11;47H[?25h[?25lt[24;67H1-48[11;48H[?25h[?25li[24;67H2-49[11;49H[?25h[?25lc[24;67H3-50[11;50H[?25h[?25l([24;67H4-51[11;51H[?25h[?25l)[46m()[m[24;67H5-52[11;52H[?25h[?25l[11;51H[K[11;50H([24;67H4-51[11;51H[?25h[?25l[11;50H[K[24;67H3-50[11;50H[?25h[?25l)[11;27H[46m([22C)[m[24;67H4-51[11;51H[?25h[?25l)[11;20H[46m([mFnInfo([22C)[46m)[m[24;67H5-52[11;52H[?25h[?25l;[11;20H([30C)[24;67H6-53[11;53H[?25h[24;1H[K[11;52H[?25l[24;53H^[[11;52H[24;53H  [11;53H[24;63H11,45-52      All[11;52H[?25h[?25l[24;53H:[11;52H[24;53H[K[24;1H:[?2004h[?25h:[?25l[?25hx[?25l[?25h[?25l[?1006l[?1002l[?2004l"quadratic.cc" [New] 11L, 181C written]2;Terminal - ]1;Terminal - [23;2t[23;1t[22;2t[22;1t[23;2t[23;1t
[?2004l[?1l>[?25h[?1049l[23;0;0taceylan1@g7-05:~/i240a/submit/lab1/2-separate-compilation$ vim quadratic.cc
[?1000h[?2004h[?1049h[22;0;0t[?1h=[?2004h[1;24r[?12h[?12l[22;2t[22;1t[27m[23m[29m[m[H[2J[?25l[24;1H"quadratic.cc" 11L, 181C[2;1H▽[6n[2;1H  [1;1H[>c]10;?]11;?[1;1Hinclude [31m"fns-compare.hh"[m

[32mstatic[m [32mdouble[m
guadratic([32mdouble[m n)
{[6;9H[32mconst[m [32mdouble[m C =le3;[7;9H[38;5;130mreturn[m C*n*n;
}

[32mstatic[m [32mconst[m [32mbool[m isRegistered =[11;9Hregister_fn(FnInfo([31m"quadratic"[m, guadratic));
[94m~                                                                               [13;1H~                                                                               [14;1H~                                                                               [15;1H~                                                                               [16;1H~                                                                               [17;1H~                                                                               [18;1H~                                                                               [19;1H~                                                                               [20;1H~                                                                               [21;1H~                                                                               [22;1H~                                                                               [23;1H~                                                                               [m[24;63H11,45-52      All]2;quadratic.cc (~/i240a/submit/lab1/2-separate-compilation) - VIM]1;quadratic.cc[11;52H[?25hP+q436f\P+q6b75\P+q6b64\P+q6b72\P+q6b6c\P+q2332\P+q2334\P+q2569\P+q2a37\P+q6b31\[?1000l[?1006h[?1002h[?1006l[?1002l[?1006h[?1002h[27m[23m[29m[m[H[2J[?25l[1;1Hinclude [95m"fns-compare.hh"[m

[38;5;121mstatic[m [38;5;121mdouble[m
guadratic([38;5;121mdouble[m n)
{[6;9H[38;5;121mconst[m [38;5;121mdouble[m C =le3;[7;9H[93mreturn[m C*n*n;
}

[38;5;121mstatic[m [38;5;121mconst[m [38;5;121mbool[m isRegistered =[11;9Hregister_fn(FnInfo([95m"quadratic"[m, guadratic));
[94m~                                                                               [13;1H~                                                                               [14;1H~                                                                               [15;1H~                                                                               [16;1H~                                                                               [17;1H~                                                                               [18;1H~                                                                               [19;1H~                                                                               [20;1H~                                                                               [21;1H~                                                                               [22;1H~                                                                               [23;1H~                                                                               [m[24;63H11,45-52      All"quadratic.cc" 11L, 181C[11;52H[?25h[?25l[24;63H6,18-25 [6;25H[?25h[?25l[24;65H21-28[6;28H[?25h[?25l[24;53H~@k[6;28H[24;53H   [6;27H[24;66H0-27[6;27H[?25h[?25l[24;53H~@k[6;27H[24;53H   [6;26H[24;65H19-26[6;26H[?25h[?25l[24;53H~@k[6;26H[24;53H   [6;25H[24;66H8-25[6;25H[?25h[?25l[24;53H1[6;25H[?25h[?25l[24;54H~@k[6;25H[24;53H    [6;26H[24;66H9-26[6;26H[?25h[?25l[24;53H~@k[6;26H[24;53H   [6;27H[24;65H20-27[6;27H[?25h[?25l[24;53H~@k[6;27H[24;53H   [6;28H[24;66H1-28[6;28H[?25h[?25l[24;53H1[6;28H[24;1H[1m-- VISUAL --[m[24;13H[K[24;53H1[6;28H[24;63H6,21-28[7CAll[6;28H[?25h[?25l[?25h[?25l[24;53H [6;28H[24;1H[K[24;63H6,21-28[7CAll[6;28H[?25h[?25l[24;53H1[6;28H[24;1H[1m-- VISUAL --[m[24;53H[K[24;53H1[6;28H[24;63H6,21-28[7CAll[6;28H[?25h[?25l[?25h[?25l[24;53Hi[6;28H[?25h[?25l[24;53H1[6;28H[?25h[?25l[?25h[?25l[24;53Hi[6;28H[?25h[?25l[24;53H1[6;28H[?25h[?25l[?25h[?25l[24;53H [11;49H[24;1H[K[24;63H11,42-49      All[11;49H[?25h[?25l[24;66H33-40[11;40H[?25h[?25l[24;63H6,21-28 [6;28H[?25h[?25l[24;53Hi[6;28H[24;53H [6;28H[24;1H[1m-- INSERT --[m[24;63H[K[24;63H6,21-28[7CAll[6;28H[?25h[?25l;[6;28H[K[24;66H0-27]2;quadratic.cc + (~/i240a/submit/lab1/2-separate-compilation) - VIM]1;quadratic.cc[6;27H[?25h[?25l;[6;27H[K[24;65H19-26[6;26H[?25h[?25l;[6;26H[K[24;66H8-25[6;25H[?25h[?25l[24;66H9-26[6;26H[?25h[?25l[6;25H[K[24;66H8-25[6;25H[?25h[?25l[95m1[m[24;66H9-26[6;26H[?25h[?25l1e[24;65H20-27[6;27H[?25h[?25l[95m1e3[m[24;66H1-28[6;28H[?25h[?25l;[24;66H2-29[6;29H[?25h[?25l[24;63H11,2-9 [11;9H[?25h[?25l[24;66H1  [11;1H[?25h[?25l[10;41Hregister_fn(FnInfo([95m"quadratic"[m, guadratii[11;1Hc));[11;9H[K[24;64H0,33[10;33H[?25h[?25l register_fn(FnInfo([95m"quadratic"[m, guadratic));[10;77H[K[11;1H[94m~                                                                               [m[24;67H2[10;32H[?25h[?25l+        register_fn(FnInfo([95m"quadratic"[m, guadratii[11;1Hc));[11;5H[K[24;67H3[10;33H[?25h[?25l register_fn(FnInfo([95m"quadratic"[m, guadratic));[10;77H[K[11;1H[94m~                                                                               [m[24;67H2[10;32H[?25h[?25l=        register_fn(FnInfo([95m"quadratic"[m, guadratii[11;1Hc));[11;5H[K[24;67H3[10;33H[?25h[?25l[24;67H4-41[10;41H[?25h[?25l[24;67H6-43[10;43H[?25h[?25l[24;67H3   [10;33H[?25h[?25l[24;67H4-41[10;41H[?25h[?25l[24;67H3   [10;33H[?25h[?25l[24;67H4-41[10;41H[?25h[?25l[10;33Hregister_fn(FnInfo([95m"quadratic"[m, guadratic));[10;77H[K[11;1H[94m~                                                                               [m[24;67H3   [10;33H[?25h[?25l register_fn(FnInfo([95m"quadratic"[m, guadratic));[24;67H4[10;34H[?25h[?25l[24;66H63[10;63H[?25h[?25l[10;52H[46m([22C)[m[24;66H5[10;53H[?25h[?25l([22C)[24;66H66[10;66H[?25h[24;1H[K[10;65H[?25l[24;53H^[[10;65H[24;53H  [10;66H[24;63H10,65[9CAll[10;65H[?25h[?25l[24;53H:[10;65H[24;53H[K[24;1H:[?2004h[?25h:[?25l[?25hx[?25l[?25h[?25l[?1006l[?1002l[?2004l"quadratic.cc" 10L, 180C written]2;Terminal - ]1;Terminal - [23;2t[23;1t[22;2t[22;1t[23;2t[23;1t
[?2004l[?1l>[?25h[?1049l[23;0;0taceylan1@g7-05:~/i240a/submit/lab1/2-separate-compilation$ vim quadratic.cc[3P./fns-compareg++ fns-compare.o linear.o -o fns-compare[A[C[C[C[C[C[C[C[C[C[C[C[C[C[C[C[C[C[C[C[C[C[C[C[C[C[C[C[C[C[C[C[C[C[C[C[C[C[C[C[C[C[C[C-g -Wall -std=c++1[5P7 -c linear.cc[K[Aaceylan1@g7-05:~/i240a/submit/lab1/2-separate-compilation$ g++ -g -Wall -std=c++17 -c linear.cc[K[Aaceylan1@g7-05:~/i240a/submit/lab1/2-separate-compilation$ g++ -g -Wall -std=c++17 -c linear.cc[K[Aaceylan1@g7-05:~/i240a/submit/lab1/2-separate-compilation$ g++ -g -Wall -std=c++17 -c linear.cc[K[Aaceylan1@g7-05:~/i240a/submit/lab1/2-separate-compilation$ g++ -g -Wall -std=c++17 -c linear.cc[K[Aaceylan1@g7-05:~/i240a/submit/lab1/2-separate-compilation$ g++ -g -Wall -std=c++17 -c linear.cc[K[Aaceylan1@g7-05:~/i240a/submit/lab1/2-separate-compilation$ g++ -g -Wall -std=c++17 -c linear.cc[K[Aaceylan1@g7-05:~/i240a/submit/lab1/2-separate-compilation$ g++ -g -Wall -std=c++17 -c linear.cc[K[Aaceylan1@g7-05:~/i240a/submit/lab1/2-separate-compilation$ g++ -g -Wall -std=c++17 -c linear.cc[K[Aaceylan1@g7-05:~/i240a/submit/lab1/2-separate-compilation$ g++ -g -Wall -std=c++17 -c linear.cc[K[Aaceylan1@g7-05:~/i240a/submit/lab1/2-separate-compilation$ g++ -g -Wall -std=c++17 -c linear.cc[K[Aaceylan1@g7-05:~/i240a/submit/lab1/2-separate-compilation$ g++ -g -Wall -std=c++17 -c linear.cc[K[Aaceylan1@g7-05:~/i240a/submit/lab1/2-separate-compilation$ g++ -g -Wall -std=c++17 -c linear.cc[K[Aaceylan1@g7-05:~/i240a/submit/lab1/2-separate-compilation$ g++ -g -Wall -std=c++17 -c linear.cc[K[Aaceylan1@g7-05:~/i240a/submit/lab1/2-separate-compilation$ g++ -g -Wall -std=c++17 -c linear.cc[K[Aaceylan1@g7-05:~/i240a/submit/lab1/2-separate-compilation$ g++ -g -Wall -std=c++17 -c linear.cc [K[Aaceylan1@g7-05:~/i240a/submit/lab1/2-separate-compilation$ g++ -g -Wall -std=c++17 -c linear.cc[Kaceylan1@g7-05:~/i240a/submit/lab1/2-separate-compilation$ g++ -g -Wall -std=c++17 -c linear.cc[K[K[K[K[K[K[K[K[Kqy[Kuadratic.c c
[01m[Kquadratic.cc:1:1:[m[K [01;31m[Kerror: [m[K‘[01m[Kinclude[m[K’ does not name a type
 [01;31m[Kinclude[m[K "fns-compare.hh"
 [01;31m[K^~~~~~~[m[K
[01m[Kquadratic.cc:10:66:[m[K [01;31m[Kerror: [m[K‘[01m[Kguadratic[m[K’ was not declared in this scope
 static const bool isRegistered = register_fn(FnInfo("quadratic", [01;31m[Kguadratic[m[K));
                                                                  [01;31m[K^~~~~~~~~[m[K
[01m[Kquadratic.cc:10:46:[m[K [01;31m[Kerror: [m[K‘[01m[KFnInfo[m[K’ was not declared in this scope
 static const bool isRegistered = register_fn([01;31m[KFnInfo[m[K("quadratic", guadratic));
                                              [01;31m[K^~~~~~[m[K
[01m[Kquadratic.cc:10:34:[m[K [01;31m[Kerror: [m[K‘[01m[Kregister_fn[m[K’ was not declared in this scope
 static const bool isRegistered = [01;31m[Kregister_fn[m[K(FnInfo("quadratic", guadratic));
                                  [01;31m[K^~~~~~~~~~~[m[K
[01m[Kquadratic.cc:10:34:[m[K [01;36m[Knote: [m[Ksuggested alternative: ‘[01m[Kregister[m[K’
 static const bool isRegistered = [01;36m[Kregister_fn[m[K(FnInfo("quadratic", guadratic));
                                  [01;36m[K^~~~~~~~~~~[m[K
                                  [32m[Kregister[m[K
aceylan1@g7-05:~/i240a/submit/lab1/2-separate-compilation$ vim guadrativ[Kc.cc
[?1000h[?2004h[?1049h[22;0;0t[?1h=[?2004h[1;24r[?12h[?12l[22;2t[22;1t[27m[23m[29m[m[H[2J[?25l[24;1H"guadratic.cc" [New File][2;1H▽[6n[2;1H  [1;1H[>c]10;?]11;?[2;1H[94m~                                                                                                [3;1H~                                                                                                [4;1H~                                                                                                [5;1H~                                                                                                [6;1H~                                                                                                [7;1H~                                                                                                [8;1H~                                                                                                [9;1H~                                                                                                [10;1H~                                                                                                [11;1H~                                                                                                [12;1H~                                                                                                [13;1H~                                                                                                [14;1H~                                                                                                [15;1H~                                                                                                [16;1H~                                                                                                [17;1H~                                                                                                [18;1H~                                                                                                [19;1H~                                                                                                [20;1H~                                                                                                [21;1H~                                                                                                [22;1H~                                                                                                [23;1H~                                                                                                [m[24;80H0,0-1[9CAll]2;guadratic.cc (~/i240a/submit/lab1/2-separate-compilation) - VIM]1;guadratic.cc[1;1H[?25hP+q436f\P+q6b75\P+q6b64\P+q6b72\P+q6b6c\P+q2332\P+q2334\P+q2569\P+q2a37\P+q6b31\[?1000l[?1006h[?1002h[?1006l[?1002l[?1006h[?1002h[27m[23m[29m[m[H[2J[?25l[2;1H[94m~                                                                                                [3;1H~                                                                                                [4;1H~                                                                                                [5;1H~                                                                                                [6;1H~                                                                                                [7;1H~                                                                                                [8;1H~                                                                                                [9;1H~                                                                                                [10;1H~                                                                                                [11;1H~                                                                                                [12;1H~                                                                                                [13;1H~                                                                                                [14;1H~                                                                                                [15;1H~                                                                                                [16;1H~                                                                                                [17;1H~                                                                                                [18;1H~                                                                                                [19;1H~                                                                                                [20;1H~                                                                                                [21;1H~                                                                                                [22;1H~                                                                                                [23;1H~                                                                                                [m[24;80H0,0-1[9CAll"guadratic.cc" [New File][1;1H[?25h[?25l[24;70Hi[1;1H[24;70H [1;1H[24;1H[1m-- INSERT --[m[24;13H[K[24;80H0,1[11CAll[1;1H[?25h[24;1H[K[1;1H[?25l[24;70H^[[1;1H[24;70H  [1;1H[24;80H0,0-1[9CAll[1;1H[?25h[?25l[24;70H^[[1;1H[24;70H  [1;1H[24;70H^[[1;1H[24;70H  [1;1H[?25h[?25l[24;70H^[[1;1H[24;70H  [1;1H[?25h[?25l[24;70H^[[1;1H[24;70H  [1;1H[?25h[?25l[24;70H:[1;1H[24;70H[K[24;1H:[?2004h[?25h:[?25l[?25hx[?25l[?25h[?25l[24;3H[K[24;3H[?25hz[?25l[?25h[?25l[24;3H[K[24;3H[?25hx[?25l[?25h[?25l[?1006l[?1002l[?2004l]2;Terminal - ]1;Terminal - [23;2t[23;1t[22;2t[22;1t[23;2t[23;1t[24;1H[K[24;1H[?2004l[?1l>[?25h[?1049l[23;0;0taceylan1@g7-05:~/i240a/submit/lab1/2-separate-compilation$ vim guadratic.ccg++ -g -Wall -std=c++17 -c quadratic.cc[A[C[C[C[C[C[C[C[C[C[C[C[C[C[C[C[C[C[C[C[C[C[C[C[C[C[C[C[C[C[C[C[C[C[C[C[C[C[C[C[C[C[C[C[C[C[C[C[C[C[C[C[C[C[C[C[C[C[C[22Pvim quadratic.cc
[K[A[C[C[C[C[C[C[C[C[C[C[C[C[C[C[C[C[C[C[C[C[C[C[C[C[C[C[C[C[C[C[C[C[C[C[C[C[C[C[C[C[C[C[C[C[C[C[C[C[C[C[C[C[C[C[C[C[C[C[C[C[C[C[C[C[C[C[C[C[C[C[C[C[C[C[C
[?1000h[?2004h[?1049h[22;0;0t[?1h=[?2004h[1;24r[?12h[?12l[22;2t[22;1t[27m[23m[29m[m[H[2J[?25l[24;1H"quadratic.cc" 10L, 180C[2;1H▽[6n[2;1H  [1;1H[>c]10;?]11;?[1;1Hinclude [31m"fns-compare.hh"[m

[32mstatic[m [32mdouble[m
guadratic([32mdouble[m n)
{[6;9H[32mconst[m [32mdouble[m C =[31m1e3[m;[7;9H[38;5;130mreturn[m C*n*n;
}

[32mstatic[m [32mconst[m [32mbool[m isRegistered = register_fn(FnInfo([31m"quadratic"[m, guadratic));
[94m~                                                                                                [12;1H~                                                                                                [13;1H~                                                                                                [14;1H~                                                                                                [15;1H~                                                                                                [16;1H~                                                                                                [17;1H~                                                                                                [18;1H~                                                                                                [19;1H~                                                                                                [20;1H~                                                                                                [21;1H~                                                                                                [22;1H~                                                                                                [23;1H~                                                                                                [m[24;80H10,65[9CAll]2;quadratic.cc (~/i240a/submit/lab1/2-separate-compilation) - VIM]1;quadratic.cc[10;65H[?25hP+q436f\P+q6b75\P+q6b64\P+q6b72\P+q6b6c\P+q2332\P+q2334\P+q2569\P+q2a37\P+q6b31\[?1000l[?1006h[?1002h[?1006l[?1002l[?1006h[?1002h[27m[23m[29m[m[H[2J[?25l[1;1Hinclude [95m"fns-compare.hh"[m

[38;5;121mstatic[m [38;5;121mdouble[m
guadratic([38;5;121mdouble[m n)
{[6;9H[38;5;121mconst[m [38;5;121mdouble[m C =[95m1e3[m;[7;9H[93mreturn[m C*n*n;
}

[38;5;121mstatic[m [38;5;121mconst[m [38;5;121mbool[m isRegistered = register_fn(FnInfo([95m"quadratic"[m, guadratic));
[94m~                                                                                                [12;1H~                                                                                                [13;1H~                                                                                                [14;1H~                                                                                                [15;1H~                                                                                                [16;1H~                                                                                                [17;1H~                                                                                                [18;1H~                                                                                                [19;1H~                                                                                                [20;1H~                                                                                                [21;1H~                                                                                                [22;1H~                                                                                                [23;1H~                                                                                                [m[24;80H10,65[9CAll"quadratic.cc" 10L, 180C[10;65H[?25h[?25l[24;81H,1  [1;1H[?25h[?25l[24;70H~@k[1;1H[24;70H   [1;1H[?25h[?25l[24;70H#[1;1H[24;1H?\<include\>[24;13H[K[24;1H[38;5;224msearch hit TOP, continuing at BOTTOM[1;1H[m[24;80H1,1[11CAll[24;80H[K[24;80H1,1[11CAll[1;1H[?25h[?25l[24;70H#[1;1H[24;1H?\<include\>[24;13H[K[24;1H[38;5;224msearch hit TOP, continuing at BOTTOM[1;1H[m[24;80H1,1[11CAll[24;80H[K[24;80H1,1[11CAll[1;1H[?25h[?25l[24;70Hi[1;1H[24;70H [1;1H[24;1H[1m-- INSERT --[m[24;13H[K[24;80H1,1[11CAll[1;1H[?25h[?25l[38;5;81m#include [m[95m"fns-compare.hh"[m[24;82H2]2;quadratic.cc + (~/i240a/submit/lab1/2-separate-compilation) - VIM]1;quadratic.cc[1;2H[?25h[24;1H[K[1;1H[?25l[24;70H^[[1;1H[24;70H  [1;2H[24;80H1,1[11CAll[1;1H[?25h[?25l[24;70H:[1;1H[24;70H[K[24;1H:[?2004h[?25h:[?25l[?25hx[?25l[?25h[?25l[?1006l[?1002l[?2004l"quadratic.cc" 10L, 181C written]2;Terminal - ]1;Terminal - [23;2t[23;1t[22;2t[22;1t[23;2t[23;1t
[?2004l[?1l>[?25h[?1049l[23;0;0taceylan1@g7-05:~/i240a/submit/lab1/2-separate-compilation$ vim quadratic.ccguadratic.ccg++ -g -Wall -std=c++17 -c quadratic.cc
aceylan1@g7-05:~/i240a/submit/lab1/2-separate-compilation$ g++ -g -Wall -std=c++17 -c quadratic.cc[A[C[C[C[C[C[C[C[C[C[C[C[C[C[C[C[C[C[C[C[C[C[C[C[C[C[C[C[C[C[C[C[C[C[C[C[C[C[C[C[C[C[C[C[C[C[C[C[C[C[C[C[C[C[C[C[C[C[C[22Pvim quadratic.cc
[K[A[C[C[C[C[C[C[C[C[C[C[C[C[C[C[C[C[C[C[C[C[C[C[C[C[C[C[C[C[C[C[C[C[C[C[C[C[C[C[C[C[C[C[C[C[C[C[C[C[C[C[C[C[C[C[C[C[C[C[C[C[C[C[C[C[C[C[C[C[C[C[C[C[C[C[Cguadratic.ccg++ -g -Wall -std=c++17 -c quadratic.cc[A[C[C[C[C[C[C[C[C[C[C[C[C[C[C[C[C[C[C[C[C[C[C[C[C[C[C[C[C[C[C[C[C[C[C[C[C[C[C[C[C[C[C[C[C[C[C[C[C[C[C[C[C[C[C[C[C[C[C[22Pvim quadratic.cc
[K[A[C[C[C[C[C[C[C[C[C[C[C[C[C[C[C[C[C[C[C[C[C[C[C[C[C[C[C[C[C[C[C[C[C[C[C[C[C[C[C[C[C[C[C[C[C[C[C[C[C[C[C[C[C[C[C[C[C[C[C[C[C[C[C[C[C[C[C[C[C[C[C[C[C[C[C[3P./fns-compareg++ fns-compare.o linear.o -o fns-compare[A[C[C[C[C[C[C[C[C[C[C[C[C[C[C[C[C[C[C[C[C[C[C[C[C[C[C[C[C[C[C[C[C[C[C[C[C[C[C[C[C[C[C[C[C[C[C[C[C[C[C[C[C[C[C[C[C[C[C[C[C[C[C[C[C[C[C[C[C[C[C[C[C[C[C[C[C[C[C[C[C[C[C[C[C[C[C[C[C[C[C[C[C[C[C[C[C[C -o fns-compare[A[C[C[C[C[C[C[C[C[C[C[C[C[C[C[C[C[C[C[C[C[C[C[C[C[C[C[C[C[C[C[C[C[C[C[C[C[C[C[C[C[C[C[C[C[C[C[C[C[C[C[C[C[C[C[C[C[C[C[C[C[C[C[C[C[C[C[C[C[C[C[C[C[C[C[C[C[C[C[C[C[C[Cg -o fns-compare[A[C[C[C[C[C[C[C[C[C[C[C[C[C[C[C[C[C[C[C[C[C[C[C[C[C[C[C[C[C[C[C[C[C[C[C[C[C[C[C[C[C[C[C[C[C[C[C[C[C[C[C[C[C[C[C[C[C[C[C[C[C[C[C[C[C[C[C[C[C[C[C[C[C[C[C[C[C[C[C[C[C[Cu -o fns-compare[A[C[C[C[C[C[C[C[C[C[C[C[C[C[C[C[C[C[C[C[C[C[C[C[C[C[C[C[C[C[C[C[C[C[C[C[C[C[C[C[C[C[C[C[C[C[C[C[C[C[C[C[C[C[C[C[C[C[C[C[C[C[C[C[C[C[C[C[C[C[C[C[C[C[C[C[C[C[C[C[C[C[Ca -o fns-compare[A[C[C[C[C[C[C[C[C[C[C[C[C[C[C[C[C[C[C[C[C[C[C[C[C[C[C[C[C[C[C[C[C[C[C[C[C[C[C[C[C[C[C[C[C[C[C[C[C[C[C[C[C[C[C[C[C[C[C[C[C[C[C[C[C[C[C[C[C[C[C[C[C[C[C[C[C[C[C[C[C[C[Cd -o fns-compare[A[C[C[C[C[C[C[C[C[C[C[C[C[C[C[C[C[C[C[C[C[C[C[C[C[C[C[C[C[C[C[C[C[C[C[C[C[C[C[C[C[C[C[C[C[C[C[C[C[C[C[C[C[C[C[C[C[C[C[C[C[C[C[C[C[C[C[C[C[C[C[C[C[C[C[C[C[C[C[C[C[C[Cr -o fns-compare[A[C[C[C[C[C[C[C[C[C[C[C[C[C[C[C[C[C[C[C[C[C[C[C[C[C[C[C[C[C[C[C[C[C[C[C[C[C[C[C[C[C[C[C[C[C[C[C[C[C[C[C[C[C[C[C[C[C[C[C[C[C[C[C[C[C[C[C[C[C[C[C[C[C[C[C[C[C[C[C[C[C[Ca -o fns-compare[A[C[C[C[C[C[C[C[C[C[C[C[C[C[C[C[C[C[C[C[C[C[C[C[C[C[C[C[C[C[C[C[C[C[C[C[C[C[C[C[C[C[C[C[C[C[C[C[C[C[C[C[C[C[C[C[C[C[C[C[C[C[C[C[C[C[C[C[C[C[C[C[C[C[C[C[C[C[C[C[C[C[Ct -o fns-compare[A[C[C[C[C[C[C[C[C[C[C[C[C[C[C[C[C[C[C[C[C[C[C[C[C[C[C[C[C[C[C[C[C[C[C[C[C[C[C[C[C[C[C[C[C[C[C[C[C[C[C[C[C[C[C[C[C[C[C[C[C[C[C[C[C[C[C[C[C[C[C[C[C[C[C[C[C[C[C[C[C[C[Ci -o fns-compare[A[C[C[C[C[C[C[C[C[C[C[C[C[C[C[C[C[C[C[C[C[C[C[C[C[C[C[C[C[C[C[C[C[C[C[C[C[C[C[C[C[C[C[C[C[C[C[C[C[C[C[C[C[C[C[C[C[C[C[C[C[C[C[C[C[C[C[C[C[C[C[C[C[C[C[C[C[C[C[C[C[C[Cc -o fns-compare[A[C[C[C[C[C[C[C[C[C[C[C[C[C[C[C[C[C[C[C[C[C[C[C[C[C[C[C[C[C[C[C[C[C[C[C[C[C[C[C[C[C[C[C[C[C[C[C[C[C[C[C[C[C[C[C[C[C[C[C[C[C[C[C[C[C[C[C[C[C[C[C[C[C[C[C[C[C[C[C[C[C[C. -o fns-compare[A[C[C[C[C[C[C[C[C[C[C[C[C[C[C[C[C[C[C[C[C[C[C[C[C[C[C[C[C[C[C[C[C[C[C[C[C[C[C[C[C[C[C[C[C[C[C[C[C[C[C[C[C[C[C[C[C[C[C[C[C[C[C[C[C[C[C[C[C[C[C[C[C[C[C[C[C[C[C[C[C[C[Co [1@-
[01m[Kg++:[m[K [01;31m[Kerror: [m[Kguadratic.o: No such file or directory
aceylan1@g7-05:~/i240a/submit/lab1/2-separate-compilation$ g++ fns-compare.o linear.o guadratic.o -o fns-compare[A[C[C[C[C[C[C[C[C[C[C[C[C[C[C[C[C[C[C[C[C[C[C[C[C[C[C[C[C[C[C[C[C[C[C[C[C[C[C[C[C[C[C[C[C[C[C[C[C-g -Wall -std=c++17 -c quadratic.cc[K[A[C[C[C[C[C[C[C[C[C[C[C[C[C[C[C[C[C[C[C[C[C[C[C[C[C[C[C[C[C[C[C[C[C[C[C[C[C[C[C[C[C[C[C[C[C[C[C[C[C[C[C[C[C[C[C[C[C[C[22Pvim quadratic.cc
[K[A[C[C[C[C[C[C[C[C[C[C[C[C[C[C[C[C[C[C[C[C[C[C[C[C[C[C[C[C[C[C[C[C[C[C[C[C[C[C[C[C[C[C[C[C[C[C[C[C[C[C[C[C[C[C[C[C[C[C[C[C[C[C[C[C[C[C[C[C[C[C[C[C[C[C[Cguadratic.ccg++ -g -Wall -std=c++17 -c quadratic.cc[A[C[C[C[C[C[C[C[C[C[C[C[C[C[C[C[C[C[C[C[C[C[C[C[C[C[C[C[C[C[C[C[C[C[C[C[C[C[C[C[C[C[C[C[C[C[C[C[C[C[C[C[C[C[C[C[C[C[C[22Pvim quadratic.cc
[K[A[C[C[C[C[C[C[C[C[C[C[C[C[C[C[C[C[C[C[C[C[C[C[C[C[C[C[C[C[C[C[C[C[C[C[C[C[C[C[C[C[C[C[C[C[C[C[C[C[C[C[C[C[C[C[C[C[C[C[C[C[C[C[C[C[C[C[C[C[C[C[C[C[C[C[Cg++ -g -Wall -std=c++17 -c quadratic.cc[A[C[C[C[C[C[C[C[C[C[C[C[C[C[C[C[C[C[C[C[C[C[C[C[C[C[C[C[C[C[C[C[C[C[C[C[C[C[C[C[C[C[C[C[C[C[C[C[C[C[C[C[C[C[C[C[C[C[C[22Pvim guadratic.cc
[K[A[C[C[C[C[C[C[C[C[C[C[C[C[C[C[C[C[C[C[C[C[C[C[C[C[C[C[C[C[C[C[C[C[C[C[C[C[C[C[C[C[C[C[C[C[C[C[C[C[C[C[C[C[C[C[C[C[C[C[C[C[C[C[C[C[C[C[C[C[C[C[C[C[C[C[Cquadratic.ccg++ -g -Wall -std=c++17 -c quadratic.cc[A[C[C[C[C[C[C[C[C[C[C[C[C[C[C[C[C[C[C[C[C[C[C[C[C[C[C[C[C[C[C[C[C[C[C[C[C[C[C[C[C[C[C[C[C[C[C[C[C[C[C[C[C[C[C[C[C[C[C[C[C[C[Cfns-compare.o linear.o guadratic.o -o fns-compare[A[C[C[C[C[C[C[C[C[C[C[C[C[C[C[C[C[C[C[C[C[C[C[C[C[C[C[C[C[C[C[C[C[C[C[C[C[C[C[C[C[C[C[C[C[C[C[C[C[C[C[C[C[C[C[C[C[C[C[C[C[C[C[C[C[C[C[C[C[C[C[C[C[C[C[C[C[C[C[C[C[C[C[C[C[C[C[C[C[C[C[C[C[C[C[C[Cuadratic.o -[1P[A[C[C[C[C[C[C[C[C[C[C[C[C[C[C[C[C[C[C[C[C[C[C[C[C[C[C[C[C[C[C[C[C[C[C[C[C[C[C[C[C[C[C[C[C[C[C[C[C[C[C[C[C[C[C[C[C[C[C[C[C[C[C[C[C[C[C[C[C[C[C[C[C[C[C[C[C[C[C[C[C[C[C[C[C[Cquadratic.o [1@-[A[C[C[C[C[C[C[C[C[C[C[C[C[C[C[C[C[C[C[C[C[C[C[C[C[C[C[C[C[C[C[C[C[C[C[C[C[C[C[C[C[C[C[C[C[C[C[C[C[C[C[C[C[C[C[C[C[C[C[C[C[C[C[C[C[C[C[C[C[C[C[C[C[C[C[C[C[C[C[C[C[C[C[C[C[C

aceylan1@g7-05:~/i240a/submit/lab1/2-separate-compilation$ g++ fns-compare.o linear.o quadratic.o -o fns-compare[A[C[C[C[C[C[C[C[C[C[C[C[C[C[C[C[C[C[C[C[C[C[C[C[C[C[C[C[C[C[C[C[C[C[C[C[C[C[C[C[C[C[C[C[C[K
[K[A[C[C[C[C[C[C[C[C[C[C[C[C[C[C[C[C[C[C[C[C[C[C[C[C[C[C[C[C[C[C[C[C[C[C[C[C[C[C[C[C[C[C[C[C[C[C[C[C[C[C[C[C[C[C[C[C[C[C[C./fns-compare
         n    linear quadratic
         1     10000      1000
        10    100000    100000
       100     1e+06     1e+07
      1000     1e+07     1e+09
     10000     1e+08     1e+11
    100000     1e+09     1e+13
aceylan1@g7-05:~/i240a/submit/lab1/2-separate-compilation$ cd
aceylan1@g7-05:~$ cd cs[K[Ki240q[Ka
aceylan1@g7-05:~/i240a$ cd submit
aceylan1@g7-05:~/i240a/submit$ cd lab1
aceylan1@g7-05:~/i240a/submit/lab1$ cd 3-makefile/
aceylan1@g7-05:~/i240a/submit/lab1/3-makefile$ make fns-compare
g++ -g -Wall -std=c++17   -c -o fns-compare.o fns-compare.cc
g++ -g -Wall -std=c++17   -c -o constant.o constant.cc
g++ -g -Wall -std=c++17   -c -o lg.o lg.cc
g++ -g -Wall -std=c++17   -c -o linear.o linear.cc
g++ -g -Wall -std=c++17   -c -o nlg.o nlg.cc
g++ -g -Wall -std=c++17   -c -o quadratic.o quadratic.cc
g++ -g -Wall -std=c++17   -c -o cubic.o cubic.cc
g++ -g -Wall -std=c++17   -c -o exponential.o exponential.cc
g++ -g -Wall -std=c++17   -c -o fact.o fact.cc
g++ fns-compare.o constant.o lg.o linear.o nlg.o quadratic.o cubic.o exponential.o fact.o -o fns-compare
aceylan1@g7-05:~/i240a/submit/lab1/3-makefile$ ./ fn[K[K[Kfns-compare
    n constant     log2   linear     n lg    quadr    cubic     expn     fact
    1    1e+07        0    1e+05        0    1e+03    1e+02       20        1
   10    1e+07  3.3e+06    1e+06  3.3e+05    1e+05    1e+05    1e+04  3.6e+06
  100    1e+07  6.6e+06    1e+07  6.6e+06    1e+07    1e+08  1.3e+31 9.3e+157
 1000    1e+07    1e+07    1e+08    1e+08    1e+09    1e+11 1.1e+302      inf
10000    1e+07  1.3e+07    1e+09  1.3e+09    1e+11    1e+14      inf      inf
aceylan1@g7-05:~/i240a/submit/lab1/3-makefile$ vim fms[K[Kns-comapre[K[K[K[Kpare.hh
[?1000h[?2004h[?1049h[22;0;0t[?1h=[?2004h[1;24r[?12h[?12l[22;2t[22;1t[27m[23m[29m[m[H[2J[?25l[24;1H"fns-compare.hh" 20L, 462C[2;1H▽[6n[2;1H  [1;1H[>c]10;?]11;?[1;1H[35m#ifndef FNS_COMPARE_H_
#define FNS_COMPARE_H_[m

[34m/** use long double to minimize overflow */[m
[32mtypedef[m [32mlong[m [32mdouble[m Float;

[34m/** type of a complexity function */[m
[32mtypedef[m Float FN(Float);

[34m/** information for a complexity function */[m
[32mstruct[m FnInfo {
  FnInfo([32mconst[m [32mchar[m *descr, FN *fn) : descr(descr), fn(fn) { }
  [32mconst[m [32mchar[m *descr;
  FN *fn;
};

[34m/** function used to register information for a complexity function */[m
[32mbool[m register_fn([32mconst[m FnInfo fnInfo);

[35m#endif[m
[94m~                                                                                                [22;1H~                                                                                                [23;1H~                                                                                                [m[24;80H1,1[11CAll]2;fns-compare.hh (~/i240a/submit/lab1/3-makefile) - VIM]1;fns-compare.hh[1;1H[?25hP+q436f\P+q6b75\P+q6b64\P+q6b72\P+q6b6c\P+q2332\P+q2334\P+q2569\P+q2a37\P+q6b31\[?1000l[?1006h[?1002h[?1006l[?1002l[?1006h[?1002h[27m[23m[29m[m[H[2J[?25l[1;1H[38;5;81m#ifndef FNS_COMPARE_H_
#define FNS_COMPARE_H_[m

[96m/** use long double to minimize overflow */[m
[38;5;121mtypedef[m [38;5;121mlong[m [38;5;121mdouble[m Float;

[96m/** type of a complexity function */[m
[38;5;121mtypedef[m Float FN(Float);

[96m/** information for a complexity function */[m
[38;5;121mstruct[m FnInfo {
  FnInfo([38;5;121mconst[m [38;5;121mchar[m *descr, FN *fn) : descr(descr), fn(fn) { }
  [38;5;121mconst[m [38;5;121mchar[m *descr;
  FN *fn;
};

[96m/** function used to register information for a complexity function */[m
[38;5;121mbool[m register_fn([38;5;121mconst[m FnInfo fnInfo);

[38;5;81m#endif[m
[94m~                                                                                                [22;1H~                                                                                                [23;1H~                                                                                                [m[24;80H1,1[11CAll"fns-compare.hh" 20L, 462C[1;1H[?25h[?25l[24;80H5,23[5;23H[?25h[?25l[24;80H6,0-1[6;1H[?25h[?25l[24;70Hi[6;1H[24;70H [6;1H[24;1H[1m-- INSERT --[m[24;13H[K[24;80H6,1[11CAll[6;1H[?25h[?25l[24;80H5,26[5;26H[?25h[?25l[24;4H[1m(insert)- VISUAL --[m[24;80H[K[24;70H2[5;27H[24;80H5,27[10CAll[5;27H[48;5;242m;[?25h[?25l[?25h[?25l[m[24;70H~@k[5;27H[24;70H1  [5;26H;[24;83H6[5;26H[?25h[?25l[24;70H~@k[5;26H[24;70H2  [5;25Ht[48;5;242m;[m[24;83H5[5;25H[?25h[?25l[24;70H~@k[5;25H[24;70H3  [5;24Ha[48;5;242mt[m[24;83H4[5;24H[?25h[?25l[24;70H~@k[5;24H[24;70H4  [5;23Ho[48;5;242ma[m[24;83H3[5;23H[?25h[?25l[24;70H~@k[5;23H[24;70H5  [5;22Hl[48;5;242mo[m[24;83H2[5;22H[?25h[?25l[24;70H~@k[5;22H[24;70H6  [5;21HF[48;5;242ml[m[24;83H1[5;21H[?25h[?25l[24;70H~@k[5;21H[24;70H7  [5;20H [48;5;242mF[m[24;83H0[5;20H[?25h[?25l[24;70H~@k[5;20H[24;70H8  [5;19H[1C[48;5;242m [m[24;82H19[5;19H[?25h[?25l[24;70H~@k[5;19H[24;70H9  [5;18H[1C[38;5;121m[48;5;242me[m[24;83H8[5;18H[?25h[?25l[24;70H~@k[5;18H[24;70H10 [5;17H[1C[38;5;121m[48;5;242ml[m[24;83H7[5;17H[?25h[?25l[24;70H~@k[5;17H[24;70H11 [5;16H[1C[38;5;121m[48;5;242mb[m[24;83H6[5;16H[?25h[?25l[24;70H~@k[5;16H[24;70H12 [5;15H[1C[38;5;121m[48;5;242mu[m[24;83H5[5;15H[?25h[?25l[24;70H~@k[5;15H[24;70H13 [5;14H[1C[38;5;121m[48;5;242mo[m[24;83H4[5;14H[?25h[?25l[24;70H~@k[5;14H[24;70H14 [5;13H [38;5;121m[48;5;242md[m[24;83H3[5;13H[?25h[?25l[24;70H~@k[5;13H[24;70H13 [5;14H[38;5;121md[m[24;83H4[5;14H[?25h[?25l[24;70H  [5;28H[24;4H[1mINSERTt --[m[24;13H[K[24;80H5,28[10CAll[5;15H[38;5;121mouble[m Float; [?25h[?25l[24;83H7[5;27H[?25h[?25l[24;83H6[5;26H[?25h[?25l[24;83H5[5;25H[?25h[?25l[24;83H4[5;24H[?25h[?25l[24;83H3[5;23H[?25h[?25l[24;83H2[5;22H[?25h[?25l[24;83H1[5;21H[?25h[?25l[24;83H0[5;20H[?25h[?25l[24;82H19[5;19H[?25h[?25l[24;83H8[5;18H[?25h[?25l[24;83H7[5;17H[?25h[?25l[24;83H6[5;16H[?25h[?25l[24;83H5[5;15H[?25h[?25l[24;83H4[5;14H[?25h[?25l[24;83H3[5;13H[?25h[?25l[24;83H4[5;14H[?25h[?25l[24;83H5[5;15H[?25h[?25l[24;83H6[5;16H[?25h[?25l[24;83H7[5;17H[?25h[?25l[24;83H8[5;18H[?25h[?25l[24;83H9[5;19H[?25h[?25l[24;82H20[5;20H[?25h[?25ldoubl Float; [24;82H19]2;fns-compare.hh + (~/i240a/submit/lab1/3-makefile) - VIM]1;fns-compare.hh[5;19H[?25h[?25l Float; [24;83H8[5;18H[?25h[?25l Float; [24;83H7[5;17H[?25h[?25l[93mdo[m Float; [24;83H6[5;16H[?25h[?25ld Float; [24;83H5[5;15H[?25h[?25l Float; [24;83H4[5;14H[?25h[?25lFloat; [24;83H3[5;13H[?25h[?25llon Float; [24;83H2[5;12H[?25h[?25l Float; [24;83H1[5;11H[?25h[?25l Float; [24;83H0[5;10H[?25h[?25l Float; [24;82H9 [5;9H[?25h[?25lf Float;[24;82H10[5;10H[?25h[?25ll Float;[24;83H1[5;11H[?25h[?25lo Float;[24;83H2[5;12H[?25h[?25la Float;[24;83H3[5;13H[?25h[?25l[38;5;121mfloat[m Float;[24;83H4[5;14H[?25h[?25l  Float;[24;83H5[5;15H[?25h[?25lFloat; [24;83H4[5;14H[?25h[?25l  Float;[24;83H5[5;15H[?25h[?25l[24;80H15,3[15;3H[?25h[24;1H[K[15;2H[?25l[24;70H^[[15;2H[24;70H  [15;3H[24;80H15,2[10CAll[15;2H[?25h[?25l[24;70H:[15;2H[24;70H[K[24;1H:[?2004h[?25h:[?25l[?25hx[?25l[?25h[?25l[?1006l[?1002l[?2004l"fns-compare.hh" 20L, 457C written]2;Terminal - ]1;Terminal - [23;2t[23;1t[22;2t[22;1t[23;2t[23;1t
[?2004l[?1l>[?25h[?1049l[23;0;0taceylan1@g7-05:~/i240a/submit/lab1/3-makefile$ ./fin[K[Kns-com[K[K[K[K[K[K[K[K[Kmake fns-compare
make: 'fns-compare' is up to date.
aceylan1@g7-05:~/i240a/submit/lab1/3-makefile$ ./fns-compar3[Ke
    n constant     log2   linear     n lg    quadr    cubic     expn     fact
    1    1e+07        0    1e+05        0    1e+03    1e+02       20        1
   10    1e+07  3.3e+06    1e+06  3.3e+05    1e+05    1e+05    1e+04  3.6e+06
  100    1e+07  6.6e+06    1e+07  6.6e+06    1e+07    1e+08  1.3e+31 9.3e+157
 1000    1e+07    1e+07    1e+08    1e+08    1e+09    1e+11 1.1e+302      inf
10000    1e+07  1.3e+07    1e+09  1.3e+09    1e+11    1e+14      inf      inf
aceylan1@g7-05:~/i240a/submit/lab1/3-makefile$ cd
aceylan1@g7-05:~$ cd i240
bash: cd: i240: No such file or directory
aceylan1@g7-05:~$ cdi240[K[K[K[K i240a/
aceylan1@g7-05:~/i240a$ cd submit
aceylan1@g7-05:~/i240a/submit$ cd lab1
aceylan1@g7-05:~/i240a/submit/lab1$ cd 4-dependencies/
aceylan1@g7-05:~/i240a/submit/lab1/4-dependencies$ ls
constant.cc  exponential.cc  fns-compare.cc  lg.cc	Makefile  quadratic.cc
cubic.cc     fact.cc	     fns-compare.hh  linear.cc	nlg.cc
aceylan1@g7-05:~/i240a/submit/lab1/4-dependencies$ vim Makefile 
[?1000h[?2004h[?1049h[22;0;0t[?1h=[?2004h[1;24r[?12h[?12l[22;2t[22;1t[27m[23m[29m[m[H[2J[?25l[24;1H"Makefile" 36L, 652C[2;1H▽[6n[2;1H  [1;1H[>c]10;?]11;?[1;1H[36mCXX [m= g++
[36mCXXFLAGS [m= -g -Wall -std=c++17

[36mOFILES [m= [35m\
  [mfns-compare.o [35m\
  [mconstant.o [35m\
  [mlg.o [35m\
  [mlinear.o [35m\
  [mnlg.o [35m\
  [mquadratic.o [35m\
  [mcubic.o [35m\
  [mexponential.o [35m\
  [mfact.o

[36mTARGET [m= fns-compare

[36mall:[12C$(TARGET)

$(TARGET):[m      [36m$(OFILES)[20;17H$(CXX)[m [36m$(OFILES)[m -o [36m$@

.phony:[m[9Cclean
[36mclean:[m[24;80H1,1[11CTop]2;Makefile (~/i240a/submit/lab1/4-dependencies) - VIM]1;Makefile[1;1H[?25hP+q436f\P+q6b75\P+q6b64\P+q6b72\P+q6b6c\P+q2332\P+q2334\P+q2569\P+q2a37\P+q6b31\[?1000l[?1006h[?1002h[?1006l[?1002l[?1006h[?1002h[27m[23m[29m[m[H[2J[?25l[1;1H[1m[96mCXX [m= g++
[1m[96mCXXFLAGS [m= -g -Wall -std=c++17

[1m[96mOFILES [m= [38;5;224m\
  [mfns-compare.o [38;5;224m\
  [mconstant.o [38;5;224m\
  [mlg.o [38;5;224m\
  [mlinear.o [38;5;224m\
  [mnlg.o [38;5;224m\
  [mquadratic.o [38;5;224m\
  [mcubic.o [38;5;224m\
  [mexponential.o [38;5;224m\
  [mfact.o

[1m[96mTARGET [m= fns-compare

[1m[96mall:[12C$(TARGET)

$(TARGET):[m      [1m[96m$(OFILES)[20;17H$(CXX)[m [1m[96m$(OFILES)[m -o [1m[96m$@

.phony:[m[9Cclean
[1m[96mclean:[m[24;80H1,1[11CTop"Makefile" 36L, 652C[1;1H[?25h[?25l[24;81H3,8[13;8H[?25h[?25l[24;70Hi[13;8H[24;70H [13;8H[24;1H[1m-- INSERT --[m[24;13H[K[24;80H13,8[10CTop[13;8H[?25h[?25l[24;81H,1 [1;1H[?25h[?25l[24;80H5,17[5;17H[?25h[?25l[24;80H7,9 [7;9H[?25h[?25l[24;80H8,13[8;13H[?25h[?25l[24;80H9,10[9;10H[?25h[?25l[24;80H10,16[10;16H[?25h[?25l[24;81H1,12[11;12H[?25h[?25l[24;81H2,18[12;18H[?25h[?25l[24;81H3,9 [13;9H[?25h[?25l[24;81H2,18[12;18H[?25h[?25l[24;81H1,12[11;12H[?25h[?25l[24;81H0,16[10;16H[?25h[?25l[24;80H9,10 [9;10H[?25h[?25l[24;80H8,13[8;13H[?25h[?25l[24;80H7,9 [7;9H[?25h[?25l[24;80H6,15[6;15H[?25h[?25l[24;80H5,18[5;18H[?25h[?25l[24;80H4,11[4;11H[?25h[?25l\
  [24;83H2]2;Makefile + (~/i240a/submit/lab1/4-dependencies) - VIM]1;Makefile[4;12H[?25h[?25l[38;5;224m\
  [m[24;83H1[4;11H[?25h[?25l[1;23r[23;1H
[1;24r[23;1H[95m                rm -f *~ *.o [m[1m[96m$(TARGET)[m[24;80H[K[24;80H19,21-26[7C7%[18;18H[1m[96m[46m([m[1m[96mOFILES[m[1m[96m[46m)[?25h[?25l[1;23r[m[1;1H[2M[1;24r[24;80H[K[24;80H21,1[10C23%[16;18H[1m[96m(OFILES)

[?25h[?25l[m[16;18H[1m[96m[46m([m[1m[96mOFILES[m[1m[96m[46m)[m[24;80H19,21-26[16;26H[?25h[?25l[16;18H[1m[96m(OFILES)[m[24;81H8,1    [15;1H[?25h[?25l[16;18H[1m[96m[46m([m[1m[96mOFILES[m[1m[96m[46m)[m[24;81H9,21-26[16;26H[?25h[?25l[16;18H[1m[96m(OFILES)[m[24;80H20,14-27[17;27H[?25h[?25l[16;18H[1m[96m[46m([m[1m[96mOFILES[m[1m[96m[46m)[m[24;80H19,21-26[16;26H[?25h[?25l/[16;18H[1m[96m(OFILES)[m/[24;84H2-27[16;27H[?25h[?25l[1;23r[23;1H
[1;24r[23;1H[96m#dependencies[m[24;80H[K[24;80H22,15-22      30%[18;22H[?25h[?25l[24;4H[1m(insert)- VISUAL --[m[24;80H[K[24;70H1[18;22H[24;80H22,15-22      30%[18;22H[?25h[?25l[?25h[?25l[24;70H [18;39H[24;4H[1mINSERTt --[m[24;13H[K[24;80H24,25-39      46%[1;23r[1;1H[2M[1;24r[22;1H[1m[96mfns-compare.o:[m  fns-compare.cc fns-compare.hh
[1m[96mconstant.o:[m     constant.cc fns-compare.hh[24;80H[K[24;80H24,25-39      46%[18;31H[1m[96m[46m([m[1m[96mTARGET[m[1m[96m[46m)[?25h[?25l[m[18;31H[1m[96m(TARGET)[m[24;80H18,1    [12;1H[?25h[?25l[24;81H9,22-27[13;27H[?25h[?25l[13;26H[K[13;18H[1m[96m[46m([m[1m[96mOFILES[m[1m[96m[46m)[m[24;84H1-26[13;26H[?25h[?25l[13;18H[1m[96m(OFILES)[m[18;31H[1m[96m[46m([m[1m[96mTARGET[m[1m[96m[46m)[m[24;80H24,25-39[18;39H[?25h[?25l[1;23r[1;1H[3M[1;24r[21;1H[1m[96mlg.o:[m[11Clg.cc fns-compare.hh
[1m[96mlinear.o:[m[7Clinear.cc fns-compare.hh
[1m[96mnlg.o:[m[10Cnlg.cc fns-compare.hh[24;80H[K[24;80H27,14[9C69%[15;31H[1m[96m(TARGET)[18;14H[?25h[?25l[1;23r[m[1;1H[L[1;24r[1;1H[38;5;224m  [mnlg.o [38;5;224m\[m[24;80H[K[24;80H14,1[10C61%[6;1H[?25h[?25l[1;23r[1;1H[L[1;24r[1;1H[38;5;224m  [mlinear.o [38;5;224m\[m[24;80H[K[24;80H13,9[10C53%[6;9H[?25h[?25l[1;23r[1;1H[L[1;24r[1;1H[38;5;224m  [mlg.o [38;5;224m\[m[24;80H[K[24;80H12,18[9C46%[6;18H[?25h[?25l[1;23r[1;1H[L[1;24r[1;1H[38;5;224m  [mconstant.o [38;5;224m\[m[24;80H[K[24;80H11,12[9C38%[6;12H[?25h[?25l[1;23r[1;1H[L[1;24r[1;1H[38;5;224m  [mfns-compare.o [38;5;224m\[m[24;80H[K[24;80H10,16[9C30%[6;16H[?25h[?25l[1;23r[1;1H[L[1;24r[1;1H[1m[96mOFILES [m= [38;5;224m\[m[24;80H[K[24;80H9,10[10C23%[6;10H[?25h[?25l[1;23r[1;1H[L[1;24r[24;80H[K[24;80H8,13[10C15%[6;13H[?25h[?25l[1;23r[1;1H[L[1;24r[1;1H[1m[96mCXXFLAGS [m= -g -Wall -std=c++17[24;80H[K[24;80H7,9[12C7%[6;9H[?25h[?25l[1;23r[1;1H[L[1;24r[1;1H[1m[96mCXX [m= g++[24;80H[K[24;80H6,15[10CTop[6;15H[?25h[?25l[24;80H5,18[5;18H[?25h[?25l[24;11H[1mVISUAL --[m[24;80H[K[24;70H1[5;18H[24;80H5,18[10CTop[5;18H[?25h[?25l[24;4H[1m(insert)I VISUAL- --[m[24;70H[K[24;70H1[5;18H[24;80H5,18[10CTop[5;18H[?25h[?25l[24;70H~@k[5;18H[24;70H2  [6;15H[5;18H[48;5;242m [m
[38;5;224m[48;5;242m  [m[48;5;242mconstant.o [m[38;5;224m[48;5;242m\[m[24;80H6,15[6;15H[?25h[?25l[24;70H~@k[6;15H[24;70H3  [7;9H[6;15H[48;5;242m [m
[38;5;224m[48;5;242m  [m[48;5;242mlg.o [m[38;5;224m[48;5;242m\[m[24;80H7,9 [7;9H[?25h[?25l[24;70H~@k[7;9H[24;70H4  [8;13H[7;9H[48;5;242m [m
[38;5;224m[48;5;242m  [m[48;5;242mlinear.o [m[38;5;224m[48;5;242m\[m[24;80H8,13[8;13H[?25h[?25l[24;70H~@k[8;13H[24;70H5  [9;10H[8;13H[48;5;242m [m
[38;5;224m[48;5;242m  [m[48;5;242mnlg.o [m[38;5;224m[48;5;242m\[m[24;80H9,10[9;10H[?25h[?25l[24;70H~@k[9;10H[24;70H6  [10;16H[9;10H[48;5;242m [m
[38;5;224m[48;5;242m  [m[48;5;242mquadratic.o [m[38;5;224m[48;5;242m\[m[24;80H10,16[10;16H[?25h[?25l[24;70H [6;15H[24;4H[1mINSERTt --[m[24;13H[K[24;80H6,15[10CTop[5;18H[K[6;1H[38;5;224m  [mconstant.o [38;5;224m\[m[6;15H[K[7;1H[38;5;224m  [mlg.o [38;5;224m\[m[7;9H[K[8;1H[38;5;224m  [mlinear.o [38;5;224m\[m[8;13H[K[9;1H[38;5;224m  [mnlg.o [38;5;224m\[m[9;10H[K[10;1H[38;5;224m  [mquadratic.o [38;5;224m\[6;15H[?25h[?25l[m[24;80H7,9 [7;9H[?25h[?25l[24;80H8,13[8;13H[?25h[?25l[24;80H9,10[9;10H[?25h[?25l[24;80H10,16[10;16H[?25h[?25l[24;81H1,12[11;12H[?25h[?25l[24;81H2,18[12;18H[?25h[?25l[24;81H3,9 [13;9H[?25h[?25l[24;81H2,18[12;18H[?25h[?25l[24;81H1,12[11;12H[?25h[?25l[24;81H0,16[10;16H[?25h[?25l[24;80H9,10 [9;10H[?25h[?25l[24;80H8,13[8;13H[?25h[?25l[24;80H7,9 [7;9H[?25h[?25l[24;80H6,15[6;15H[?25h[?25l[24;80H5,18[5;18H[?25h[?25l[24;80H4,11[4;11H[?25h[?25l[24;80H18,[18;1H[?25h[?25l[24;11H[1mVISUAL --[m[24;80H[K[24;70H1[18;1H[24;80H18,1[10CTop[18;1H[?25h[?25l[24;4H[1m(insert)I VISUAL- --[m[24;70H[K[24;70H1[18;1H[24;80H18,0-1[8CTop[18;1H[?25h[?25l[24;70H [18;39H[24;4H[1mINSERTt --[m[24;13H[K[24;80H20,26-39      15%[1;23r[1;1H[2M[1;24r[22;1H[95m                rm -f *~ *.o [m[1m[96m$(TARGET)[m[24;80H[K[24;80H20,26-39      15%[18;39H[?25h[?25l[1;23r[1;1H[2M[1;24r[23;1H[96m#dependencies[m[24;80H[K[24;80H22,15-22      30%[18;22H[?25h[?25l[1;23r[1;1H[2M[1;24r[22;1H[1m[96mfns-compare.o:[m  fns-compare.cc fns-compare.hh
[1m[96mconstant.o:[m     constant.cc fns-compare.hh[24;80H[K[24;80H24,25-39      46%[18;31H[1m[96m[46m([m[1m[96mTARGET[m[1m[96m[46m)[?25h[?25l[1;23r[m[1;1H[2M[1;24r[22;1H[1m[96mlg.o:[m[11Clg.cc fns-compare.hh
[1m[96mlinear.o:[m[7Clinear.cc fns-compare.hh[24;80H[K[24;80H26,1[10C61%[16;31H[1m[96m(TARGET)

[?25h[?25l[1;23r[m[1;1H[2M[1;24r[22;1H[1m[96mnlg.o:[m[10Cnlg.cc fns-compare.hh
[1m[96mquadratic.o:[m    quadratic.cc fns-compare.hh[24;80H[K[24;80H28,45-46      76%[18;46H[?25h[?25l[1;23r[1;1H[2M[1;24r[22;1H[1m[96mcubic.o:[m[8Ccubic.cc fns-compare.hh
[1m[96mexponential.o:[m  exponential.cc fns-compare.hh[24;80H[K[24;80H30,28-37      92%[18;37H[?25h[?25l[1;23r[23;1H
[1;24r[23;1H[1m[96mfact.o:[m[9Cfact.cc fns-compare.hh[24;80H[K[24;80H32,30-38      Bot[19;38H[?25h[?25l[24;81H3,41-44[20;44H[?25h[?25l[24;11H[1mVISUAL --[m[24;80H[K[24;70H1[20;44H[24;80H33,41-44      Bot[20;44H[?25h[?25l[24;4H[1m(insert)I VISUAL- --[m[24;70H[K[24;70H1[20;44H[24;80H33,41-44      Bot[20;44H[?25h[?25l[1m[96m[48;5;242mquadratic.o:[m[48;5;242m    quadratic.cc fns-compare.hh[m[24;20H[1mLINE --[m[24;70H[K[24;70H1[20;44H[24;80H33,41-44      Bot[20;44H[?25h[?25l[?25h[?25l[24;71Hx1[20;44H[1m[96mquadratic.o:[m    quadratic.cc fns-compare.hh[24;20H[1mBLOCK --[m[24;70H[K[24;70H1x1[20;44H[24;80H33,41-44      Bot[20;44H[?25h[?25l[?25h[?25l[24;70H   [22;46H[24;4H[1mINSERTt --[m[24;13H[K[24;80H35,45-46      Bot[22;46H[?25h[?25l[24;81H6,32-39[23;39H[?25h[?25l[11;31H[1m[96m[46m([m[1m[96mTARGET[m[1m[96m[46m)[m[24;80H24,25[11;39H[?25h[?25l[11;31H[1m[96m(TARGET)[m[24;81H0,26[7;39H[?25h[?25l[24;11H[1mVISUAL --[m[24;80H[K[24;70H1[7;39H[24;80H20,26-39      Bot[7;39H[?25h[?25l[24;4H[1m(insert)I VISUAL- --[m[24;70H[K[24;70H1[7;39H[24;80H20,26-39      Bot[7;39H[?25h[?25l[48;5;242m                [m[1m[96m[48;5;242m$(CXX)[m[48;5;242m [m[1m[96m[48;5;242m$(OFILES)[m[48;5;242m -o [m[1m[96m[48;5;242m$@[m[24;20H[1mLINE --[m[24;70H[K[24;70H1[7;39H[24;80H20,26-39      Bot[7;39H[?25h[?25l[?25h[?25l[24;70H [6;26H[24;4H[1mINSERTt --[m[24;13H[K[24;80H17,16-26      84%[1;23r[1;1H[2L[1;24r[1;1H[38;5;224m  [mexponential.o [38;5;224m\
  [mfact.o[9;1H                [1m[96m$(CXX)[m [1m[96m$(OFILES)[m -o [1m[96m$@[m[24;80H[K[24;80H17,16-26      84%[6;18H[1m[96m[46m([m[1m[96mTARGET[m[1m[96m[46m)[?25h[?25l[1;23r[m[1;1H[2L[1;24r[1;1H[38;5;224m  [mquadratic.o [38;5;224m\
  [mcubic.o [38;5;224m\[m[24;80H[K[24;80H15,21[9C69%[8;18H[1m[96m(TARGET)[6;21H[?25h[?25l[1;23r[m[1;1H[2L[1;24r[1;1H[38;5;224m  [mlinear.o [38;5;224m\
  [mnlg.o [38;5;224m\[m[24;80H[K[24;80H13,9[10C53%[6;9H[?25h[?25l[1;23r[1;1H[2L[1;24r[1;1H[38;5;224m  [mconstant.o [38;5;224m\
  [mlg.o [38;5;224m\[m[24;80H[K[24;80H11,12[9C38%[6;12H[?25h[?25l[1;23r[1;1H[2L[1;24r[1;1H[1m[96mOFILES [m= [38;5;224m\
  [mfns-compare.o [38;5;224m\[m[24;80H[K[24;80H9,10[10C23%[6;10H[?25h[?25l[1;23r[1;1H[2L[1;24r[1;1H[1m[96mCXXFLAGS [m= -g -Wall -std=c++17[24;80H[K[24;80H7,9[12C7%[6;9H[?25h[?25l[1;23r[1;1H[L[1;24r[1;1H[1m[96mCXX [m= g++[24;80H[K[24;80H5,18[10CTop[5;18H[?25h[?25l[24;80H4,11[4;11H[?25h[?25l[1;23r[1;1H[4M[1;24r[20;1H[95m                rm -f *~ *.o [m[1m[96m$(TARGET)[m


[96m#dependencies[m[24;80H[K[24;80H22,15-22      30%[18;22H[?25h[?25l[24;80H10,16   [6;16H[?25h[?25l[1;23r[1;1H[3L[1;24r[1;1H[1m[96mCXXFLAGS [m= -g -Wall -std=c++17

[1m[96mOFILES [m= [38;5;224m\[m[24;80H[K[24;80H7,9[12C7%[6;9H[?25h[?25l[1;23r[23;1H
[1;24r[24;80H[K[24;80H20,4-17[7C15%[18;17H[?25h[?25l[24;83H3-9 [18;9H[?25h[?25l[24;83H4-17[18;17H[?25h[?25l[24;83H3-9 [18;9H[?25h[?25l[24;83H4-17[18;17H[?25h[?25l[18;9H[1m[96m$(CXX)[m [1m[96m$(OFILES)[m -o [1m[96m$@[m[18;31H[K[24;83H3-9 [18;9H[?25h[?25l        [1m[96m$(CXX)[m [1m[96m$(OFILES)[m -o [1m[96m$@[m[24;83H4-17[18;17H[?25h[?25l[18;9H[1m[96m$(CXX)[m [1m[96m$(OFILES)[m -o [1m[96m$@[m[18;31H[K[24;83H3-9 [18;9H[?25h[?25l [1m[96m$(CXX)[3COFILES)[m -o [1m[96m$@[m[18;24H[K[24;83H2  [18;2H[?25h[?25l[24;83H1[18;1H[?25h[?25l[24;83H2[18;2H[?25h[?25l[1m[96m$(CXX)[m [1m[96m$(OFILES)[m -o [1m[96m$@[m[18;23H[K[24;83H1[18;1H[?25h[?25l[95m        [m[1m[96m$(CXX)[m[95m [m[1m[96m$(OFILES)[m[95m -o [m[1m[96m$@[m[24;83H2-9[18;9H[?25h[?25l[95m        [m[1m[96m$(CXX)[m[95m [m[1m[96m$(OFILES)[m[95m -o [m[1m[96m$@[m[24;83H3-17[18;17H[?25h[?25l[18;9H[1m[96m$(CXX)[1C$(OFILES)[m[95m -o [m[1m[96m$@[m[18;31H[K[24;83H2-9 [18;9H[?25h[?25l[1m[96m$(CXX)[m [1m[96m$(OFILES)[m -o [1m[96m$@[m[18;23H[K[24;83H1  [18;1H[?25h[?25l[95m        [m[1m[96m$(CXX)[m[95m [m[1m[96m$(OFILES)[m[95m -o [m[1m[96m$@[m[24;83H2-9[18;9H[?25h[?25l[95m        [m[1m[96m$(CXX)[m[95m [m[1m[96m$(OFILES)[m[95m -o [m[1m[96m$@[m[24;83H3-17[18;17H[?25h[24;1H[K[18;16H[?25l[24;70H^[[18;16H[24;70H  [18;17H[24;80H20,2-16[7C15%[18;16H[?25h[?25l[24;70H:[18;16H[24;70H[K[24;1H:[?2004h[?25h:[?25l[?25hx[?25l[?25h[?25l[?1006l[?1002l[?2004l"Makefile" 36L, 651C written]2;Terminal - ]1;Terminal - [23;2t[23;1t[22;2t[22;1t[23;2t[23;1t
[?2004l[?1l>[?25h[?1049l[23;0;0taceylan1@g7-05:~/i240a/submit/lab1/4-dependencies$ make fns-compare
g++ -g -Wall -std=c++17   -c -o fns-compare.o fns-compare.cc
g++ -g -Wall -std=c++17   -c -o constant.o constant.cc
g++ -g -Wall -std=c++17   -c -o lg.o lg.cc
g++ -g -Wall -std=c++17   -c -o linear.o linear.cc
g++ -g -Wall -std=c++17   -c -o nlg.o nlg.cc
g++ -g -Wall -std=c++17   -c -o quadratic.o quadratic.cc
g++ -g -Wall -std=c++17   -c -o cubic.o cubic.cc
g++ -g -Wall -std=c++17   -c -o exponential.o exponential.cc
g++ -g -Wall -std=c++17   -c -o fact.o fact.cc
g++ fns-compare.o constant.o lg.o linear.o nlg.o quadratic.o cubic.o exponential.o fact.o -o fns-compare
aceylan1@g7-05:~/i240a/submit/lab1/4-dependencies$ ./fns-compare
    n constant     log2   linear     n lg    quadr    cubic     expn     fact
    1    1e+07        0    1e+05        0    1e+03    1e+02       20        1
   10    1e+07  3.3e+06    1e+06  3.3e+05    1e+05    1e+05    1e+04  3.6e+06
  100    1e+07  6.6e+06    1e+07  6.6e+06    1e+07    1e+08  1.3e+31 9.3e+157
 1000    1e+07    1e+07    1e+08    1e+08    1e+09    1e+11 1.1e+302      inf
10000    1e+07  1.3e+07    1e+09  1.3e+09    1e+11    1e+14      inf      inf
aceylan1@g7-05:~/i240a/submit/lab1/4-dependencies$ cd
aceylan1@g7-05:~$ i240a
bash: i240a: command not found
aceylan1@g7-05:~$ cd i240a
aceylan1@g7-05:~/i240a$ cd submit
aceylan1@g7-05:~/i240a/submit$ cd lab1
aceylan1@g7-05:~/i240a/submit/lab1$ cd 4-dependencies/
aceylan1@g7-05:~/i240a/submit/lab1/4-dependencies$ 
aceylan1@g7-05:~/i240a/submit/lab1/4-dependencies$ make fns-comapre[K[K[K[Kpare
make: 'fns-compare' is up to date.
aceylan1@g7-05:~/i240a/submit/lab1/4-dependencies$ ./fns-compare
    n constant     log2   linear     n lg    quadr    cubic     expn     fact
    1    1e+07        0    1e+05        0    1e+03    1e+02       20        1
   10    1e+07  3.3e+06    1e+06  3.3e+05    1e+05    1e+05    1e+04  3.6e+06
  100    1e+07  6.6e+06    1e+07  6.6e+06    1e+07    1e+08  1.3e+31 9.3e+157
 1000    1e+07    1e+07    1e+08    1e+08    1e+09    1e+11 1.1e+302      inf
10000    1e+07  1.3e+07    1e+09  1.3e+09    1e+11    1e+14      inf      inf
aceylan1@g7-05:~/i240a/submit/lab1/4-dependencies$ cd 
aceylan1@g7-05:~$ cd i240a
aceylan1@g7-05:~/i240a$ cd submit
aceylan1@g7-05:~/i240a/submit$ cd lab1
aceylan1@g7-05:~/i240a/submit/lab1$ cd 5-auto-dependencies/
aceylan1@g7-05:~/i240a/submit/lab1/5-auto-dependencies$ make fns-compare
g++ -MT linear.o -MMD -MP -MF .deps/linear.d -g -Wall -std=c++17 -c linear.cc
g++ -MT nlg.o -MMD -MP -MF .deps/nlg.d -g -Wall -std=c++17 -c nlg.cc
g++ -MT fact.o -MMD -MP -MF .deps/fact.d -g -Wall -std=c++17 -c fact.cc
g++ -MT lg.o -MMD -MP -MF .deps/lg.d -g -Wall -std=c++17 -c lg.cc
g++ -MT cubic.o -MMD -MP -MF .deps/cubic.d -g -Wall -std=c++17 -c cubic.cc
g++ -MT exponential.o -MMD -MP -MF .deps/exponential.d -g -Wall -std=c++17 -c exponential.cc
g++ -MT fns-compare.o -MMD -MP -MF .deps/fns-compare.d -g -Wall -std=c++17 -c fns-compare.cc
g++ -MT constant.o -MMD -MP -MF .deps/constant.d -g -Wall -std=c++17 -c constant.cc
g++ -MT quadratic.o -MMD -MP -MF .deps/quadratic.d -g -Wall -std=c++17 -c quadratic.cc
g++ linear.o nlg.o fact.o lg.o cubic.o exponential.o fns-compare.o constant.o quadratic.o -o fns-compare
aceylan1@g7-05:~/i240a/submit/lab1/5-auto-dependencies$ ./fns-compare
    n   linear     n lg     fact     log2    cubic     expn constant    quadr
    1    1e+05        0        1        0    1e+02       20    1e+07    1e+03
   10    1e+06  3.3e+05  3.6e+06  3.3e+06    1e+05    1e+04    1e+07    1e+05
  100    1e+07  6.6e+06 9.3e+157  6.6e+06    1e+08  1.3e+31    1e+07    1e+07
 1000    1e+08    1e+08      inf    1e+07    1e+11 1.1e+302    1e+07    1e+09
10000    1e+09  1.3e+09      inf  1.3e+07    1e+14      inf    1e+07    1e+11
aceylan1@g7-05:~/i240a/submit/lab1/5-auto-dependencies$ vim fns-compare.hh
[?1000h[?2004h[?1049h[22;0;0t[?1h=[?2004h[1;24r[?12h[?12l[22;2t[22;1t[27m[23m[29m[m[H[2J[?25l[24;1H"fns-compare.hh" 20L, 462C[2;1H▽[6n[2;1H  [1;1H[>c]10;?]11;?[1;1H[35m#ifndef FNS_COMPARE_H_
#define FNS_COMPARE_H_[m

[34m/** use long double to minimize overflow */[m
[32mtypedef[m [32mlong[m [32mdouble[m Float;

[34m/** type of a complexity function */[m
[32mtypedef[m Float FN(Float);

[34m/** information for a complexity function */[m
[32mstruct[m FnInfo {
  FnInfo([32mconst[m [32mchar[m *descr, FN *fn) : descr(descr), fn(fn) { }
  [32mconst[m [32mchar[m *descr;
  FN *fn;
};

[34m/** function used to register information for a complexity function */[m
[32mbool[m register_fn([32mconst[m FnInfo fnInfo);

[35m#endif[m
[94m~                                                                                                [22;1H~                                                                                                [23;1H~                                                                                                [m[24;80H1,1[11CAll]2;fns-compare.hh (~/i240a/submit/lab1/5-auto-dependencies) - VIM]1;fns-compare.hh[1;1H[?25hP+q436f\P+q6b75\P+q6b64\P+q6b72\P+q6b6c\P+q2332\P+q2334\P+q2569\P+q2a37\P+q6b31\[?1000l[?1006h[?1002h[?1006l[?1002l[?1006h[?1002h[27m[23m[29m[m[H[2J[?25l[1;1H[38;5;81m#ifndef FNS_COMPARE_H_
#define FNS_COMPARE_H_[m

[96m/** use long double to minimize overflow */[m
[38;5;121mtypedef[m [38;5;121mlong[m [38;5;121mdouble[m Float;

[96m/** type of a complexity function */[m
[38;5;121mtypedef[m Float FN(Float);

[96m/** information for a complexity function */[m
[38;5;121mstruct[m FnInfo {
  FnInfo([38;5;121mconst[m [38;5;121mchar[m *descr, FN *fn) : descr(descr), fn(fn) { }
  [38;5;121mconst[m [38;5;121mchar[m *descr;
  FN *fn;
};

[96m/** function used to register information for a complexity function */[m
[38;5;121mbool[m register_fn([38;5;121mconst[m FnInfo fnInfo);

[38;5;81m#endif[m
[94m~                                                                                                [22;1H~                                                                                                [23;1H~                                                                                                [m[24;80H1,1[11CAll"fns-compare.hh" 20L, 462C[1;1H[?25h[?25l[24;70H^[[1;1H[24;70H  [1;1H[24;70H^[[1;1H[24;70H  [1;1H[?25h[?25l[24;70H:[1;1H[24;1H[K[24;1H:[?2004h[?25h:[?25l[?25hx[?25l[?25h[?25l[?1006l[?1002l[?2004l]2;Terminal - ]1;Terminal - [23;2t[23;1t[22;2t[22;1t[23;2t[23;1t[24;1H[K[24;1H[?2004l[?1l>[?25h[?1049l[23;0;0taceylan1@g7-05:~/i240a/submit/lab1/5-auto-dependencies$ vim fns-compare.tar[K[K[K[K[K[K[K[K[K[K[K[K[K[K[KMakefile 
[?1000h[?2004h[?1049h[22;0;0t[?1h=[?2004h[1;24r[?12h[?12l[22;2t[22;1t[27m[23m[29m[m[H[2J[?25l[24;1H"Makefile" 54L, 1252C[2;1H▽[6n[2;1H  [1;1H[>c]10;?]11;?[1;1H[36mCXX [m= g++
[36mCXXFLAGS [m= -g -Wall -std=c++17

[34m#produce a list of all cc files[m
[36mCXX_FILES [m= [36m$([m[38;5;130mwildcard[m[36m *.cc)[m

[34m#produce a list of all *.o files by substituting cc in CXX_FILES with o.[m
[36mOFILES [m= [36m$(CXX_FILES:cc=o)


TARGET [m= fns-compare

[34m#default target[m
[36mall:[12C$(TARGET)

$(TARGET):[m      [36m$(OFILES)[m
[31m                [m[36m$(CXX)[m[31m [m[36m$(OFILES)[m[31m -o [m[36m$@


.phony:[m[9Cclean
[36mclean:[m
[31m                rm -rf *~ *.o [m[36m$(TARGET)[m[31m [m[36m$(DEPDIR)[m[24;80H1,1[11CTop]2;Makefile (~/i240a/submit/lab1/5-auto-dependencies) - VIM]1;Makefile[1;1H[?25hP+q436f\P+q6b75\P+q6b64\P+q6b72\P+q6b6c\P+q2332\P+q2334\P+q2569\P+q2a37\P+q6b31\[?1000l[?1006h[?1002h[?1006l[?1002l[?1006h[?1002h[27m[23m[29m[m[H[2J[?25l[1;1H[1m[96mCXX [m= g++
[1m[96mCXXFLAGS [m= -g -Wall -std=c++17

[96m#produce a list of all cc files[m
[1m[96mCXX_FILES [m= [1m[96m$([m[93mwildcard[m[1m[96m *.cc)[m

[96m#produce a list of all *.o files by substituting cc in CXX_FILES with o.[m
[1m[96mOFILES [m= [1m[96m$(CXX_FILES:cc=o)


TARGET [m= fns-compare

[96m#default target[m
[1m[96mall:[12C$(TARGET)

$(TARGET):[m      [1m[96m$(OFILES)[m
[95m                [m[1m[96m$(CXX)[m[95m [m[1m[96m$(OFILES)[m[95m -o [m[1m[96m$@


.phony:[m[9Cclean
[1m[96mclean:[m
[95m                rm -rf *~ *.o [m[1m[96m$(TARGET)[m[95m [m[1m[96m$(DEPDIR)[m[24;80H1,1[11CTop"Makefile" 54L, 1252C[1;1H[?25h[?25l[5;14H[1m[96m[46m([m[93mw[m[12C[1m[96m[46m)[m[24;80H5,28[5;28H[?25h[?25l[24;70H^M[5;28H[24;70H  [6;1H[5;14H[1m[96m([m[93mw[m[12C[1m[96m)[m[24;80H6,0-1[6;1H[?25h[?25l[24;70HH[6;1H[24;70H [1;1H[24;80H1,1  [1;1H[?25h[?25l[24;80H4,31[4;31H[?25h[?25l[24;70HI[4;31H[24;70H [4;1H[24;1H[1m-- INSERT --[m[24;13H[K[24;80H4,1[11CTop[4;1H[?25h[?25l[24;80H10,1[10;1H[?25h[?25l[24;80H4,32[4;32H[?25h[?25l[5;14H[1m[96m[46m([m[93mw[m[12C[1m[96m[46m)[m[24;80H5,29[5;29H[?25h[?25l[6;23r[6;1H[L[1;24r[24;80H[K[24;80H6,1[11CTop[5;14H[1m[96m([m[93mw[m[12C[1m[96m)]2;Makefile + (~/i240a/submit/lab1/5-auto-dependencies) - VIM]1;Makefile
[?25h[?25l[mh[24;82H2[6;2H[?25h[?25lx[24;82H3[6;3H[?25h[?25lx[24;82H4[6;4H[?25h[?25l[6;3H[K[24;82H3[6;3H[?25h[?25l[6;2H[K[24;82H2[6;2H[?25h[?25l[6;1H[K[24;82H1[6;1H[?25h[?25lH[24;82H2[6;2H[?25h[?25lX[24;82H3[6;3H[?25h[?25lX[24;82H4[6;4H[?25h[?25l_[24;82H5[6;5H[?25h[?25lF[24;82H6[6;6H[?25h[?25lI[24;82H7[6;7H[?25h[?25lL[24;82H8[6;8H[?25h[?25lE[24;82H9[6;9H[?25h[?25lS[24;82H10[6;10H[?25h[?25l[24;83H1[6;11H[?25h[?25l+[24;83H2[6;12H[?25h[?25l[6;11H[K[24;83H1[6;11H[?25h[?25l[1m[96mHXX_FILES [m=[24;83H2[6;12H[?25h[?25l[24;83H3[6;13H[?25h[?25l$[24;83H4[6;14H[?25h[?25l[1m[96m$(

#produce a list of all *.o files by substituting cc in CXX_FILES with o.[9;8H= [12;8H= fns-compare

#default target
all:            [17;11H      
                $(CXX) [9C -o [21;8H         clean

                rm -rf *~ *.o [9C [m[24;83H5[6;15H[?25h[?25l[1m[96mW[m[24;83H6[6;16H[?25h[?25l[1m[96mI[m[24;83H7[6;17H[?25h[?25l[1m[96mL[m[24;83H8[6;18H[?25h[?25l[1m[96mD[m[24;83H9[6;19H[?25h[?25l[6;18H[K[24;83H8[6;18H[?25h[?25l[6;17H[K[24;83H7[6;17H[?25h[?25l[6;16H[K[24;83H6[6;16H[?25h[?25l[6;15H[K[24;83H5[6;15H[?25h[?25l[1m[96mw[m[24;83H6[6;16H[?25h[?25l[1m[96mi[m[24;83H7[6;17H[?25h[?25l[1m[96ml[m[24;83H8[6;18H[?25h[?25l[1m[96md[m[24;83H9[6;19H[?25h[?25l[1m[96mc[m[24;82H20[6;20H[?25h[?25l[1m[96ma[m[24;83H1[6;21H[?25h[?25l[1m[96mr[m[24;83H2[6;22H[?25h[?25l[6;15H[93mwildcard[m[24;83H3[6;23H[?25h[?25l[1m[96m [m[24;83H4[6;24H[?25h[?25l[1m[96m*[m[24;83H5[6;25H[?25h[?25l[1m[96m.[m[24;83H6[6;26H[?25h[?25l[1m[96mh[m[24;83H7[6;27H[?25h[?25l[1m[96mh[m[24;83H8[6;28H[?25h[?25l[1m[96m)[m

[96m#produce a list of all *.o files by substituting cc in CXX_FILES with o.[m[9;8H= [1m[96m$(CXX_FILES:cc=o)[m[12;8H= fns-compare

[96m#default target[m[15;5H            [1m[96m$(TARGET)[m[17;11H      [1m[96m$(OFILES)[m
[95m                [m[1m[96m$(CXX)[m[95m [m[1m[96m$(OFILES)[m[95m -o [m[1m[96m$@[m[21;8H         clean

[95m                rm -rf *~ *.o [m[1m[96m$(TARGET)[m[95m [m[1m[96m$(DEPDIR)[m[6;14H[1m[96m[46m([m[93mw[m[12C[1m[96m[46m)[m[24;83H9[6;29H[?25h[?25l[7;23r[7;1H[L[1;24r[24;80H[K[24;80H7,1[11CTop[6;14H[1m[96m([m[93mw[m[12C[1m[96m)
[?25h[?25l[mS[24;82H2[7;2H[?25h[?25lR[24;82H3[7;3H[?25h[?25lC[24;82H4[7;4H[?25h[?25l[7;3H[K[24;82H3[7;3H[?25h[?25lC[24;82H4[7;4H[?25h[?25l_[24;82H5[7;5H[?25h[?25lF[24;82H6[7;6H[?25h[?25lI[24;82H7[7;7H[?25h[?25lL[24;82H8[7;8H[?25h[?25lE[24;82H9[7;9H[?25h[?25lW[24;82H10[7;10H[?25h[?25l[7;9H[K[24;82H9 [7;9H[?25h[?25l[7;8H[K[24;82H8[7;8H[?25h[?25lE[24;82H9[7;9H[?25h[?25lS[24;82H10[7;10H[?25h[?25l[24;83H1[7;11H[?25h[?25l[1m[96mSRC_FILES [m=[24;83H2[7;12H[?25h[?25l[24;83H3[7;13H[?25h[?25l&[24;83H4[7;14H[?25h[?25l[7;13H[K[24;83H3[7;13H[?25h[?25l$[24;83H4[7;14H[?25h[?25l[1m[96m$(

#produce a list of all *.o files by substituting cc in CXX_FILES with o.[10;8H= [13;8H= fns-compare

#default target
all:            [18;11H      
                $(CXX) [9C -o [22;8H         clean[m[24;83H5[7;15H[?25h[?25l[1m[96mW[m[24;83H6[7;16H[?25h[?25l[1m[96mI[m[24;83H7[7;17H[?25h[?25l[1m[96mL[m[24;83H8[7;18H[?25h[?25l[1m[96mD[m[24;83H9[7;19H[?25h[?25l[1m[96mC[m[24;82H20[7;20H[?25h[?25l[1m[96mA[m[24;83H1[7;21H[?25h[?25l[1m[96mR[m[24;83H2[7;22H[?25h[?25l[1m[96mD[m[24;83H3[7;23H[?25h[?25l[7;22H[K[24;83H2[7;22H[?25h[?25l[7;21H[K[24;83H1[7;21H[?25h[?25l[7;20H[K[24;83H0[7;20H[?25h[?25l[7;19H[K[24;82H19[7;19H[?25h[?25l[7;18H[K[24;83H8[7;18H[?25h[?25l[7;17H[K[24;83H7[7;17H[?25h[?25l[7;16H[K[24;83H6[7;16H[?25h[?25l[7;15H[K[24;83H5[7;15H[?25h[?25l[1m[96m  [m[24;83H6-17[7;17H[?25h[?25l[1m[96mC[m[24;83H7-18[7;18H[?25h[?25l[1m[96mX[m[24;83H8-19[7;19H[?25h[?25l[7;18H[K[24;83H7-18[7;18H[?25h[?25l[7;17H[K[24;83H6-17[7;17H[?25h[?25l[7;15H[K[24;83H5   [7;15H[?25h[?25l[1m[96mC[m[24;83H6[7;16H[?25h[?25l[1m[96mX[m[24;83H7[7;17H[?25h[?25l[1m[96mX[m[24;83H8[7;18H[?25h[?25l[1m[96m_[m[24;83H9[7;19H[?25h[?25l[1m[96mF[m[24;82H20[7;20H[?25h[?25l[1m[96mI[m[24;83H1[7;21H[?25h[?25l[1m[96mL[m[24;83H2[7;22H[?25h[?25l[1m[96m;[m[24;83H3[7;23H[?25h[?25l[7;22H[K[24;83H2[7;22H[?25h[?25l[1m[96mE[m[24;83H3[7;23H[?25h[?25l[1m[96mS[m[24;83H4[7;24H[?25h[?25l[1m[96m)[m

[96m#produce a list of all *.o files by substituting cc in CXX_FILES with o.[m[10;8H= [1m[96m$(CXX_FILES:cc=o)[m[13;8H= fns-compare

[96m#default target[m[16;5H            [1m[96m$(TARGET)[m[18;11H      [1m[96m$(OFILES)[m
[95m                [m[1m[96m$(CXX)[m[95m [m[1m[96m$(OFILES)[m[95m -o [m[1m[96m$@[m[22;8H         clean[7;14H[1m[96m[46m([m[1m[96mCXX_FILES[m[1m[96m[46m)[m[24;83H5[7;25H[?25h[?25l4[7;14H[1m[96m(CXX_FILES)[m4[24;83H6[7;26H[?25h[?25l([24;83H7[7;27H[?25h[?25l[7;26H[K[24;83H6[7;26H[?25h[?25l[7;25H[K[7;14H[1m[96m[46m([m[1m[96mCXX_FILES[m[1m[96m[46m)[m[24;83H5[7;25H[?25h[?25l$[7;14H[1m[96m(CXX_FILES)[m$[24;83H6[7;26H[?25h[?25l[1m[96m$(

#produce a list of all *.o files by substituting cc in CXX_FILES with o.[10;8H= [13;8H= fns-compare

#default target
all:            [18;11H      
                $(CXX) [9C -o [22;8H         clean[m[24;83H7[7;27H[?25h[?25l[1m[96mH[m[24;83H8[7;28H[?25h[?25l[1m[96mX[m[24;83H9[7;29H[?25h[?25l[1m[96mX[m[24;82H30[7;30H[?25h[?25l[1m[96m_[m[24;83H1[7;31H[?25h[?25l[1m[96mF[m[24;83H2[7;32H[?25h[?25l[1m[96mU[m[24;83H3[7;33H[?25h[?25l[7;32H[K[24;83H2[7;32H[?25h[?25l[1m[96mI[m[24;83H3[7;33H[?25h[?25l[1m[96mI[m[24;83H4[7;34H[?25h[?25l[7;33H[K[24;83H3[7;33H[?25h[?25l[1m[96mL[m[24;83H4[7;34H[?25h[?25l[1m[96mE[m[24;83H5[7;35H[?25h[?25l[1m[96mS[m[24;83H6[7;36H[?25h[?25l[1m[96m)[m

[96m#produce a list of all *.o files by substituting cc in CXX_FILES with o.[m[10;8H= [1m[96m$(CXX_FILES:cc=o)[m[13;8H= fns-compare

[96m#default target[m[16;5H            [1m[96m$(TARGET)[m[18;11H      [1m[96m$(OFILES)[m
[95m                [m[1m[96m$(CXX)[m[95m [m[1m[96m$(OFILES)[m[95m -o [m[1m[96m$@[m[22;8H         clean[7;26H[1m[96m[46m([m[1m[96mHXX_FILES[m[1m[96m[46m)[m[24;83H7[7;37H[?25h[?25l[7;26H[1m[96m(HXX_FILES)[m [24;83H8[7;38H[?25h[?25lm[24;83H9[7;39H[?25h[?25lA[24;82H40[7;40H[?25h[?25lK[24;83H1[7;41H[?25h[?25lE[24;83H2[7;42H[?25h[?25lF[24;83H3[7;43H[?25h[?25lI[24;83H4[7;44H[?25h[?25lL[24;83H5[7;45H[?25h[?25lE[24;83H6[7;46H[?25h[?25l[7;45H[K[24;83H5[7;45H[?25h[?25l[7;44H[K[24;83H4[7;44H[?25h[?25l[7;43H[K[24;83H3[7;43H[?25h[?25l[7;42H[K[24;83H2[7;42H[?25h[?25l[7;41H[K[24;83H1[7;41H[?25h[?25l[7;40H[K[24;83H0[7;40H[?25h[?25l[7;39H[K[24;82H39[7;39H[?25h[?25l[7;38H[K[24;83H8[7;38H[?25h[?25lM[24;83H9[7;39H[?25h[?25la[24;82H40[7;40H[?25h[?25lk[24;83H1[7;41H[?25h[?25le[24;83H2[7;42H[?25h[?25lf[24;83H3[7;43H[?25h[?25li[24;83H4[7;44H[?25h[?25ll[24;83H5[7;45H[?25h[?25le[24;83H6[7;46H[?25h[?25l[7;26H[1m[96m[46m([m[1m[96mHXX_FILES[m[1m[96m[46m)[m [24;82H2[7;26H[?25h[?25l[7;14H[1m[96m[46m([m[1m[96mCXX_FILES[m[1m[96m[46m)[m[1m[96m$(HXX_FILES)[m [24;83H5[7;25H[?25h[?25l [1m[96m$(HXX_FILES)[m Makefile[7;14H[1m[96m(CXX_FILES)[m [24;83H6[7;26H[?25h[?25l[1;23r[23;1H
[1;24r[23;1H[95m                rm -rf *~ *.o [m[1m[96m$(TARGET)[m[95m [m[1m[96m$(DEPDIR)[m[24;80H[K[24;80H19,1[11C3%[18;1H[?25h[?25l[1;23r[23;1H
[1;24r[24;80H[K[24;80H20,1[11C6%[18;1H[?25h[?25ld[24;83H2[18;2H[?25h[?25li[24;83H3[18;3H[?25h[?25ls[24;83H4[18;4H[?25h[?25ly[24;83H5[18;5H[?25h[?25l[18;4H[K[24;83H4[18;4H[?25h[?25lt[24;83H5[18;5H[?25h[?25l[1m[96mdist:[m[24;83H6[18;6H[?25h[?25l[1;23r[23;1H
[1;24r[18;23r[18;1H[L[1;24r[18;1H[95m        [m[24;80H[K[24;80H21,2-9[9C8%[18;9H[?25h[?25l[95mt[m[24;83H3-10[18;10H[?25h[?25l[95ma[m[24;83H4-11[18;11H[?25h[?25l[95mr[m[24;83H5-12[18;12H[?25h[?25l[95m [m[24;83H6-13[18;13H[?25h[?25l[95m-[m[24;83H7-14[18;14H[?25h[?25l[95mc[m[24;83H8-15[18;15H[?25h[?25l[95mf[m[24;83H9-16[18;16H[?25h[?25l[95m [m[24;83H10-17[18;17H[?25h[?25l[95mf[m[24;84H1-18[18;18H[?25h[?25l[95mn[m[24;84H2-19[18;19H[?25h[?25l[95ms[m[24;84H3-20[18;20H[?25h[?25l[95m-[m[24;84H4-21[18;21H[?25h[?25l[95mc[m[24;84H5-22[18;22H[?25h[?25l[95mo[m[24;84H6-23[18;23H[?25h[?25l[95mm[m[24;84H7-24[18;24H[?25h[?25l[95mp[m[24;84H8-25[18;25H[?25h[?25l[95ma[m[24;84H9-26[18;26H[?25h[?25l[95mr[m[24;83H20-27[18;27H[?25h[?25l[95me[m[24;84H1-28[18;28H[?25h[?25l[95m.[m[24;84H2-29[18;29H[?25h[?25l[95mt[m[24;84H3-30[18;30H[?25h[?25l[95ma[m[24;84H4-31[18;31H[?25h[?25l[95mr[m[24;84H5-32[18;32H[?25h[?25l[95m [m[24;84H6-33[18;33H[?25h[?25l[95m$[m[24;84H7-34[18;34H[?25h[?25l[1m[96m$([20;8H         clean

                rm -rf *~ *.o [9C [m[24;84H8-35[18;35H[?25h[?25l[1m[96mS[m[24;84H9-36[18;36H[?25h[?25l[1m[96mR[m[24;83H30-37[18;37H[?25h[?25l[1m[96mC[m[24;84H1-38[18;38H[?25h[?25l[1m[96m_[m[24;84H2-39[18;39H[?25h[?25l[1m[96mF[m[24;84H3-40[18;40H[?25h[?25l[1m[96mU[m[24;84H4-41[18;41H[?25h[?25l[18;40H[K[24;84H3-40[18;40H[?25h[?25l[1m[96mI[m[24;84H4-41[18;41H[?25h[?25l[1m[96mL[m[24;84H5-42[18;42H[?25h[?25l[1m[96mE[m[24;84H6-43[18;43H[?25h[?25l[1m[96mS[m[24;84H7-44[18;44H[?25h[?25l[1m[96m)[m[20;8H         clean

[95m                rm -rf *~ *.o [m[1m[96m$(TARGET)[m[95m [m[1m[96m$(DEPDIR)[m[18;34H[1m[96m[46m([m[1m[96mSRC_FILES[m[1m[96m[46m)[m[24;84H8-45[18;45H[?25h[24;1H[K[18;44H[?25l[24;70H^[[18;44H[24;70H  [18;45H[24;80H21,37-44[7C8%[18;44H[?25h[?25l[24;70H~@k[18;44H[24;70H   [18;44H[24;1H[1m-- INSERT --[m[24;80H[K[24;80H21,37-44[7C8%[18;44H[?25h[?25l[1;23r[23;1H
[1;24r[24;80H[K[24;80H22,1[10C11%[17;34H[1m[96m(SRC_FILES)
[?25h[?25l[m[17;34H[1m[96m[46m([m[1m[96mSRC_FILES[m[1m[96m[46m)[m[24;81H1,37-44[17;44H[?25h[?25l[17;34H[1m[96m(SRC_FILES)[m[24;81H2,1    [18;1H[?25h[?25l[1;23r[23;1H
[1;24r[18;23r[18;1H[L[1;24r[24;80H[K[24;80H23,1[10C14%[18;1H[?25h[?25l[24;81H2[17;1H[?25h[?25l[24;81H1[16;1H[?25h[?25l[24;81H2[17;1H[?25h[?25l[24;81H1[16;1H[?25h[?25l[24;81H2[17;1H[?25h[24;1H[K[17;1H[?25l[24;70H^[[17;1H[24;70H  [17;1H[24;80H22,0-1[8C14%[17;1H[?25h[?25l[24;70H:[17;1H[24;70H[K[24;1H:[?2004h[?25hX[?25l[?25h[?25l[24;1H[K[24;1HEnter encryption key:[?2004h [?25h[?25l[24;1H[K[17;1H[24;80H22,0-1[8C14%[17;1H[?25h[?25l[24;70H^[[17;1H[24;70H  [17;1H[24;70H^[[17;1H[24;70H  [17;1H[?25h[?25l[24;70H^[[17;1H[24;70H  [17;1H[24;70H^[[17;1H[24;70H  [17;1H[?25h[?25l[24;70H^I[17;1H[24;70H  [17;1H[?25h[?25l[24;70H:[17;1H[24;70H[K[24;1H:[?2004h[?25h:[?25l[?25hX[?25l[?25h[?25l[24;1H[K[24;1HEnter encryption key:[?2004h [?25h[?25l[24;1H[K[17;1H[24;80H22,0-1[8C14%[17;1H[?25h[?25l[24;70H^[[17;1H[24;70H  [17;1H[24;70H^[[17;1H[24;70H  [17;1H[?25h[?25l[24;70H:[17;1H[24;70H[K[24;1H:[?2004h[?25hX[?25l[?25h[?25l[24;2H[K[24;2H[?25hx[?25l[?25h[?25l[?1006l[?1002l[?2004l"Makefile" 58L, 1372C written]2;Terminal - ]1;Terminal - [23;2t[23;1t[22;2t[22;1t[23;2t[23;1t
[?2004l[?1l>[?25h[?1049l[23;0;0taceylan1@g7-05:~/i240a/submit/lab1/5-auto-dependencies$ mkdir [K[K[K[K[K[Kcd
aceylan1@g7-05:~$ mkdir -p [K`/tmp/fns-compare[1P`/tmp/fns-compare[C[C[C[C[C[C[C[C[C[C[C[C[C[C[C[C[C[K[K[K[K[K[K[K[K[K[K[K[K[K[K[K[K[K[K-p[K[K[K -p~/tmp/fns-compare
mkdir: invalid option -- '~'
Try 'mkdir --help' for more information.
aceylan1@g7-05:~$ mkdir -p ~/tmp/fns-coma[Kpare
aceylan1@g7-05:~$ cd ~/tmp/fns-compare
aceylan1@g7-05:~/tmp/fns-compare$ tar -xvf ~/i240a/submit/lab1/5*/fns-compare.tar
tar: /home/aceylan1/i240a/submit/lab1/5*/fns-compare.tar: Cannot open: No such file or directory
tar: Error is not recoverable: exiting now
aceylan1@g7-05:~/tmp/fns-compare$ tar- [K[K[K[K[Ktar -xvf ~/i240a/submit/lab1/5*/fns-compare.tar[C[C[C[C[C[C[C[C[C[K[K[K[K[K[K[K[K[K[K[K[K[K[K[K[K[K-auto-dependencies/ns-compare.tar [A[C[C[C[C[C[C[C[C[C[C[C[C[C[C[C[C[C[C[C[C[C[C[C[C[C[C[C[C[C[C[C[C[C[C[C[C[C[C[C[C[C[C[C[C[C[C[C[C[C[C[C[C[C[C[C[C[C[C[C[C[C[C[C[C[C[C[C[C[C[C[C[C[C[C[C[C[C[C[C[C[C[C[C[C[C[C[C[C[C[C[C[C[C[C[C[C[Kr
tar: /home/aceylan1/i240a/submit/lab1/5-auto-dependencies/ns-compare.tar: Cannot open: No such file or directory
tar: Error is not recoverable: exiting now
aceylan1@g7-05:~/tmp/fns-compare$ cd
aceylan1@g7-05:~$ cd i240a
aceylan1@g7-05:~/i240a$ cd submit
aceylan1@g7-05:~/i240a/submit$ cd lab1
aceylan1@g7-05:~/i240a/submit/lab1$ cd [K 5=[K-auto-dependencies/
aceylan1@g7-05:~/i240a/submit/lab1/5-auto-dependencies$ make dist
tar -cf fns-compare.tar linear.cc nlg.cc fact.cc lg.cc cubic.cc exponential.cc fns-compare.cc constant.cc quadratic.cc fns-compare.hh Makefile
aceylan1@g7-05:~/i240a/submit/lab1/5-auto-dependencies$ mkdir -p ~/[K[K[K[K[K[K[K[K[K[K[Kcd ~/tmp/fns-compa[Kare
aceylan1@g7-05:~/tmp/fns-compare$ tar -xvf ~/i240q[Ka/submit/lab1/5[K[K[K[K[K[K[K[K[K[K[K[K[K[K[K[K[K[K[K[K[K[K[K[K[K[K[K[K[K[Kcd ~/tmp/fns-compare[11Pmake distcd 5-auto-dependencies/lab1[Ksubmit[1Pi240a[Ktar -xvf ~/i240a/submit/lab1/5-auto-dependencies/ns-compare.tar [A[C[C[C[C[C[C[C[C[C[C[C[C[C[C[C[C[C[C[C[C[C[C[C[C[C[C[C[C[C[C[C[C[C[C[C[C[C[C[C[C[C[C[C[C[C[C[C[C[C[C[C[C[C[C[C[C[C[C[C[C[C[C[C[C[C[C[C[C[C[C[C[C[C[C[C[C[C[C[C[C[C[C[C[C[C[C[C[C[C[C[C[C[C[C[C[C[Kr
tar: /home/aceylan1/i240a/submit/lab1/5-auto-dependencies/ns-compare.tar: Cannot open: No such file or directory
tar: Error is not recoverable: exiting now
aceylan1@g7-05:~/tmp/fns-compare$ tar -xvf ~/i240a/submit/lab1/5-auto-dependencies/ns-compare.tar [A[C[C[C[C[C[C[C[C[C[C[C[C[C[C[C[C[C[C[C[C[C[C[C[C[C[C[C[C[C[C[C[C[C[C[C[C[C[C[C[C[C[C[C[C[C[C[C[C[C[C[C[C[C[C[C[C[C[C[C[C[C[C[C[C[C[C[C[C[C[C[C[C[C[C[C[C[C[C[C[C[C[C[C[C[C[C[C[C[C[C[C[C[C[C[C[Cfns-compare.tar[A[C[C[C[C[C[C[C[C[C[C[C[C[C[C[C[C[C[C[C[C[C[C[C[C[C[C[C[C[C[C[C[C[C[C[C[C[C[C[C[C[C[C[C[C[C[C[C[C[C[C[C[C[C[C[C[C[C[C[C[C[C[C[C[C[C[C[C[C[C[C[C[C[C[C[C[C[C[C[C[C[C[C[C

linear.cc
nlg.cc
fact.cc
lg.cc
cubic.cc
exponential.cc
fns-compare.cc
constant.cc
quadratic.cc
fns-compare.hh
Makefile
aceylan1@g7-05:~/tmp/fns-compare$ maker[K
g++ -MT linear.o -MMD -MP -MF .deps/linear.d -g -Wall -std=c++17 -c linear.cc
g++ -MT fact.o -MMD -MP -MF .deps/fact.d -g -Wall -std=c++17 -c fact.cc
g++ -MT nlg.o -MMD -MP -MF .deps/nlg.d -g -Wall -std=c++17 -c nlg.cc
g++ -MT cubic.o -MMD -MP -MF .deps/cubic.d -g -Wall -std=c++17 -c cubic.cc
g++ -MT exponential.o -MMD -MP -MF .deps/exponential.d -g -Wall -std=c++17 -c exponential.cc
g++ -MT fns-compare.o -MMD -MP -MF .deps/fns-compare.d -g -Wall -std=c++17 -c fns-compare.cc
g++ -MT constant.o -MMD -MP -MF .deps/constant.d -g -Wall -std=c++17 -c constant.cc
g++ -MT quadratic.o -MMD -MP -MF .deps/quadratic.d -g -Wall -std=c++17 -c quadratic.cc
g++ -MT lg.o -MMD -MP -MF .deps/lg.d -g -Wall -std=c++17 -c lg.cc
g++ linear.o fact.o nlg.o cubic.o exponential.o fns-compare.o constant.o quadratic.o lg.o -o fns-compare
aceylan1@g7-05:~/tmp/fns-compare$ cd
aceylan1@g7-05:~$ cd ~/i240a[Kqa[K[Ka
aceylan1@g7-05:~/i240a$ git branch -l
[?1h=  lab0[m[m
* [32mlab1[m[m
  master[m[m
[K[?1l>aceylan1@g7-05:~/i240a$ git merge -m
error: switch `m' requires a value
aceylan1@g7-05:~/i240a$ git [K[K[K[Kgit merge -m ''m'e'r'g'e'd' 'm'a's't'e'r'[C master
Already up to date.
aceylan1@g7-05:~/i240a$ git add su[K[K[K submiy[Kt/lab1
aceylan1@g7-05:~/i240a$ gu[Kit status -s
[32mA[m  submit/lab1/0-hello/.gitignore
[32mA[m  submit/lab1/0-hello/hello.cc
[32mA[m  submit/lab1/1-monolithic/fns-compare
[32mA[m  submit/lab1/1-monolithic/fns-compare.cc
[32mA[m  submit/lab1/2-separate-compilation/fns-compare
[32mA[m  submit/lab1/2-separate-compilation/fns-compare.cc
[32mA[m  submit/lab1/2-separate-compilation/fns-compare.hh
[32mA[m  submit/lab1/2-separate-compilation/linear.cc
[32mA[m  submit/lab1/2-separate-compilation/quadratic.cc
[32mA[m  submit/lab1/3-makefile/Makefile
[32mA[m  submit/lab1/3-makefile/constant.cc
[32mA[m  submit/lab1/3-makefile/cubic.cc
[32mA[m  submit/lab1/3-makefile/exponential.cc
[32mA[m  submit/lab1/3-makefile/fact.cc
[32mA[m  submit/